Archive member included to satisfy reference by file (symbol)

c:/st/stm32cubeide_1.12.1/stm32cubeide/plugins/com.st.stm32cube.ide.mcu.externaltools.gnu-tools-for-stm32.10.3-2021.10.win32_1.0.200.202301161003/tools/bin/../lib/gcc/arm-none-eabi/10.3.1/../../../../arm-none-eabi/lib/thumb/v7e-m+fp/hard\libc_nano.a(lib_a-errno.o)
                              ./Core/Src/syscalls.o (__errno)
c:/st/stm32cubeide_1.12.1/stm32cubeide/plugins/com.st.stm32cube.ide.mcu.externaltools.gnu-tools-for-stm32.10.3-2021.10.win32_1.0.200.202301161003/tools/bin/../lib/gcc/arm-none-eabi/10.3.1/../../../../arm-none-eabi/lib/thumb/v7e-m+fp/hard\libc_nano.a(lib_a-exit.o)
                              c:/st/stm32cubeide_1.12.1/stm32cubeide/plugins/com.st.stm32cube.ide.mcu.externaltools.gnu-tools-for-stm32.10.3-2021.10.win32_1.0.200.202301161003/tools/bin/../lib/gcc/arm-none-eabi/10.3.1/../../../../arm-none-eabi/lib/thumb/v7e-m+fp/hard/crt0.o (exit)
c:/st/stm32cubeide_1.12.1/stm32cubeide/plugins/com.st.stm32cube.ide.mcu.externaltools.gnu-tools-for-stm32.10.3-2021.10.win32_1.0.200.202301161003/tools/bin/../lib/gcc/arm-none-eabi/10.3.1/../../../../arm-none-eabi/lib/thumb/v7e-m+fp/hard\libc_nano.a(lib_a-impure.o)
                              c:/st/stm32cubeide_1.12.1/stm32cubeide/plugins/com.st.stm32cube.ide.mcu.externaltools.gnu-tools-for-stm32.10.3-2021.10.win32_1.0.200.202301161003/tools/bin/../lib/gcc/arm-none-eabi/10.3.1/../../../../arm-none-eabi/lib/thumb/v7e-m+fp/hard\libc_nano.a(lib_a-exit.o) (_global_impure_ptr)
c:/st/stm32cubeide_1.12.1/stm32cubeide/plugins/com.st.stm32cube.ide.mcu.externaltools.gnu-tools-for-stm32.10.3-2021.10.win32_1.0.200.202301161003/tools/bin/../lib/gcc/arm-none-eabi/10.3.1/../../../../arm-none-eabi/lib/thumb/v7e-m+fp/hard\libc_nano.a(lib_a-init.o)
                              c:/st/stm32cubeide_1.12.1/stm32cubeide/plugins/com.st.stm32cube.ide.mcu.externaltools.gnu-tools-for-stm32.10.3-2021.10.win32_1.0.200.202301161003/tools/bin/../lib/gcc/arm-none-eabi/10.3.1/../../../../arm-none-eabi/lib/thumb/v7e-m+fp/hard/crt0.o (__libc_init_array)
c:/st/stm32cubeide_1.12.1/stm32cubeide/plugins/com.st.stm32cube.ide.mcu.externaltools.gnu-tools-for-stm32.10.3-2021.10.win32_1.0.200.202301161003/tools/bin/../lib/gcc/arm-none-eabi/10.3.1/../../../../arm-none-eabi/lib/thumb/v7e-m+fp/hard\libc_nano.a(lib_a-itoa.o)
                              ./Core/font/Font_Processor.o (itoa)
c:/st/stm32cubeide_1.12.1/stm32cubeide/plugins/com.st.stm32cube.ide.mcu.externaltools.gnu-tools-for-stm32.10.3-2021.10.win32_1.0.200.202301161003/tools/bin/../lib/gcc/arm-none-eabi/10.3.1/../../../../arm-none-eabi/lib/thumb/v7e-m+fp/hard\libc_nano.a(lib_a-memcpy-stub.o)
                              ./Core/Src/SPI_flash.o (memcpy)
c:/st/stm32cubeide_1.12.1/stm32cubeide/plugins/com.st.stm32cube.ide.mcu.externaltools.gnu-tools-for-stm32.10.3-2021.10.win32_1.0.200.202301161003/tools/bin/../lib/gcc/arm-none-eabi/10.3.1/../../../../arm-none-eabi/lib/thumb/v7e-m+fp/hard\libc_nano.a(lib_a-memset.o)
                              c:/st/stm32cubeide_1.12.1/stm32cubeide/plugins/com.st.stm32cube.ide.mcu.externaltools.gnu-tools-for-stm32.10.3-2021.10.win32_1.0.200.202301161003/tools/bin/../lib/gcc/arm-none-eabi/10.3.1/../../../../arm-none-eabi/lib/thumb/v7e-m+fp/hard/crt0.o (memset)
c:/st/stm32cubeide_1.12.1/stm32cubeide/plugins/com.st.stm32cube.ide.mcu.externaltools.gnu-tools-for-stm32.10.3-2021.10.win32_1.0.200.202301161003/tools/bin/../lib/gcc/arm-none-eabi/10.3.1/../../../../arm-none-eabi/lib/thumb/v7e-m+fp/hard\libc_nano.a(lib_a-strlen.o)
                              ./Core/Src/fonts.o (strlen)
c:/st/stm32cubeide_1.12.1/stm32cubeide/plugins/com.st.stm32cube.ide.mcu.externaltools.gnu-tools-for-stm32.10.3-2021.10.win32_1.0.200.202301161003/tools/bin/../lib/gcc/arm-none-eabi/10.3.1/../../../../arm-none-eabi/lib/thumb/v7e-m+fp/hard\libc_nano.a(lib_a-utoa.o)
                              c:/st/stm32cubeide_1.12.1/stm32cubeide/plugins/com.st.stm32cube.ide.mcu.externaltools.gnu-tools-for-stm32.10.3-2021.10.win32_1.0.200.202301161003/tools/bin/../lib/gcc/arm-none-eabi/10.3.1/../../../../arm-none-eabi/lib/thumb/v7e-m+fp/hard\libc_nano.a(lib_a-itoa.o) (__utoa)
c:/st/stm32cubeide_1.12.1/stm32cubeide/plugins/com.st.stm32cube.ide.mcu.externaltools.gnu-tools-for-stm32.10.3-2021.10.win32_1.0.200.202301161003/tools/bin/../lib/gcc/arm-none-eabi/10.3.1/../../../../arm-none-eabi/lib/thumb/v7e-m+fp/hard\libm.a(lib_a-w_pow.o)
                              ./Core/font/Font_Processor.o (pow)
c:/st/stm32cubeide_1.12.1/stm32cubeide/plugins/com.st.stm32cube.ide.mcu.externaltools.gnu-tools-for-stm32.10.3-2021.10.win32_1.0.200.202301161003/tools/bin/../lib/gcc/arm-none-eabi/10.3.1/../../../../arm-none-eabi/lib/thumb/v7e-m+fp/hard\libm.a(lib_a-e_pow.o)
[...]
Memory Configuration

Name             Origin             Length             Attributes
CCMRAM           0x0000000010000000 0x0000000000010000 xrw
RAM              0x0000000020000000 0x0000000000030000 xrw
FLASH            0x0000000008000000 0x0000000000200000 xr
*default*        0x0000000000000000 0xffffffffffffffff

Linker script and memory map

LOAD c:/st/stm32cubeide_1.12.1/stm32cubeide/plugins/com.st.stm32cube.ide.mcu.externaltools.gnu-tools-for-stm32.10.3-2021.10.win32_1.0.200.202301161003/tools/bin/../lib/gcc/arm-none-eabi/10.3.1/thumb/v7e-m+fp/hard/crti.o
LOAD c:/st/stm32cubeide_1.12.1/stm32cubeide/plugins/com.st.stm32cube.ide.mcu.externaltools.gnu-tools-for-stm32.10.3-2021.10.win32_1.0.200.202301161003/tools/bin/../lib/gcc/arm-none-eabi/10.3.1/thumb/v7e-m+fp/hard/crtbegin.o
LOAD c:/st/stm32cubeide_1.12.1/stm32cubeide/plugins/com.st.stm32cube.ide.mcu.externaltools.gnu-tools-for-stm32.10.3-2021.10.win32_1.0.200.202301161003/tools/bin/../lib/gcc/arm-none-eabi/10.3.1/../../../../arm-none-eabi/lib/thumb/v7e-m+fp/hard/crt0.o
LOAD ./Core/Src/ADC_functions.o
LOAD ./Core/Src/MB_Slave_Lib.o
LOAD ./Core/Src/SPI_flash.o
LOAD ./Core/Src/Screens.o
LOAD ./Core/Src/fonts.o
LOAD ./Core/Src/main.o
LOAD ./Core/Src/stm32f4xx_hal_msp.o
LOAD ./Core/Src/stm32f4xx_it.o
LOAD ./Core/Src/syscalls.o
LOAD ./Core/Src/sysmem.o
LOAD ./Core/Src/system_stm32f4xx.o
LOAD ./Core/Startup/startup_stm32f429bitx.o
LOAD ./Core/font/Font_Processor.o
LOAD ./Core/font/Graphic.o
LOAD ./Core/font/TextBank.o
LOAD ./Core/font/font_RU_11x18.o
LOAD ./Core/font/font_RU_18x27.o
LOAD ./Core/font/ub_font_arial_10x15.o
LOAD ./Core/font/ub_font_arial_11x18.o
LOAD ./Core/font/ub_font_arial_13x19.o
LOAD ./Core/font/ub_font_arial_14x22.o
LOAD ./Core/font/ub_font_arial_16x25.o
LOAD ./Core/font/ub_font_arial_18x27.o
LOAD ./Core/font/ub_font_arial_7x10.o
LOAD ./Core/font/ub_font_arial_8x13.o
LOAD ./Core/font/ub_font_pArial_10.o
LOAD ./Core/font/ub_font_pArial_13.o
LOAD ./Core/font/ub_font_pArial_16.o
LOAD ./Core/font/ub_font_pArial_21.o
LOAD ./Core/font/ub_font_pComic_12.o
LOAD ./Core/font/ub_font_pComic_16.o
LOAD ./Core/font/ub_font_pComic_19.o
LOAD ./Core/font/ub_font_pTimes_12.o
LOAD ./Core/font/ub_font_pTimes_15.o
LOAD ./Core/font/ub_font_pTimes_18.o
LOAD ./Drivers/STM32F4xx_HAL_Driver/Src/stm32f4xx_hal.o
LOAD ./Drivers/STM32F4xx_HAL_Driver/Src/stm32f4xx_hal_cortex.o
LOAD ./Drivers/STM32F4xx_HAL_Driver/Src/stm32f4xx_hal_dma.o
LOAD ./Drivers/STM32F4xx_HAL_Driver/Src/stm32f4xx_hal_dma2d.o
LOAD ./Drivers/STM32F4xx_HAL_Driver/Src/stm32f4xx_hal_dma_ex.o
LOAD ./Drivers/STM32F4xx_HAL_Driver/Src/stm32f4xx_hal_dsi.o
LOAD ./Drivers/STM32F4xx_HAL_Driver/Src/stm32f4xx_hal_exti.o
LOAD ./Drivers/STM32F4xx_HAL_Driver/Src/stm32f4xx_hal_flash.o
LOAD ./Drivers/STM32F4xx_HAL_Driver/Src/stm32f4xx_hal_flash_ex.o
LOAD ./Drivers/STM32F4xx_HAL_Driver/Src/stm32f4xx_hal_flash_ramfunc.o
LOAD ./Drivers/STM32F4xx_HAL_Driver/Src/stm32f4xx_hal_gpio.o
LOAD ./Drivers/STM32F4xx_HAL_Driver/Src/stm32f4xx_hal_ltdc.o
LOAD ./Drivers/STM32F4xx_HAL_Driver/Src/stm32f4xx_hal_ltdc_ex.o
LOAD ./Drivers/STM32F4xx_HAL_Driver/Src/stm32f4xx_hal_pwr.o
LOAD ./Drivers/STM32F4xx_HAL_Driver/Src/stm32f4xx_hal_pwr_ex.o
LOAD ./Drivers/STM32F4xx_HAL_Driver/Src/stm32f4xx_hal_rcc.o
LOAD ./Drivers/STM32F4xx_HAL_Driver/Src/stm32f4xx_hal_rcc_ex.o
LOAD ./Drivers/STM32F4xx_HAL_Driver/Src/stm32f4xx_hal_sdram.o
LOAD ./Drivers/STM32F4xx_HAL_Driver/Src/stm32f4xx_hal_spi.o
LOAD ./Drivers/STM32F4xx_HAL_Driver/Src/stm32f4xx_hal_tim.o
LOAD ./Drivers/STM32F4xx_HAL_Driver/Src/stm32f4xx_hal_tim_ex.o
LOAD ./Drivers/STM32F4xx_HAL_Driver/Src/stm32f4xx_hal_uart.o
LOAD ./Drivers/STM32F4xx_HAL_Driver/Src/stm32f4xx_ll_fmc.o
START GROUP
LOAD c:/st/stm32cubeide_1.12.1/stm32cubeide/plugins/com.st.stm32cube.ide.mcu.externaltools.gnu-tools-for-stm32.10.3-2021.10.win32_1.0.200.202301161003/tools/bin/../lib/gcc/arm-none-eabi/10.3.1/../../../../arm-none-eabi/lib/thumb/v7e-m+fp/hard\libc_nano.a
LOAD c:/st/stm32cubeide_1.12.1/stm32cubeide/plugins/com.st.stm32cube.ide.mcu.externaltools.gnu-tools-for-stm32.10.3-2021.10.win32_1.0.200.202301161003/tools/bin/../lib/gcc/arm-none-eabi/10.3.1/../../../../arm-none-eabi/lib/thumb/v7e-m+fp/hard\libm.a
END GROUP
START GROUP
LOAD c:/st/stm32cubeide_1.12.1/stm32cubeide/plugins/com.st.stm32cube.ide.mcu.externaltools.gnu-tools-for-stm32.10.3-2021.10.win32_1.0.200.202301161003/tools/bin/../lib/gcc/arm-none-eabi/10.3.1/thumb/v7e-m+fp/hard\libgcc.a
LOAD c:/st/stm32cubeide_1.12.1/stm32cubeide/plugins/com.st.stm32cube.ide.mcu.externaltools.gnu-tools-for-stm32.10.3-2021.10.win32_1.0.200.202301161003/tools/bin/../lib/gcc/arm-none-eabi/10.3.1/../../../../arm-none-eabi/lib/thumb/v7e-m+fp/hard\libc_nano.a
END GROUP
START GROUP
LOAD c:/st/stm32cubeide_1.12.1/stm32cubeide/plugins/com.st.stm32cube.ide.mcu.externaltools.gnu-tools-for-stm32.10.3-2021.10.win32_1.0.200.202301161003/tools/bin/../lib/gcc/arm-none-eabi/10.3.1/thumb/v7e-m+fp/hard\libgcc.a
LOAD c:/st/stm32cubeide_1.12.1/stm32cubeide/plugins/com.st.stm32cube.ide.mcu.externaltools.gnu-tools-for-stm32.10.3-2021.10.win32_1.0.200.202301161003/tools/bin/../lib/gcc/arm-none-eabi/10.3.1/../../../../arm-none-eabi/lib/thumb/v7e-m+fp/hard\libc_nano.a
LOAD c:/st/stm32cubeide_1.12.1/stm32cubeide/plugins/com.st.stm32cube.ide.mcu.externaltools.gnu-tools-for-stm32.10.3-2021.10.win32_1.0.200.202301161003/tools/bin/../lib/gcc/arm-none-eabi/10.3.1/../../../../arm-none-eabi/lib/thumb/v7e-m+fp/hard\libnosys.a
END GROUP
START GROUP
LOAD c:/st/stm32cubeide_1.12.1/stm32cubeide/plugins/com.st.stm32cube.ide.mcu.externaltools.gnu-tools-for-stm32.10.3-2021.10.win32_1.0.200.202301161003/tools/bin/../lib/gcc/arm-none-eabi/10.3.1/thumb/v7e-m+fp/hard\libgcc.a
LOAD c:/st/stm32cubeide_1.12.1/stm32cubeide/plugins/com.st.stm32cube.ide.mcu.externaltools.gnu-tools-for-stm32.10.3-2021.10.win32_1.0.200.202301161003/tools/bin/../lib/gcc/arm-none-eabi/10.3.1/../../../../arm-none-eabi/lib/thumb/v7e-m+fp/hard\libc_nano.a
LOAD c:/st/stm32cubeide_1.12.1/stm32cubeide/plugins/com.st.stm32cube.ide.mcu.externaltools.gnu-tools-for-stm32.10.3-2021.10.win32_1.0.200.202301161003/tools/bin/../lib/gcc/arm-none-eabi/10.3.1/../../../../arm-none-eabi/lib/thumb/v7e-m+fp/hard\libnosys.a
END GROUP
LOAD c:/st/stm32cubeide_1.12.1/stm32cubeide/plugins/com.st.stm32cube.ide.mcu.externaltools.gnu-tools-for-stm32.10.3-2021.10.win32_1.0.200.202301161003/tools/bin/../lib/gcc/arm-none-eabi/10.3.1/thumb/v7e-m+fp/hard/crtend.o
LOAD c:/st/stm32cubeide_1.12.1/stm32cubeide/plugins/com.st.stm32cube.ide.mcu.externaltools.gnu-tools-for-stm32.10.3-2021.10.win32_1.0.200.202301161003/tools/bin/../lib/gcc/arm-none-eabi/10.3.1/thumb/v7e-m+fp/hard/crtn.o
                0x0000000020030000                _estack = (ORIGIN (RAM) + LENGTH (RAM))
                0x0000000000000200                _Min_Heap_Size = 0x200
                0x0000000000000400                _Min_Stack_Size = 0x400

.isr_vector     0x0000000008000000      0x1ac
                0x0000000008000000                . = ALIGN (0x4)
 *(.isr_vector)
 .isr_vector    0x0000000008000000      0x1ac ./Core/Startup/startup_stm32f429bitx.o
                0x0000000008000000                g_pfnVectors
                0x00000000080001ac                . = ALIGN (0x4)

.text           0x00000000080001b0     0xb714
                0x00000000080001b0                . = ALIGN (0x4)
 *(.text)
 .text          0x00000000080001b0       0x40 c:/st/stm32cubeide_1.12.1/stm32cubeide/plugins/com.st.stm32cube.ide.mcu.externaltools.gnu-tools-for-stm32.10.3-2021.10.win32_1.0.200.202301161003/tools/bin/../lib/gcc/arm-none-eabi/10.3.1/thumb/v7e-m+fp/hard/crtbegin.o
 .text          0x00000000080001f0      0x378 c:/st/stm32cubeide_1.12.1/stm32cubeide/plugins/com.st.stm32cube.ide.mcu.externaltools.gnu-tools-for-stm32.10.3-2021.10.win32_1.0.200.202301161003/tools/bin/../lib/gcc/arm-none-eabi/10.3.1/thumb/v7e-m+fp/hard\libgcc.a(_arm_addsubdf3.o)
                0x00000000080001f0                __aeabi_drsub
                0x00000000080001f8                __aeabi_dsub
                0x00000000080001f8                __subdf3
                0x00000000080001fc                __aeabi_dadd
                0x00000000080001fc                __adddf3
                0x0000000008000474                __floatunsidf
                0x0000000008000474                __aeabi_ui2d
                0x0000000008000494                __floatsidf
                0x0000000008000494                __aeabi_i2d
                0x00000000080004b8                __aeabi_f2d
                0x00000000080004b8                __extendsfdf2
                0x00000000080004fc                __floatundidf
                0x00000000080004fc                __aeabi_ul2d
                0x000000000800050c                __floatdidf
                0x000000000800050c                __aeabi_l2d
 .text          0x0000000008000568      0x424 c:/st/stm32cubeide_1.12.1/stm32cubeide/plugins/com.st.stm32cube.ide.mcu.externaltools.gnu-tools-for-stm32.10.3-2021.10.win32_1.0.200.202301161003/tools/bin/../lib/gcc/arm-none-eabi/10.3.1/thumb/v7e-m+fp/hard\libgcc.a(_arm_muldivdf3.o)
                0x0000000008000568                __aeabi_dmul
                0x0000000008000568                __muldf3
                0x00000000080007bc                __divdf3
                0x00000000080007bc                __aeabi_ddiv
 .text          0x000000000800098c      0x110 c:/st/stm32cubeide_1.12.1/stm32cubeide/plugins/com.st.stm32cube.ide.mcu.externaltools.gnu-tools-for-stm32.10.3-2021.10.win32_1.0.200.202301161003/tools/bin/../lib/gcc/arm-none-eabi/10.3.1/thumb/v7e-m+fp/hard\libgcc.a(_arm_cmpdf2.o)
                0x000000000800098c                __gtdf2
                0x000000000800098c                __gedf2
                0x0000000008000994                __ltdf2
                0x0000000008000994                __ledf2
                0x000000000800099c                __nedf2
                0x000000000800099c                __eqdf2
                0x000000000800099c                __cmpdf2
                0x0000000008000a18                __aeabi_cdrcmple
                0x0000000008000a28                __aeabi_cdcmpeq
                0x0000000008000a28                __aeabi_cdcmple
                0x0000000008000a38                __aeabi_dcmpeq
                0x0000000008000a4c                __aeabi_dcmplt
                0x0000000008000a60                __aeabi_dcmple
                0x0000000008000a74                __aeabi_dcmpge
                0x0000000008000a88                __aeabi_dcmpgt
 .text          0x0000000008000a9c       0x2c c:/st/stm32cubeide_1.12.1/stm32cubeide/plugins/com.st.stm32cube.ide.mcu.externaltools.gnu-tools-for-stm32.10.3-2021.10.win32_1.0.200.202301161003/tools/bin/../lib/gcc/arm-none-eabi/10.3.1/thumb/v7e-m+fp/hard\libgcc.a(_arm_unorddf2.o)
                0x0000000008000a9c                __unorddf2
                0x0000000008000a9c                __aeabi_dcmpun
 .text          0x0000000008000ac8       0x50 c:/st/stm32cubeide_1.12.1/stm32cubeide/plugins/com.st.stm32cube.ide.mcu.externaltools.gnu-tools-for-stm32.10.3-2021.10.win32_1.0.200.202301161003/tools/bin/../lib/gcc/arm-none-eabi/10.3.1/thumb/v7e-m+fp/hard\libgcc.a(_arm_fixdfsi.o)
                0x0000000008000ac8                __aeabi_d2iz
                0x0000000008000ac8                __fixdfsi
 .text          0x0000000008000b18       0x30 c:/st/stm32cubeide_1.12.1/stm32cubeide/plugins/com.st.stm32cube.ide.mcu.externaltools.gnu-tools-for-stm32.10.3-2021.10.win32_1.0.200.202301161003/tools/bin/../lib/gcc/arm-none-eabi/10.3.1/thumb/v7e-m+fp/hard\libgcc.a(_aeabi_uldivmod.o)
                0x0000000008000b18                __aeabi_uldivmod
 .text          0x0000000008000b48      0x2d0 c:/st/stm32cubeide_1.12.1/stm32cubeide/plugins/com.st.stm32cube.ide.mcu.externaltools.gnu-tools-for-stm32.10.3-2021.10.win32_1.0.200.202301161003/tools/bin/../lib/gcc/arm-none-eabi/10.3.1/thumb/v7e-m+fp/hard\libgcc.a(_udivmoddi4.o)
                0x0000000008000b48                __udivmoddi4
 .text          0x0000000008000e18        0x4 c:/st/stm32cubeide_1.12.1/stm32cubeide/plugins/com.st.stm32cube.ide.mcu.externaltools.gnu-tools-for-stm32.10.3-2021.10.win32_1.0.200.202301161003/tools/bin/../lib/gcc/arm-none-eabi/10.3.1/thumb/v7e-m+fp/hard\libgcc.a(_dvmd_tls.o)
                0x0000000008000e18                __aeabi_idiv0
                0x0000000008000e18                __aeabi_ldiv0
 *(.text*)
 .text.CRC_16_Modbus
                0x0000000008000e1c       0xf4 ./Core/Src/MB_Slave_Lib.o
                0x0000000008000e1c                CRC_16_Modbus
 .text.Slave_PORT_Processor
                0x0000000008000f10       0xf4 ./Core/Src/MB_Slave_Lib.o
                0x0000000008000f10                Slave_PORT_Processor
 .text.Slave_Processor
                0x0000000008001004      0x8f4 ./Core/Src/MB_Slave_Lib.o
                0x0000000008001004                Slave_Processor
 .text.Slave_Clock_1ms
                0x00000000080018f8       0x4c ./Core/Src/MB_Slave_Lib.o
                0x00000000080018f8                Slave_Clock_1ms
 .text.Screens_init
                0x0000000008001944      0xa40 ./Core/Src/Screens.o
                0x0000000008001944                Screens_init
 .text.Set_Screen
                0x0000000008002384     0x1034 ./Core/Src/Screens.o
                0x0000000008002384                Set_Screen
 .text.main     0x00000000080033b8      0x234 ./Core/Src/main.o
                0x00000000080033b8                main
 .text.SystemClock_Config
                0x00000000080035ec       0xe0 ./Core/Src/main.o
                0x00000000080035ec                SystemClock_Config
 .text.MX_DMA2D_Init
                0x00000000080036cc       0x64 ./Core/Src/main.o
 .text.MX_LTDC_Init
                0x0000000008003730      0x104 ./Core/Src/main.o
 .text.MX_SPI1_Init
                0x0000000008003834       0x6c ./Core/Src/main.o
 .text.MX_TIM4_Init
                0x00000000080038a0      0x104 ./Core/Src/main.o
 .text.MX_TIM5_Init
                0x00000000080039a4       0x9c ./Core/Src/main.o
 .text.MX_UART7_Init
                0x0000000008003a40       0xb4 ./Core/Src/main.o
 .text.MX_FMC_Init
                0x0000000008003af4       0xa4 ./Core/Src/main.o
 .text.MX_GPIO_Init
                0x0000000008003b98      0x24c ./Core/Src/main.o
 .text.BSP_SDRAM_Initialization_Sequence
                0x0000000008003de4       0xbc ./Core/Src/main.o
                0x0000000008003de4                BSP_SDRAM_Initialization_Sequence
 .text.Error_Handler
                0x0000000008003ea0        0xa ./Core/Src/main.o
                0x0000000008003ea0                Error_Handler
 *fill*         0x0000000008003eaa        0x2 
 .text.HAL_MspInit
                0x0000000008003eac       0x50 ./Core/Src/stm32f4xx_hal_msp.o
                0x0000000008003eac                HAL_MspInit
 .text.HAL_DMA2D_MspInit
                0x0000000008003efc       0x44 ./Core/Src/stm32f4xx_hal_msp.o
                0x0000000008003efc                HAL_DMA2D_MspInit
 .text.HAL_LTDC_MspInit
                0x0000000008003f40      0x1ec ./Core/Src/stm32f4xx_hal_msp.o
                0x0000000008003f40                HAL_LTDC_MspInit
 .text.HAL_SPI_MspInit
                0x000000000800412c       0x90 ./Core/Src/stm32f4xx_hal_msp.o
                0x000000000800412c                HAL_SPI_MspInit
 .text.HAL_TIM_Base_MspInit
                0x00000000080041bc       0x7c ./Core/Src/stm32f4xx_hal_msp.o
                0x00000000080041bc                HAL_TIM_Base_MspInit
 .text.HAL_TIM_MspPostInit
                0x0000000008004238       0x74 ./Core/Src/stm32f4xx_hal_msp.o
                0x0000000008004238                HAL_TIM_MspPostInit
 .text.HAL_UART_MspInit
                0x00000000080042ac       0xa0 ./Core/Src/stm32f4xx_hal_msp.o
                0x00000000080042ac                HAL_UART_MspInit
 .text.HAL_FMC_MspInit
                0x000000000800434c      0x104 ./Core/Src/stm32f4xx_hal_msp.o
 .text.HAL_SDRAM_MspInit
                0x0000000008004450       0x14 ./Core/Src/stm32f4xx_hal_msp.o
                0x0000000008004450                HAL_SDRAM_MspInit
 .text.NMI_Handler
                0x0000000008004464        0x6 ./Core/Src/stm32f4xx_it.o
                0x0000000008004464                NMI_Handler
 .text.HardFault_Handler
                0x000000000800446a        0x6 ./Core/Src/stm32f4xx_it.o
                0x000000000800446a                HardFault_Handler
 .text.MemManage_Handler
                0x0000000008004470        0x6 ./Core/Src/stm32f4xx_it.o
                0x0000000008004470                MemManage_Handler
 .text.BusFault_Handler
                0x0000000008004476        0x6 ./Core/Src/stm32f4xx_it.o
                0x0000000008004476                BusFault_Handler
 .text.UsageFault_Handler
                0x000000000800447c        0x6 ./Core/Src/stm32f4xx_it.o
                0x000000000800447c                UsageFault_Handler
 .text.SVC_Handler
                0x0000000008004482        0xe ./Core/Src/stm32f4xx_it.o
                0x0000000008004482                SVC_Handler
 .text.DebugMon_Handler
                0x0000000008004490        0xe ./Core/Src/stm32f4xx_it.o
                0x0000000008004490                DebugMon_Handler
 .text.PendSV_Handler
                0x000000000800449e        0xe ./Core/Src/stm32f4xx_it.o
                0x000000000800449e                PendSV_Handler
 .text.SysTick_Handler
                0x00000000080044ac      0x12c ./Core/Src/stm32f4xx_it.o
                0x00000000080044ac                SysTick_Handler
 .text.TIM5_IRQHandler
                0x00000000080045d8       0x2c ./Core/Src/stm32f4xx_it.o
                0x00000000080045d8                TIM5_IRQHandler
 .text.UART7_IRQHandler
                0x0000000008004604       0x24 ./Core/Src/stm32f4xx_it.o
                0x0000000008004604                UART7_IRQHandler
 .text.KeyboardWork
                0x0000000008004628      0x34c ./Core/Src/stm32f4xx_it.o
                0x0000000008004628                KeyboardWork
 .text.KeyboardCheck
                0x0000000008004974      0x468 ./Core/Src/stm32f4xx_it.o
                0x0000000008004974                KeyboardCheck
 .text.KeyboardClear
                0x0000000008004ddc       0x74 ./Core/Src/stm32f4xx_it.o
                0x0000000008004ddc                KeyboardClear
 .text.SystemInit
                0x0000000008004e50       0x24 ./Core/Src/system_stm32f4xx.o
                0x0000000008004e50                SystemInit
 .text.Reset_Handler
                0x0000000008004e74       0x50 ./Core/Startup/startup_stm32f429bitx.o
                0x0000000008004e74                Reset_Handler
 .text.Default_Handler
                0x0000000008004ec4        0x2 ./Core/Startup/startup_stm32f429bitx.o
                0x0000000008004ec4                RTC_Alarm_IRQHandler
                0x0000000008004ec4                HASH_RNG_IRQHandler
                0x0000000008004ec4                EXTI2_IRQHandler
                0x0000000008004ec4                TIM8_CC_IRQHandler
                0x0000000008004ec4                UART8_IRQHandler
                0x0000000008004ec4                SPI4_IRQHandler
                0x0000000008004ec4                TIM1_CC_IRQHandler
                0x0000000008004ec4                DMA2_Stream5_IRQHandler
                0x0000000008004ec4                DMA1_Stream5_IRQHandler
                0x0000000008004ec4                PVD_IRQHandler
                0x0000000008004ec4                SDIO_IRQHandler
                0x0000000008004ec4                TAMP_STAMP_IRQHandler
                0x0000000008004ec4                CAN2_RX1_IRQHandler
                0x0000000008004ec4                EXTI3_IRQHandler
                0x0000000008004ec4                TIM8_TRG_COM_TIM14_IRQHandler
                0x0000000008004ec4                TIM1_UP_TIM10_IRQHandler
                0x0000000008004ec4                TIM8_UP_TIM13_IRQHandler
                0x0000000008004ec4                I2C3_ER_IRQHandler
                0x0000000008004ec4                EXTI0_IRQHandler
                0x0000000008004ec4                I2C2_EV_IRQHandler
                0x0000000008004ec4                DMA1_Stream2_IRQHandler
                0x0000000008004ec4                CAN1_RX0_IRQHandler
                0x0000000008004ec4                FPU_IRQHandler
                0x0000000008004ec4                OTG_HS_WKUP_IRQHandler
                0x0000000008004ec4                LTDC_ER_IRQHandler
                0x0000000008004ec4                CAN2_SCE_IRQHandler
                0x0000000008004ec4                DMA2_Stream2_IRQHandler
                0x0000000008004ec4                SPI1_IRQHandler
                0x0000000008004ec4                TIM6_DAC_IRQHandler
                0x0000000008004ec4                TIM1_BRK_TIM9_IRQHandler
                0x0000000008004ec4                DCMI_IRQHandler
                0x0000000008004ec4                CAN2_RX0_IRQHandler
                0x0000000008004ec4                DMA2_Stream3_IRQHandler
                0x0000000008004ec4                USART6_IRQHandler
                0x0000000008004ec4                USART3_IRQHandler
                0x0000000008004ec4                CAN1_RX1_IRQHandler
                0x0000000008004ec4                UART5_IRQHandler
                0x0000000008004ec4                DMA2_Stream0_IRQHandler
                0x0000000008004ec4                TIM4_IRQHandler
                0x0000000008004ec4                I2C1_EV_IRQHandler
                0x0000000008004ec4                DMA1_Stream6_IRQHandler
                0x0000000008004ec4                DMA1_Stream1_IRQHandler
                0x0000000008004ec4                UART4_IRQHandler
                0x0000000008004ec4                TIM3_IRQHandler
                0x0000000008004ec4                RCC_IRQHandler
                0x0000000008004ec4                TIM8_BRK_TIM12_IRQHandler
                0x0000000008004ec4                Default_Handler
                0x0000000008004ec4                EXTI15_10_IRQHandler
                0x0000000008004ec4                ADC_IRQHandler
                0x0000000008004ec4                DMA1_Stream7_IRQHandler
                0x0000000008004ec4                SPI5_IRQHandler
                0x0000000008004ec4                TIM7_IRQHandler
                0x0000000008004ec4                CAN2_TX_IRQHandler
                0x0000000008004ec4                DMA2_Stream7_IRQHandler
                0x0000000008004ec4                I2C3_EV_IRQHandler
                0x0000000008004ec4                EXTI9_5_IRQHandler
                0x0000000008004ec4                RTC_WKUP_IRQHandler
                0x0000000008004ec4                LTDC_IRQHandler
                0x0000000008004ec4                ETH_WKUP_IRQHandler
                0x0000000008004ec4                SPI2_IRQHandler
                0x0000000008004ec4                OTG_HS_EP1_IN_IRQHandler
                0x0000000008004ec4                DMA1_Stream0_IRQHandler
                0x0000000008004ec4                CAN1_TX_IRQHandler
                0x0000000008004ec4                EXTI4_IRQHandler
                0x0000000008004ec4                ETH_IRQHandler
                0x0000000008004ec4                OTG_HS_EP1_OUT_IRQHandler
                0x0000000008004ec4                WWDG_IRQHandler
                0x0000000008004ec4                SPI6_IRQHandler
                0x0000000008004ec4                TIM2_IRQHandler
                0x0000000008004ec4                OTG_FS_WKUP_IRQHandler
                0x0000000008004ec4                TIM1_TRG_COM_TIM11_IRQHandler
                0x0000000008004ec4                OTG_HS_IRQHandler
                0x0000000008004ec4                DMA2D_IRQHandler
                0x0000000008004ec4                EXTI1_IRQHandler
                0x0000000008004ec4                USART2_IRQHandler
                0x0000000008004ec4                I2C2_ER_IRQHandler
                0x0000000008004ec4                DMA2_Stream1_IRQHandler
                0x0000000008004ec4                CAN1_SCE_IRQHandler
                0x0000000008004ec4                FLASH_IRQHandler
                0x0000000008004ec4                DMA2_Stream4_IRQHandler
                0x0000000008004ec4                USART1_IRQHandler
                0x0000000008004ec4                OTG_FS_IRQHandler
                0x0000000008004ec4                SPI3_IRQHandler
                0x0000000008004ec4                DMA1_Stream4_IRQHandler
                0x0000000008004ec4                I2C1_ER_IRQHandler
                0x0000000008004ec4                FMC_IRQHandler
                0x0000000008004ec4                DMA2_Stream6_IRQHandler
                0x0000000008004ec4                SAI1_IRQHandler
                0x0000000008004ec4                DMA1_Stream3_IRQHandler
 .text.DrawChar_16
                0x0000000008004ec6       0xc6 ./Core/font/Font_Processor.o
                0x0000000008004ec6                DrawChar_16
 .text.DrawChar_32
                0x0000000008004f8c       0xcc ./Core/font/Font_Processor.o
                0x0000000008004f8c                DrawChar_32
 .text.DrawString_16
                0x0000000008005058       0x9c ./Core/font/Font_Processor.o
                0x0000000008005058                DrawString_16
 .text.Centred_DrawString_16
                0x00000000080050f4       0x74 ./Core/font/Font_Processor.o
                0x00000000080050f4                Centred_DrawString_16
 .text.Short_Left_Colored_RU_DrawString_32
                0x0000000008005168       0x60 ./Core/font/Font_Processor.o
                0x0000000008005168                Short_Left_Colored_RU_DrawString_32
 .text.RU_DrawString_32
                0x00000000080051c8      0x168 ./Core/font/Font_Processor.o
                0x00000000080051c8                RU_DrawString_32
 .text.Centred_RU_DrawString_32
                0x0000000008005330       0x74 ./Core/font/Font_Processor.o
                0x0000000008005330                Centred_RU_DrawString_32
 .text.Short_Centred_RU_DrawString_32
                0x00000000080053a4       0x58 ./Core/font/Font_Processor.o
                0x00000000080053a4                Short_Centred_RU_DrawString_32
 .text.Centred_DrawNumber_16
                0x00000000080053fc      0x448 ./Core/font/Font_Processor.o
                0x00000000080053fc                Centred_DrawNumber_16
 .text.Centred_DrawNumber_16_32bit
                0x0000000008005844      0x460 ./Core/font/Font_Processor.o
                0x0000000008005844                Centred_DrawNumber_16_32bit
 .text.Centred_DrawNumber_16_32bit_controled
                0x0000000008005ca4      0x504 ./Core/font/Font_Processor.o
                0x0000000008005ca4                Centred_DrawNumber_16_32bit_controled
 .text.Short_Centred_DrawNumber_16
                0x00000000080061a8       0x78 ./Core/font/Font_Processor.o
                0x00000000080061a8                Short_Centred_DrawNumber_16
 .text.NumberChange
                0x0000000008006220      0x1e0 ./Core/font/Font_Processor.o
                0x0000000008006220                NumberChange
 .text.Zaliv    0x0000000008006400       0x58 ./Core/font/Graphic.o
                0x0000000008006400                Zaliv
 .text.Draw_Rectangle
                0x0000000008006458       0x7e ./Core/font/Graphic.o
                0x0000000008006458                Draw_Rectangle
 *fill*         0x00000000080064d6        0x2 
 .text.HAL_Init
                0x00000000080064d8       0x44 ./Drivers/STM32F4xx_HAL_Driver/Src/stm32f4xx_hal.o
                0x00000000080064d8                HAL_Init
 .text.HAL_InitTick
                0x000000000800651c       0x60 ./Drivers/STM32F4xx_HAL_Driver/Src/stm32f4xx_hal.o
                0x000000000800651c                HAL_InitTick
 .text.HAL_IncTick
                0x000000000800657c       0x28 ./Drivers/STM32F4xx_HAL_Driver/Src/stm32f4xx_hal.o
                0x000000000800657c                HAL_IncTick
 .text.HAL_GetTick
                0x00000000080065a4       0x18 ./Drivers/STM32F4xx_HAL_Driver/Src/stm32f4xx_hal.o
                0x00000000080065a4                HAL_GetTick
 .text.HAL_Delay
                0x00000000080065bc       0x48 ./Drivers/STM32F4xx_HAL_Driver/Src/stm32f4xx_hal.o
                0x00000000080065bc                HAL_Delay
 .text.__NVIC_SetPriorityGrouping
                0x0000000008006604       0x48 ./Drivers/STM32F4xx_HAL_Driver/Src/stm32f4xx_hal_cortex.o
 .text.__NVIC_GetPriorityGrouping
                0x000000000800664c       0x1c ./Drivers/STM32F4xx_HAL_Driver/Src/stm32f4xx_hal_cortex.o
 .text.__NVIC_EnableIRQ
                0x0000000008006668       0x3c ./Drivers/STM32F4xx_HAL_Driver/Src/stm32f4xx_hal_cortex.o
 .text.__NVIC_SetPriority
                0x00000000080066a4       0x54 ./Drivers/STM32F4xx_HAL_Driver/Src/stm32f4xx_hal_cortex.o
 .text.NVIC_EncodePriority
                0x00000000080066f8       0x66 ./Drivers/STM32F4xx_HAL_Driver/Src/stm32f4xx_hal_cortex.o
 *fill*         0x000000000800675e        0x2 
 .text.SysTick_Config
                0x0000000008006760       0x44 ./Drivers/STM32F4xx_HAL_Driver/Src/stm32f4xx_hal_cortex.o
 .text.HAL_NVIC_SetPriorityGrouping
                0x00000000080067a4       0x16 ./Drivers/STM32F4xx_HAL_Driver/Src/stm32f4xx_hal_cortex.o
                0x00000000080067a4                HAL_NVIC_SetPriorityGrouping
 .text.HAL_NVIC_SetPriority
                0x00000000080067ba       0x38 ./Drivers/STM32F4xx_HAL_Driver/Src/stm32f4xx_hal_cortex.o
                0x00000000080067ba                HAL_NVIC_SetPriority
 .text.HAL_NVIC_EnableIRQ
                0x00000000080067f2       0x1c ./Drivers/STM32F4xx_HAL_Driver/Src/stm32f4xx_hal_cortex.o
                0x00000000080067f2                HAL_NVIC_EnableIRQ
 .text.HAL_SYSTICK_Config
                0x000000000800680e       0x18 ./Drivers/STM32F4xx_HAL_Driver/Src/stm32f4xx_hal_cortex.o
                0x000000000800680e                HAL_SYSTICK_Config
 .text.HAL_DMA_Abort
                0x0000000008006826       0xe0 ./Drivers/STM32F4xx_HAL_Driver/Src/stm32f4xx_hal_dma.o
                0x0000000008006826                HAL_DMA_Abort
 .text.HAL_DMA_Abort_IT
                0x0000000008006906       0x44 ./Drivers/STM32F4xx_HAL_Driver/Src/stm32f4xx_hal_dma.o
                0x0000000008006906                HAL_DMA_Abort_IT
 .text.HAL_DMA2D_Init
                0x000000000800694a       0x92 ./Drivers/STM32F4xx_HAL_Driver/Src/stm32f4xx_hal_dma2d.o
                0x000000000800694a                HAL_DMA2D_Init
 .text.HAL_DMA2D_ConfigLayer
                0x00000000080069dc      0x124 ./Drivers/STM32F4xx_HAL_Driver/Src/stm32f4xx_hal_dma2d.o
                0x00000000080069dc                HAL_DMA2D_ConfigLayer
 .text.HAL_DMA2D_EnableDeadTime
                0x0000000008006b00       0x54 ./Drivers/STM32F4xx_HAL_Driver/Src/stm32f4xx_hal_dma2d.o
                0x0000000008006b00                HAL_DMA2D_EnableDeadTime
 .text.HAL_DMA2D_ConfigDeadTime
                0x0000000008006b54       0x5e ./Drivers/STM32F4xx_HAL_Driver/Src/stm32f4xx_hal_dma2d.o
                0x0000000008006b54                HAL_DMA2D_ConfigDeadTime
 *fill*         0x0000000008006bb2        0x2 
 .text.HAL_FLASH_Program
                0x0000000008006bb4       0xa8 ./Drivers/STM32F4xx_HAL_Driver/Src/stm32f4xx_hal_flash.o
                0x0000000008006bb4                HAL_FLASH_Program
 .text.HAL_FLASH_Unlock
                0x0000000008006c5c       0x44 ./Drivers/STM32F4xx_HAL_Driver/Src/stm32f4xx_hal_flash.o
                0x0000000008006c5c                HAL_FLASH_Unlock
 .text.HAL_FLASH_Lock
                0x0000000008006ca0       0x20 ./Drivers/STM32F4xx_HAL_Driver/Src/stm32f4xx_hal_flash.o
                0x0000000008006ca0                HAL_FLASH_Lock
 .text.FLASH_WaitForLastOperation
                0x0000000008006cc0       0x80 ./Drivers/STM32F4xx_HAL_Driver/Src/stm32f4xx_hal_flash.o
                0x0000000008006cc0                FLASH_WaitForLastOperation
 .text.FLASH_Program_DoubleWord
                0x0000000008006d40       0x64 ./Drivers/STM32F4xx_HAL_Driver/Src/stm32f4xx_hal_flash.o
 .text.FLASH_Program_Word
                0x0000000008006da4       0x44 ./Drivers/STM32F4xx_HAL_Driver/Src/stm32f4xx_hal_flash.o
 .text.FLASH_Program_HalfWord
                0x0000000008006de8       0x48 ./Drivers/STM32F4xx_HAL_Driver/Src/stm32f4xx_hal_flash.o
 .text.FLASH_Program_Byte
                0x0000000008006e30       0x44 ./Drivers/STM32F4xx_HAL_Driver/Src/stm32f4xx_hal_flash.o
 .text.FLASH_SetErrorCode
                0x0000000008006e74       0xcc ./Drivers/STM32F4xx_HAL_Driver/Src/stm32f4xx_hal_flash.o
 .text.FLASH_Erase_Sector
                0x0000000008006f40       0x9c ./Drivers/STM32F4xx_HAL_Driver/Src/stm32f4xx_hal_flash_ex.o
                0x0000000008006f40                FLASH_Erase_Sector
 .text.HAL_GPIO_Init
                0x0000000008006fdc      0x358 ./Drivers/STM32F4xx_HAL_Driver/Src/stm32f4xx_hal_gpio.o
                0x0000000008006fdc                HAL_GPIO_Init
 .text.HAL_GPIO_ReadPin
                0x0000000008007334       0x30 ./Drivers/STM32F4xx_HAL_Driver/Src/stm32f4xx_hal_gpio.o
                0x0000000008007334                HAL_GPIO_ReadPin
 .text.HAL_GPIO_WritePin
                0x0000000008007364       0x32 ./Drivers/STM32F4xx_HAL_Driver/Src/stm32f4xx_hal_gpio.o
                0x0000000008007364                HAL_GPIO_WritePin
 *fill*         0x0000000008007396        0x2 
 .text.HAL_LTDC_Init
                0x0000000008007398      0x1a0 ./Drivers/STM32F4xx_HAL_Driver/Src/stm32f4xx_hal_ltdc.o
                0x0000000008007398                HAL_LTDC_Init
 .text.HAL_LTDC_ConfigLayer
                0x0000000008007538       0x7c ./Drivers/STM32F4xx_HAL_Driver/Src/stm32f4xx_hal_ltdc.o
                0x0000000008007538                HAL_LTDC_ConfigLayer
 .text.HAL_LTDC_SetAddress
                0x00000000080075b4       0x6c ./Drivers/STM32F4xx_HAL_Driver/Src/stm32f4xx_hal_ltdc.o
                0x00000000080075b4                HAL_LTDC_SetAddress
 .text.LTDC_SetConfig
                0x0000000008007620      0x32e ./Drivers/STM32F4xx_HAL_Driver/Src/stm32f4xx_hal_ltdc.o
 *fill*         0x000000000800794e        0x2 
 .text.HAL_PWREx_EnableOverDrive
                0x0000000008007950       0xa0 ./Drivers/STM32F4xx_HAL_Driver/Src/stm32f4xx_hal_pwr_ex.o
                0x0000000008007950                HAL_PWREx_EnableOverDrive
 .text.HAL_RCC_OscConfig
                0x00000000080079f0      0x4f0 ./Drivers/STM32F4xx_HAL_Driver/Src/stm32f4xx_hal_rcc.o
                0x00000000080079f0                HAL_RCC_OscConfig
 .text.HAL_RCC_ClockConfig
                0x0000000008007ee0      0x1cc ./Drivers/STM32F4xx_HAL_Driver/Src/stm32f4xx_hal_rcc.o
                0x0000000008007ee0                HAL_RCC_ClockConfig
 .text.HAL_RCC_GetSysClockFreq
                0x00000000080080ac      0x20c ./Drivers/STM32F4xx_HAL_Driver/Src/stm32f4xx_hal_rcc.o
                0x00000000080080ac                HAL_RCC_GetSysClockFreq
 .text.HAL_RCC_GetHCLKFreq
                0x00000000080082b8       0x18 ./Drivers/STM32F4xx_HAL_Driver/Src/stm32f4xx_hal_rcc.o
                0x00000000080082b8                HAL_RCC_GetHCLKFreq
 .text.HAL_RCC_GetPCLK1Freq
                0x00000000080082d0       0x28 ./Drivers/STM32F4xx_HAL_Driver/Src/stm32f4xx_hal_rcc.o
                0x00000000080082d0                HAL_RCC_GetPCLK1Freq
 .text.HAL_RCC_GetPCLK2Freq
                0x00000000080082f8       0x28 ./Drivers/STM32F4xx_HAL_Driver/Src/stm32f4xx_hal_rcc.o
                0x00000000080082f8                HAL_RCC_GetPCLK2Freq
 .text.HAL_RCCEx_PeriphCLKConfig
                0x0000000008008320      0x380 ./Drivers/STM32F4xx_HAL_Driver/Src/stm32f4xx_hal_rcc_ex.o
                0x0000000008008320                HAL_RCCEx_PeriphCLKConfig
 .text.HAL_SDRAM_Init
                0x00000000080086a0       0x68 ./Drivers/STM32F4xx_HAL_Driver/Src/stm32f4xx_hal_sdram.o
                0x00000000080086a0                HAL_SDRAM_Init
 .text.HAL_SDRAM_SendCommand
                0x0000000008008708       0x6a ./Drivers/STM32F4xx_HAL_Driver/Src/stm32f4xx_hal_sdram.o
                0x0000000008008708                HAL_SDRAM_SendCommand
 .text.HAL_SPI_Init
                0x0000000008008772      0x112 ./Drivers/STM32F4xx_HAL_Driver/Src/stm32f4xx_hal_spi.o
                0x0000000008008772                HAL_SPI_Init
 .text.HAL_TIM_Base_Init
                0x0000000008008884       0x9e ./Drivers/STM32F4xx_HAL_Driver/Src/stm32f4xx_hal_tim.o
                0x0000000008008884                HAL_TIM_Base_Init
 *fill*         0x0000000008008922        0x2 
 .text.HAL_TIM_Base_Start_IT
                0x0000000008008924       0xe0 ./Drivers/STM32F4xx_HAL_Driver/Src/stm32f4xx_hal_tim.o
                0x0000000008008924                HAL_TIM_Base_Start_IT
 .text.HAL_TIM_PWM_Init
                0x0000000008008a04       0x9e ./Drivers/STM32F4xx_HAL_Driver/Src/stm32f4xx_hal_tim.o
                0x0000000008008a04                HAL_TIM_PWM_Init
 .text.HAL_TIM_PWM_MspInit
                0x0000000008008aa2       0x14 ./Drivers/STM32F4xx_HAL_Driver/Src/stm32f4xx_hal_tim.o
                0x0000000008008aa2                HAL_TIM_PWM_MspInit
 *fill*         0x0000000008008ab6        0x2 
 .text.HAL_TIM_PWM_Start
                0x0000000008008ab8      0x190 ./Drivers/STM32F4xx_HAL_Driver/Src/stm32f4xx_hal_tim.o
                0x0000000008008ab8                HAL_TIM_PWM_Start
 .text.HAL_TIM_IRQHandler
                0x0000000008008c48      0x210 ./Drivers/STM32F4xx_HAL_Driver/Src/stm32f4xx_hal_tim.o
                0x0000000008008c48                HAL_TIM_IRQHandler
 .text.HAL_TIM_PWM_ConfigChannel
                0x0000000008008e58      0x184 ./Drivers/STM32F4xx_HAL_Driver/Src/stm32f4xx_hal_tim.o
                0x0000000008008e58                HAL_TIM_PWM_ConfigChannel
 .text.HAL_TIM_ConfigClockSource
                0x0000000008008fdc      0x18e ./Drivers/STM32F4xx_HAL_Driver/Src/stm32f4xx_hal_tim.o
                0x0000000008008fdc                HAL_TIM_ConfigClockSource
 .text.HAL_TIM_PeriodElapsedCallback
                0x000000000800916a       0x14 ./Drivers/STM32F4xx_HAL_Driver/Src/stm32f4xx_hal_tim.o
                0x000000000800916a                HAL_TIM_PeriodElapsedCallback
 .text.HAL_TIM_OC_DelayElapsedCallback
                0x000000000800917e       0x14 ./Drivers/STM32F4xx_HAL_Driver/Src/stm32f4xx_hal_tim.o
                0x000000000800917e                HAL_TIM_OC_DelayElapsedCallback
 .text.HAL_TIM_IC_CaptureCallback
                0x0000000008009192       0x14 ./Drivers/STM32F4xx_HAL_Driver/Src/stm32f4xx_hal_tim.o
                0x0000000008009192                HAL_TIM_IC_CaptureCallback
 .text.HAL_TIM_PWM_PulseFinishedCallback
                0x00000000080091a6       0x14 ./Drivers/STM32F4xx_HAL_Driver/Src/stm32f4xx_hal_tim.o
                0x00000000080091a6                HAL_TIM_PWM_PulseFinishedCallback
 .text.HAL_TIM_TriggerCallback
                0x00000000080091ba       0x14 ./Drivers/STM32F4xx_HAL_Driver/Src/stm32f4xx_hal_tim.o
                0x00000000080091ba                HAL_TIM_TriggerCallback
 *fill*         0x00000000080091ce        0x2 
 .text.TIM_Base_SetConfig
                0x00000000080091d0      0x140 ./Drivers/STM32F4xx_HAL_Driver/Src/stm32f4xx_hal_tim.o
                0x00000000080091d0                TIM_Base_SetConfig
 .text.TIM_OC1_SetConfig
                0x0000000008009310       0xe0 ./Drivers/STM32F4xx_HAL_Driver/Src/stm32f4xx_hal_tim.o
 .text.TIM_OC2_SetConfig
                0x00000000080093f0       0xec ./Drivers/STM32F4xx_HAL_Driver/Src/stm32f4xx_hal_tim.o
                0x00000000080093f0                TIM_OC2_SetConfig
 .text.TIM_OC3_SetConfig
                0x00000000080094dc       0xe8 ./Drivers/STM32F4xx_HAL_Driver/Src/stm32f4xx_hal_tim.o
 .text.TIM_OC4_SetConfig
                0x00000000080095c4       0xac ./Drivers/STM32F4xx_HAL_Driver/Src/stm32f4xx_hal_tim.o
 .text.TIM_TI1_ConfigInputStage
                0x0000000008009670       0x5e ./Drivers/STM32F4xx_HAL_Driver/Src/stm32f4xx_hal_tim.o
 .text.TIM_TI2_ConfigInputStage
                0x00000000080096ce       0x60 ./Drivers/STM32F4xx_HAL_Driver/Src/stm32f4xx_hal_tim.o
 .text.TIM_ITRx_SetConfig
                0x000000000800972e       0x36 ./Drivers/STM32F4xx_HAL_Driver/Src/stm32f4xx_hal_tim.o
 .text.TIM_ETR_SetConfig
                0x0000000008009764       0x40 ./Drivers/STM32F4xx_HAL_Driver/Src/stm32f4xx_hal_tim.o
                0x0000000008009764                TIM_ETR_SetConfig
 .text.TIM_CCxChannelCmd
                0x00000000080097a4       0x4a ./Drivers/STM32F4xx_HAL_Driver/Src/stm32f4xx_hal_tim.o
                0x00000000080097a4                TIM_CCxChannelCmd
 *fill*         0x00000000080097ee        0x2 
 .text.HAL_TIMEx_MasterConfigSynchronization
                0x00000000080097f0       0xf8 ./Drivers/STM32F4xx_HAL_Driver/Src/stm32f4xx_hal_tim_ex.o
                0x00000000080097f0                HAL_TIMEx_MasterConfigSynchronization
 .text.HAL_TIMEx_CommutCallback
                0x00000000080098e8       0x14 ./Drivers/STM32F4xx_HAL_Driver/Src/stm32f4xx_hal_tim_ex.o
                0x00000000080098e8                HAL_TIMEx_CommutCallback
 .text.HAL_TIMEx_BreakCallback
                0x00000000080098fc       0x14 ./Drivers/STM32F4xx_HAL_Driver/Src/stm32f4xx_hal_tim_ex.o
                0x00000000080098fc                HAL_TIMEx_BreakCallback
 .text.HAL_UART_Init
                0x0000000008009910       0x9a ./Drivers/STM32F4xx_HAL_Driver/Src/stm32f4xx_hal_uart.o
                0x0000000008009910                HAL_UART_Init
 *fill*         0x00000000080099aa        0x2 
 .text.HAL_UART_IRQHandler
                0x00000000080099ac      0x51c ./Drivers/STM32F4xx_HAL_Driver/Src/stm32f4xx_hal_uart.o
                0x00000000080099ac                HAL_UART_IRQHandler
 .text.HAL_UART_TxCpltCallback
                0x0000000008009ec8       0x14 ./Drivers/STM32F4xx_HAL_Driver/Src/stm32f4xx_hal_uart.o
                0x0000000008009ec8                HAL_UART_TxCpltCallback
 .text.HAL_UART_RxCpltCallback
                0x0000000008009edc       0x14 ./Drivers/STM32F4xx_HAL_Driver/Src/stm32f4xx_hal_uart.o
                0x0000000008009edc                HAL_UART_RxCpltCallback
 .text.HAL_UART_ErrorCallback
                0x0000000008009ef0       0x14 ./Drivers/STM32F4xx_HAL_Driver/Src/stm32f4xx_hal_uart.o
                0x0000000008009ef0                HAL_UART_ErrorCallback
 .text.HAL_UARTEx_RxEventCallback
                0x0000000008009f04       0x18 ./Drivers/STM32F4xx_HAL_Driver/Src/stm32f4xx_hal_uart.o
                0x0000000008009f04                HAL_UARTEx_RxEventCallback
 .text.UART_EndRxTransfer
                0x0000000008009f1c       0xc6 ./Drivers/STM32F4xx_HAL_Driver/Src/stm32f4xx_hal_uart.o
 .text.UART_DMAAbortOnError
                0x0000000008009fe2       0x28 ./Drivers/STM32F4xx_HAL_Driver/Src/stm32f4xx_hal_uart.o
 .text.UART_Transmit_IT
                0x000000000800a00a       0xa0 ./Drivers/STM32F4xx_HAL_Driver/Src/stm32f4xx_hal_uart.o
 .text.UART_EndTransmit_IT
                0x000000000800a0aa       0x30 ./Drivers/STM32F4xx_HAL_Driver/Src/stm32f4xx_hal_uart.o
 .text.UART_Receive_IT
                0x000000000800a0da      0x176 ./Drivers/STM32F4xx_HAL_Driver/Src/stm32f4xx_hal_uart.o
 .text.UART_SetConfig
                0x000000000800a250      0x4e8 ./Drivers/STM32F4xx_HAL_Driver/Src/stm32f4xx_hal_uart.o
 .text.FMC_SDRAM_Init
                0x000000000800a738       0xba ./Drivers/STM32F4xx_HAL_Driver/Src/stm32f4xx_ll_fmc.o
                0x000000000800a738                FMC_SDRAM_Init
 .text.FMC_SDRAM_Timing_Init
                0x000000000800a7f2       0xd2 ./Drivers/STM32F4xx_HAL_Driver/Src/stm32f4xx_ll_fmc.o
                0x000000000800a7f2                FMC_SDRAM_Timing_Init
 .text.FMC_SDRAM_SendCommand
                0x000000000800a8c4       0x7a ./Drivers/STM32F4xx_HAL_Driver/Src/stm32f4xx_ll_fmc.o
                0x000000000800a8c4                FMC_SDRAM_SendCommand
 *fill*         0x000000000800a93e        0x2 
 .text.__errno  0x000000000800a940        0xc c:/st/stm32cubeide_1.12.1/stm32cubeide/plugins/com.st.stm32cube.ide.mcu.externaltools.gnu-tools-for-stm32.10.3-2021.10.win32_1.0.200.202301161003/tools/bin/../lib/gcc/arm-none-eabi/10.3.1/../../../../arm-none-eabi/lib/thumb/v7e-m+fp/hard\libc_nano.a(lib_a-errno.o)
                0x000000000800a940                __errno
 .text.__libc_init_array
                0x000000000800a94c       0x48 c:/st/stm32cubeide_1.12.1/stm32cubeide/plugins/com.st.stm32cube.ide.mcu.externaltools.gnu-tools-for-stm32.10.3-2021.10.win32_1.0.200.202301161003/tools/bin/../lib/gcc/arm-none-eabi/10.3.1/../../../../arm-none-eabi/lib/thumb/v7e-m+fp/hard\libc_nano.a(lib_a-init.o)
                0x000000000800a94c                __libc_init_array
 .text.__itoa   0x000000000800a994       0x30 c:/st/stm32cubeide_1.12.1/stm32cubeide/plugins/com.st.stm32cube.ide.mcu.externaltools.gnu-tools-for-stm32.10.3-2021.10.win32_1.0.200.202301161003/tools/bin/../lib/gcc/arm-none-eabi/10.3.1/../../../../arm-none-eabi/lib/thumb/v7e-m+fp/hard\libc_nano.a(lib_a-itoa.o)
                0x000000000800a994                __itoa
 .text.itoa     0x000000000800a9c4        0x4 c:/st/stm32cubeide_1.12.1/stm32cubeide/plugins/com.st.stm32cube.ide.mcu.externaltools.gnu-tools-for-stm32.10.3-2021.10.win32_1.0.200.202301161003/tools/bin/../lib/gcc/arm-none-eabi/10.3.1/../../../../arm-none-eabi/lib/thumb/v7e-m+fp/hard\libc_nano.a(lib_a-itoa.o)
                0x000000000800a9c4                itoa
 .text.memcpy   0x000000000800a9c8       0x1c c:/st/stm32cubeide_1.12.1/stm32cubeide/plugins/com.st.stm32cube.ide.mcu.externaltools.gnu-tools-for-stm32.10.3-2021.10.win32_1.0.200.202301161003/tools/bin/../lib/gcc/arm-none-eabi/10.3.1/../../../../arm-none-eabi/lib/thumb/v7e-m+fp/hard\libc_nano.a(lib_a-memcpy-stub.o)
                0x000000000800a9c8                memcpy
 .text.memset   0x000000000800a9e4       0x10 c:/st/stm32cubeide_1.12.1/stm32cubeide/plugins/com.st.stm32cube.ide.mcu.externaltools.gnu-tools-for-stm32.10.3-2021.10.win32_1.0.200.202301161003/tools/bin/../lib/gcc/arm-none-eabi/10.3.1/../../../../arm-none-eabi/lib/thumb/v7e-m+fp/hard\libc_nano.a(lib_a-memset.o)
                0x000000000800a9e4                memset
 .text.__utoa   0x000000000800a9f4       0x84 c:/st/stm32cubeide_1.12.1/stm32cubeide/plugins/com.st.stm32cube.ide.mcu.externaltools.gnu-tools-for-stm32.10.3-2021.10.win32_1.0.200.202301161003/tools/bin/../lib/gcc/arm-none-eabi/10.3.1/../../../../arm-none-eabi/lib/thumb/v7e-m+fp/hard\libc_nano.a(lib_a-utoa.o)
                0x000000000800a9f4                __utoa
 .text.pow      0x000000000800aa78       0xe0 c:/st/stm32cubeide_1.12.1/stm32cubeide/plugins/com.st.stm32cube.ide.mcu.externaltools.gnu-tools-for-stm32.10.3-2021.10.win32_1.0.200.202301161003/tools/bin/../lib/gcc/arm-none-eabi/10.3.1/../../../../arm-none-eabi/lib/thumb/v7e-m+fp/hard\libm.a(lib_a-w_pow.o)
                0x000000000800aa78                pow
 .text.__ieee754_pow
                0x000000000800ab58      0xa5c c:/st/stm32cubeide_1.12.1/stm32cubeide/plugins/com.st.stm32cube.ide.mcu.externaltools.gnu-tools-for-stm32.10.3-2021.10.win32_1.0.200.202301161003/tools/bin/../lib/gcc/arm-none-eabi/10.3.1/../../../../arm-none-eabi/lib/thumb/v7e-m+fp/hard\libm.a(lib_a-e_pow.o)
                0x000000000800ab58                __ieee754_pow
 .text.__ieee754_sqrt
                0x000000000800b5b4      0x164 c:/st/stm32cubeide_1.12.1/stm32cubeide/plugins/com.st.stm32cube.ide.mcu.externaltools.gnu-tools-for-stm32.10.3-2021.10.win32_1.0.200.202301161003/tools/bin/../lib/gcc/arm-none-eabi/10.3.1/../../../../arm-none-eabi/lib/thumb/v7e-m+fp/hard\libm.a(lib_a-e_sqrt.o)
                0x000000000800b5b4                __ieee754_sqrt
 .text.with_errno
                0x000000000800b718       0x14 c:/st/stm32cubeide_1.12.1/stm32cubeide/plugins/com.st.stm32cube.ide.mcu.externaltools.gnu-tools-for-stm32.10.3-2021.10.win32_1.0.200.202301161003/tools/bin/../lib/gcc/arm-none-eabi/10.3.1/../../../../arm-none-eabi/lib/thumb/v7e-m+fp/hard\libm.a(lib_a-math_err.o)
 .text.xflow    0x000000000800b72c       0x28 c:/st/stm32cubeide_1.12.1/stm32cubeide/plugins/com.st.stm32cube.ide.mcu.externaltools.gnu-tools-for-stm32.10.3-2021.10.win32_1.0.200.202301161003/tools/bin/../lib/gcc/arm-none-eabi/10.3.1/../../../../arm-none-eabi/lib/thumb/v7e-m+fp/hard\libm.a(lib_a-math_err.o)
 .text.__math_uflow
                0x000000000800b754       0x12 c:/st/stm32cubeide_1.12.1/stm32cubeide/plugins/com.st.stm32cube.ide.mcu.externaltools.gnu-tools-for-stm32.10.3-2021.10.win32_1.0.200.202301161003/tools/bin/../lib/gcc/arm-none-eabi/10.3.1/../../../../arm-none-eabi/lib/thumb/v7e-m+fp/hard\libm.a(lib_a-math_err.o)
                0x000000000800b754                __math_uflow
 .text.__math_oflow
                0x000000000800b766       0x12 c:/st/stm32cubeide_1.12.1/stm32cubeide/plugins/com.st.stm32cube.ide.mcu.externaltools.gnu-tools-for-stm32.10.3-2021.10.win32_1.0.200.202301161003/tools/bin/../lib/gcc/arm-none-eabi/10.3.1/../../../../arm-none-eabi/lib/thumb/v7e-m+fp/hard\libm.a(lib_a-math_err.o)
                0x000000000800b766                __math_oflow
 .text.fabs     0x000000000800b778       0x12 c:/st/stm32cubeide_1.12.1/stm32cubeide/plugins/com.st.stm32cube.ide.mcu.externaltools.gnu-tools-for-stm32.10.3-2021.10.win32_1.0.200.202301161003/tools/bin/../lib/gcc/arm-none-eabi/10.3.1/../../../../arm-none-eabi/lib/thumb/v7e-m+fp/hard\libm.a(lib_a-s_fabs.o)
                0x000000000800b778                fabs
 .text.finite   0x000000000800b78a       0x16 c:/st/stm32cubeide_1.12.1/stm32cubeide/plugins/com.st.stm32cube.ide.mcu.externaltools.gnu-tools-for-stm32.10.3-2021.10.win32_1.0.200.202301161003/tools/bin/../lib/gcc/arm-none-eabi/10.3.1/../../../../arm-none-eabi/lib/thumb/v7e-m+fp/hard\libm.a(lib_a-s_finite.o)
                0x000000000800b78a                finite
 .text.scalbn   0x000000000800b7a0      0x10c c:/st/stm32cubeide_1.12.1/stm32cubeide/plugins/com.st.stm32cube.ide.mcu.externaltools.gnu-tools-for-stm32.10.3-2021.10.win32_1.0.200.202301161003/tools/bin/../lib/gcc/arm-none-eabi/10.3.1/../../../../arm-none-eabi/lib/thumb/v7e-m+fp/hard\libm.a(lib_a-s_scalbn.o)
                0x000000000800b7a0                scalbn
 *(.glue_7)
 .glue_7        0x000000000800b8ac        0x0 linker stubs
 *(.glue_7t)
 .glue_7t       0x000000000800b8ac        0x0 linker stubs
 *(.eh_frame)
 .eh_frame      0x000000000800b8ac        0x0 c:/st/stm32cubeide_1.12.1/stm32cubeide/plugins/com.st.stm32cube.ide.mcu.externaltools.gnu-tools-for-stm32.10.3-2021.10.win32_1.0.200.202301161003/tools/bin/../lib/gcc/arm-none-eabi/10.3.1/thumb/v7e-m+fp/hard/crtbegin.o
 *(.init)
 .init          0x000000000800b8ac        0x4 c:/st/stm32cubeide_1.12.1/stm32cubeide/plugins/com.st.stm32cube.ide.mcu.externaltools.gnu-tools-for-stm32.10.3-2021.10.win32_1.0.200.202301161003/tools/bin/../lib/gcc/arm-none-eabi/10.3.1/thumb/v7e-m+fp/hard/crti.o
                0x000000000800b8ac                _init
 .init          0x000000000800b8b0        0x8 c:/st/stm32cubeide_1.12.1/stm32cubeide/plugins/com.st.stm32cube.ide.mcu.externaltools.gnu-tools-for-stm32.10.3-2021.10.win32_1.0.200.202301161003/tools/bin/../lib/gcc/arm-none-eabi/10.3.1/thumb/v7e-m+fp/hard/crtn.o
 *(.fini)
 .fini          0x000000000800b8b8        0x4 c:/st/stm32cubeide_1.12.1/stm32cubeide/plugins/com.st.stm32cube.ide.mcu.externaltools.gnu-tools-for-stm32.10.3-2021.10.win32_1.0.200.202301161003/tools/bin/../lib/gcc/arm-none-eabi/10.3.1/thumb/v7e-m+fp/hard/crti.o
                0x000000000800b8b8                _fini
 .fini          0x000000000800b8bc        0x8 c:/st/stm32cubeide_1.12.1/stm32cubeide/plugins/com.st.stm32cube.ide.mcu.externaltools.gnu-tools-for-stm32.10.3-2021.10.win32_1.0.200.202301161003/tools/bin/../lib/gcc/arm-none-eabi/10.3.1/thumb/v7e-m+fp/hard/crtn.o
                0x000000000800b8c4                . = ALIGN (0x4)
                0x000000000800b8c4                _etext = .

.vfp11_veneer   0x000000000800b8c4        0x0
 .vfp11_veneer  0x000000000800b8c4        0x0 linker stubs

.v4_bx          0x000000000800b8c4        0x0
 .v4_bx         0x000000000800b8c4        0x0 linker stubs

.iplt           0x000000000800b8c4        0x0
 .iplt          0x000000000800b8c4        0x0 c:/st/stm32cubeide_1.12.1/stm32cubeide/plugins/com.st.stm32cube.ide.mcu.externaltools.gnu-tools-for-stm32.10.3-2021.10.win32_1.0.200.202301161003/tools/bin/../lib/gcc/arm-none-eabi/10.3.1/thumb/v7e-m+fp/hard/crtbegin.o

.rodata         0x000000000800b8c8     0x5040
                0x000000000800b8c8                . = ALIGN (0x4)
 *(.rodata)
 .rodata        0x000000000800b8c8      0x6fa ./Core/Src/Screens.o
 *(.rodata*)
 *fill*         0x000000000800bfc2        0x2 
 .rodata.AHBPrescTable
                0x000000000800bfc4       0x10 ./Core/Src/system_stm32f4xx.o
                0x000000000800bfc4                AHBPrescTable
 .rodata.APBPrescTable
                0x000000000800bfd4        0x8 ./Core/Src/system_stm32f4xx.o
                0x000000000800bfd4                APBPrescTable
 .rodata.RU_18x27_Table
                0x000000000800bfdc     0x28ec ./Core/font/font_RU_18x27.o
                0x000000000800bfdc                RU_18x27_Table
 .rodata.Arial_11x18_Table
                0x000000000800e8c8      0xd5c ./Core/font/ub_font_arial_11x18.o
                0x000000000800e8c8                Arial_11x18_Table
 .rodata.Arial_16x25_Table
                0x000000000800f624     0x128e ./Core/font/ub_font_arial_16x25.o
                0x000000000800f624                Arial_16x25_Table
 .rodata.__utoa.str1.1
                0x00000000080108b2       0x25 c:/st/stm32cubeide_1.12.1/stm32cubeide/plugins/com.st.stm32cube.ide.mcu.externaltools.gnu-tools-for-stm32.10.3-2021.10.win32_1.0.200.202301161003/tools/bin/../lib/gcc/arm-none-eabi/10.3.1/../../../../arm-none-eabi/lib/thumb/v7e-m+fp/hard\libc_nano.a(lib_a-utoa.o)
 *fill*         0x00000000080108d7        0x1 
 .rodata.bp     0x00000000080108d8       0x10 c:/st/stm32cubeide_1.12.1/stm32cubeide/plugins/com.st.stm32cube.ide.mcu.externaltools.gnu-tools-for-stm32.10.3-2021.10.win32_1.0.200.202301161003/tools/bin/../lib/gcc/arm-none-eabi/10.3.1/../../../../arm-none-eabi/lib/thumb/v7e-m+fp/hard\libm.a(lib_a-e_pow.o)
 .rodata.dp_h   0x00000000080108e8       0x10 c:/st/stm32cubeide_1.12.1/stm32cubeide/plugins/com.st.stm32cube.ide.mcu.externaltools.gnu-tools-for-stm32.10.3-2021.10.win32_1.0.200.202301161003/tools/bin/../lib/gcc/arm-none-eabi/10.3.1/../../../../arm-none-eabi/lib/thumb/v7e-m+fp/hard\libm.a(lib_a-e_pow.o)
 .rodata.dp_l   0x00000000080108f8       0x10 c:/st/stm32cubeide_1.12.1/stm32cubeide/plugins/com.st.stm32cube.ide.mcu.externaltools.gnu-tools-for-stm32.10.3-2021.10.win32_1.0.200.202301161003/tools/bin/../lib/gcc/arm-none-eabi/10.3.1/../../../../arm-none-eabi/lib/thumb/v7e-m+fp/hard\libm.a(lib_a-e_pow.o)
                0x0000000008010908                . = ALIGN (0x4)

.ARM.extab      0x0000000008010908        0x0
                0x0000000008010908                . = ALIGN (0x4)
 *(.ARM.extab* .gnu.linkonce.armextab.*)
                0x0000000008010908                . = ALIGN (0x4)

.ARM            0x0000000008010908        0x8
                0x0000000008010908                . = ALIGN (0x4)
                0x0000000008010908                __exidx_start = .
 *(.ARM.exidx*)
 .ARM.exidx     0x0000000008010908        0x8 c:/st/stm32cubeide_1.12.1/stm32cubeide/plugins/com.st.stm32cube.ide.mcu.externaltools.gnu-tools-for-stm32.10.3-2021.10.win32_1.0.200.202301161003/tools/bin/../lib/gcc/arm-none-eabi/10.3.1/thumb/v7e-m+fp/hard\libgcc.a(_udivmoddi4.o)
                0x0000000008010910                __exidx_end = .
                0x0000000008010910                . = ALIGN (0x4)

.rel.dyn        0x0000000008010910        0x0
 .rel.iplt      0x0000000008010910        0x0 c:/st/stm32cubeide_1.12.1/stm32cubeide/plugins/com.st.stm32cube.ide.mcu.externaltools.gnu-tools-for-stm32.10.3-2021.10.win32_1.0.200.202301161003/tools/bin/../lib/gcc/arm-none-eabi/10.3.1/thumb/v7e-m+fp/hard/crtbegin.o

.preinit_array  0x0000000008010910        0x0
                0x0000000008010910                . = ALIGN (0x4)
                0x0000000008010910                PROVIDE (__preinit_array_start = .)
 *(.preinit_array*)
                0x0000000008010910                PROVIDE (__preinit_array_end = .)
                0x0000000008010910                . = ALIGN (0x4)

.init_array     0x0000000008010910        0x4
                0x0000000008010910                . = ALIGN (0x4)
                0x0000000008010910                PROVIDE (__init_array_start = .)
 *(SORT_BY_NAME(.init_array.*))
 *(.init_array*)
 .init_array    0x0000000008010910        0x4 c:/st/stm32cubeide_1.12.1/stm32cubeide/plugins/com.st.stm32cube.ide.mcu.externaltools.gnu-tools-for-stm32.10.3-2021.10.win32_1.0.200.202301161003/tools/bin/../lib/gcc/arm-none-eabi/10.3.1/thumb/v7e-m+fp/hard/crtbegin.o
                0x0000000008010914                PROVIDE (__init_array_end = .)
                0x0000000008010914                . = ALIGN (0x4)

.fini_array     0x0000000008010914        0x4
                0x0000000008010914                . = ALIGN (0x4)
                [!provide]                        PROVIDE (__fini_array_start = .)
 *(SORT_BY_NAME(.fini_array.*))
 *(.fini_array*)
 .fini_array    0x0000000008010914        0x4 c:/st/stm32cubeide_1.12.1/stm32cubeide/plugins/com.st.stm32cube.ide.mcu.externaltools.gnu-tools-for-stm32.10.3-2021.10.win32_1.0.200.202301161003/tools/bin/../lib/gcc/arm-none-eabi/10.3.1/thumb/v7e-m+fp/hard/crtbegin.o
                [!provide]                        PROVIDE (__fini_array_end = .)
                0x0000000008010918                . = ALIGN (0x4)
                0x0000000008010918                _sidata = LOADADDR (.data)

.data           0x0000000020000000       0x94 load address 0x0000000008010918
                0x0000000020000000                . = ALIGN (0x4)
                0x0000000020000000                _sdata = .
 *(.data)
 *(.data*)
 .data.RedColor
                0x0000000020000000        0x4 ./Core/Src/main.o
                0x0000000020000000                RedColor
 .data.GreenColor
                0x0000000020000004        0x4 ./Core/Src/main.o
                0x0000000020000004                GreenColor
 .data.BackgroundColor
                0x0000000020000008        0x4 ./Core/Src/main.o
                0x0000000020000008                BackgroundColor
 .data.GrayColor
                0x000000002000000c        0x4 ./Core/Src/main.o
                0x000000002000000c                GrayColor
 .data.SelectionColor
                0x0000000020000010        0x4 ./Core/Src/main.o
                0x0000000020000010                SelectionColor
 .data.RasrPointerColor
                0x0000000020000014        0x4 ./Core/Src/main.o
                0x0000000020000014                RasrPointerColor
 .data.Val3     0x0000000020000018        0x2 ./Core/Src/main.o
                0x0000000020000018                Val3
 *fill*         0x000000002000001a        0x2 
 .data.motoclock
                0x000000002000001c        0x4 ./Core/Src/main.o
                0x000000002000001c                motoclock
 .data.screen   0x0000000020000020        0x1 ./Core/Src/main.o
                0x0000000020000020                screen
 .data.screen_mirror
                0x0000000020000021        0x1 ./Core/Src/main.o
                0x0000000020000021                screen_mirror
 .data.screen_save
                0x0000000020000022        0x1 ./Core/Src/stm32f4xx_it.o
                0x0000000020000022                screen_save
 *fill*         0x0000000020000023        0x1 
 .data.SystemCoreClock
                0x0000000020000024        0x4 ./Core/Src/system_stm32f4xx.o
                0x0000000020000024                SystemCoreClock
 .data.uwTickPrio
                0x0000000020000028        0x4 ./Drivers/STM32F4xx_HAL_Driver/Src/stm32f4xx_hal.o
                0x0000000020000028                uwTickPrio
 .data.uwTickFreq
                0x000000002000002c        0x1 ./Drivers/STM32F4xx_HAL_Driver/Src/stm32f4xx_hal.o
                0x000000002000002c                uwTickFreq
 *fill*         0x000000002000002d        0x3 
 .data._impure_ptr
                0x0000000020000030        0x4 c:/st/stm32cubeide_1.12.1/stm32cubeide/plugins/com.st.stm32cube.ide.mcu.externaltools.gnu-tools-for-stm32.10.3-2021.10.win32_1.0.200.202301161003/tools/bin/../lib/gcc/arm-none-eabi/10.3.1/../../../../arm-none-eabi/lib/thumb/v7e-m+fp/hard\libc_nano.a(lib_a-impure.o)
                0x0000000020000030                _impure_ptr
 .data.impure_data
                0x0000000020000034       0x60 c:/st/stm32cubeide_1.12.1/stm32cubeide/plugins/com.st.stm32cube.ide.mcu.externaltools.gnu-tools-for-stm32.10.3-2021.10.win32_1.0.200.202301161003/tools/bin/../lib/gcc/arm-none-eabi/10.3.1/../../../../arm-none-eabi/lib/thumb/v7e-m+fp/hard\libc_nano.a(lib_a-impure.o)
 *(.RamFunc)
 *(.RamFunc*)
                0x0000000020000094                . = ALIGN (0x4)
                0x0000000020000094                _edata = .
                0x00000000080109ac                _siccmram = LOADADDR (.ccmram)

.igot.plt       0x0000000020000094        0x0 load address 0x00000000080109ac
 .igot.plt      0x0000000020000094        0x0 c:/st/stm32cubeide_1.12.1/stm32cubeide/plugins/com.st.stm32cube.ide.mcu.externaltools.gnu-tools-for-stm32.10.3-2021.10.win32_1.0.200.202301161003/tools/bin/../lib/gcc/arm-none-eabi/10.3.1/thumb/v7e-m+fp/hard/crtbegin.o

.ccmram         0x0000000010000000        0x0 load address 0x00000000080109ac
                0x0000000010000000                . = ALIGN (0x4)
                0x0000000010000000                _sccmram = .
 *(.ccmram)
 *(.ccmram*)
                0x0000000010000000                . = ALIGN (0x4)
                0x0000000010000000                _eccmram = .
                0x0000000010000000                . = ALIGN (0x4)

.bss            0x0000000020000094      0xa04
                0x0000000020000094                _sbss = .
                0x0000000020000094                __bss_start__ = _sbss
 *(.bss)
 .bss           0x0000000020000094       0x1c c:/st/stm32cubeide_1.12.1/stm32cubeide/plugins/com.st.stm32cube.ide.mcu.externaltools.gnu-tools-for-stm32.10.3-2021.10.win32_1.0.200.202301161003/tools/bin/../lib/gcc/arm-none-eabi/10.3.1/thumb/v7e-m+fp/hard/crtbegin.o
 *(.bss*)
 .bss.FonColor  0x00000000200000b0       0x50 ./Core/Src/Screens.o
                0x00000000200000b0                FonColor
 .bss.hdma2d    0x0000000020000100       0x40 ./Core/Src/main.o
                0x0000000020000100                hdma2d
 .bss.hltdc     0x0000000020000140       0xa8 ./Core/Src/main.o
                0x0000000020000140                hltdc
 .bss.hspi1     0x00000000200001e8       0x58 ./Core/Src/main.o
                0x00000000200001e8                hspi1
 .bss.htim4     0x0000000020000240       0x48 ./Core/Src/main.o
                0x0000000020000240                htim4
 .bss.htim5     0x0000000020000288       0x48 ./Core/Src/main.o
                0x0000000020000288                htim5
 .bss.huart7    0x00000000200002d0       0x44 ./Core/Src/main.o
                0x00000000200002d0                huart7
 .bss.hsdram1   0x0000000020000314       0x34 ./Core/Src/main.o
                0x0000000020000314                hsdram1
 .bss.Slave_1   0x0000000020000348      0x618 ./Core/Src/main.o
                0x0000000020000348                Slave_1
 .bss.command   0x0000000020000960       0x10 ./Core/Src/main.o
                0x0000000020000960                command
 .bss.flash_i   0x0000000020000970        0x4 ./Core/Src/main.o
                0x0000000020000970                flash_i
 .bss.Page      0x0000000020000974       0x74 ./Core/Src/main.o
                0x0000000020000974                Page
 .bss.BasicSymbolColor
                0x00000000200009e8        0x4 ./Core/Src/main.o
                0x00000000200009e8                BasicSymbolColor
 .bss.screen_event
                0x00000000200009ec        0x1 ./Core/Src/main.o
                0x00000000200009ec                screen_event
 .bss.PWM_launch
                0x00000000200009ed        0x1 ./Core/Src/main.o
                0x00000000200009ed                PWM_launch
 *fill*         0x00000000200009ee        0x2 
 .bss.PassW_block
                0x00000000200009f0        0xc ./Core/Src/main.o
                0x00000000200009f0                PassW_block
 .bss.Settings_DB
                0x00000000200009fc       0x20 ./Core/Src/main.o
                0x00000000200009fc                Settings_DB
 .bss.Control_DB
                0x0000000020000a1c       0x14 ./Core/Src/main.o
                0x0000000020000a1c                Control_DB
 .bss.FMC_Initialized
                0x0000000020000a30        0x4 ./Core/Src/stm32f4xx_hal_msp.o
 .bss.KeysRetain
                0x0000000020000a34       0x10 ./Core/Src/stm32f4xx_it.o
                0x0000000020000a34                KeysRetain
 .bss.KeysFlash
                0x0000000020000a44       0x10 ./Core/Src/stm32f4xx_it.o
                0x0000000020000a44                KeysFlash
 .bss.KeysMirror
                0x0000000020000a54       0x10 ./Core/Src/stm32f4xx_it.o
                0x0000000020000a54                KeysMirror
 .bss.brightness_disp
                0x0000000020000a64        0x4 ./Core/Src/stm32f4xx_it.o
                0x0000000020000a64                brightness_disp
 .bss.brightness_clav
                0x0000000020000a68        0x4 ./Core/Src/stm32f4xx_it.o
                0x0000000020000a68                brightness_clav
 .bss.timer_1   0x0000000020000a6c        0x4 ./Core/Src/stm32f4xx_it.o
                0x0000000020000a6c                timer_1
 .bss.timer_2   0x0000000020000a70        0x4 ./Core/Src/stm32f4xx_it.o
                0x0000000020000a70                timer_2
 .bss.uwTick    0x0000000020000a74        0x4 ./Drivers/STM32F4xx_HAL_Driver/Src/stm32f4xx_hal.o
                0x0000000020000a74                uwTick
 .bss.pFlash    0x0000000020000a78       0x20 ./Drivers/STM32F4xx_HAL_Driver/Src/stm32f4xx_hal_flash.o
                0x0000000020000a78                pFlash
 *(COMMON)
                0x0000000020000a98                . = ALIGN (0x4)
                0x0000000020000a98                _ebss = .
                0x0000000020000a98                __bss_end__ = _ebss

._user_heap_stack
                0x0000000020000a98      0x600
                0x0000000020000a98                . = ALIGN (0x8)
                [!provide]                        PROVIDE (end = .)
                0x0000000020000a98                PROVIDE (_end = .)
                0x0000000020000c98                . = (. + _Min_Heap_Size)
 *fill*         0x0000000020000a98      0x200 
                0x0000000020001098                . = (. + _Min_Stack_Size)
 *fill*         0x0000000020000c98      0x400 
                0x0000000020001098                . = ALIGN (0x8)

/DISCARD/
 libc.a(*)
 libm.a(*)
 libgcc.a(*)

.ARM.attributes
                0x0000000000000000       0x30
 *(.ARM.attributes)
 .ARM.attributes
                0x0000000000000000       0x1e c:/st/stm32cubeide_1.12.1/stm32cubeide/plugins/com.st.stm32cube.ide.mcu.externaltools.gnu-tools-for-stm32.10.3-2021.10.win32_1.0.200.202301161003/tools/bin/../lib/gcc/arm-none-eabi/10.3.1/thumb/v7e-m+fp/hard/crti.o
 .ARM.attributes
                0x000000000000001e       0x34 c:/st/stm32cubeide_1.12.1/stm32cubeide/plugins/com.st.stm32cube.ide.mcu.externaltools.gnu-tools-for-stm32.10.3-2021.10.win32_1.0.200.202301161003/tools/bin/../lib/gcc/arm-none-eabi/10.3.1/thumb/v7e-m+fp/hard/crtbegin.o
 .ARM.attributes
                0x0000000000000052       0x34 ./Core/Src/MB_Slave_Lib.o
 .ARM.attributes
                0x0000000000000086       0x34 ./Core/Src/Screens.o
 .ARM.attributes
                0x00000000000000ba       0x34 ./Core/Src/main.o
 .ARM.attributes
                0x00000000000000ee       0x34 ./Core/Src/stm32f4xx_hal_msp.o
 .ARM.attributes
                0x0000000000000122       0x34 ./Core/Src/stm32f4xx_it.o
 .ARM.attributes
                0x0000000000000156       0x34 ./Core/Src/system_stm32f4xx.o
 .ARM.attributes
                0x000000000000018a       0x21 ./Core/Startup/startup_stm32f429bitx.o
 .ARM.attributes
                0x00000000000001ab       0x34 ./Core/font/Font_Processor.o
 .ARM.attributes
                0x00000000000001df       0x34 ./Core/font/Graphic.o
 .ARM.attributes
                0x0000000000000213       0x34 ./Core/font/font_RU_18x27.o
 .ARM.attributes
                0x0000000000000247       0x34 ./Core/font/ub_font_arial_11x18.o
 .ARM.attributes
                0x000000000000027b       0x34 ./Core/font/ub_font_arial_16x25.o
 .ARM.attributes
                0x00000000000002af       0x34 ./Drivers/STM32F4xx_HAL_Driver/Src/stm32f4xx_hal.o
 .ARM.attributes
                0x00000000000002e3       0x34 ./Drivers/STM32F4xx_HAL_Driver/Src/stm32f4xx_hal_cortex.o
 .ARM.attributes
                0x0000000000000317       0x34 ./Drivers/STM32F4xx_HAL_Driver/Src/stm32f4xx_hal_dma.o
 .ARM.attributes
                0x000000000000034b       0x34 ./Drivers/STM32F4xx_HAL_Driver/Src/stm32f4xx_hal_dma2d.o
 .ARM.attributes
                0x000000000000037f       0x34 ./Drivers/STM32F4xx_HAL_Driver/Src/stm32f4xx_hal_flash.o
 .ARM.attributes
                0x00000000000003b3       0x34 ./Drivers/STM32F4xx_HAL_Driver/Src/stm32f4xx_hal_flash_ex.o
 .ARM.attributes
                0x00000000000003e7       0x34 ./Drivers/STM32F4xx_HAL_Driver/Src/stm32f4xx_hal_gpio.o
 .ARM.attributes
                0x000000000000041b       0x34 ./Drivers/STM32F4xx_HAL_Driver/Src/stm32f4xx_hal_ltdc.o
 .ARM.attributes
                0x000000000000044f       0x34 ./Drivers/STM32F4xx_HAL_Driver/Src/stm32f4xx_hal_pwr_ex.o
 .ARM.attributes
                0x0000000000000483       0x34 ./Drivers/STM32F4xx_HAL_Driver/Src/stm32f4xx_hal_rcc.o
 .ARM.attributes
                0x00000000000004b7       0x34 ./Drivers/STM32F4xx_HAL_Driver/Src/stm32f4xx_hal_rcc_ex.o
 .ARM.attributes
                0x00000000000004eb       0x34 ./Drivers/STM32F4xx_HAL_Driver/Src/stm32f4xx_hal_sdram.o
 .ARM.attributes
                0x000000000000051f       0x34 ./Drivers/STM32F4xx_HAL_Driver/Src/stm32f4xx_hal_spi.o
 .ARM.attributes
                0x0000000000000553       0x34 ./Drivers/STM32F4xx_HAL_Driver/Src/stm32f4xx_hal_tim.o
 .ARM.attributes
                0x0000000000000587       0x34 ./Drivers/STM32F4xx_HAL_Driver/Src/stm32f4xx_hal_tim_ex.o
 .ARM.attributes
                0x00000000000005bb       0x34 ./Drivers/STM32F4xx_HAL_Driver/Src/stm32f4xx_hal_uart.o
 .ARM.attributes
                0x00000000000005ef       0x34 ./Drivers/STM32F4xx_HAL_Driver/Src/stm32f4xx_ll_fmc.o
 .ARM.attributes
                0x0000000000000623       0x34 c:/st/stm32cubeide_1.12.1/stm32cubeide/plugins/com.st.stm32cube.ide.mcu.externaltools.gnu-tools-for-stm32.10.3-2021.10.win32_1.0.200.202301161003/tools/bin/../lib/gcc/arm-none-eabi/10.3.1/../../../../arm-none-eabi/lib/thumb/v7e-m+fp/hard\libc_nano.a(lib_a-errno.o)
 .ARM.attributes
                0x0000000000000657       0x34 c:/st/stm32cubeide_1.12.1/stm32cubeide/plugins/com.st.stm32cube.ide.mcu.externaltools.gnu-tools-for-stm32.10.3-2021.10.win32_1.0.200.202301161003/tools/bin/../lib/gcc/arm-none-eabi/10.3.1/../../../../arm-none-eabi/lib/thumb/v7e-m+fp/hard\libc_nano.a(lib_a-impure.o)
 .ARM.attributes
                0x000000000000068b       0x34 c:/st/stm32cubeide_1.12.1/stm32cubeide/plugins/com.st.stm32cube.ide.mcu.externaltools.gnu-tools-for-stm32.10.3-2021.10.win32_1.0.200.202301161003/tools/bin/../lib/gcc/arm-none-eabi/10.3.1/../../../../arm-none-eabi/lib/thumb/v7e-m+fp/hard\libc_nano.a(lib_a-init.o)
 .ARM.attributes
                0x00000000000006bf       0x34 c:/st/stm32cubeide_1.12.1/stm32cubeide/plugins/com.st.stm32cube.ide.mcu.externaltools.gnu-tools-for-stm32.10.3-2021.10.win32_1.0.200.202301161003/tools/bin/../lib/gcc/arm-none-eabi/10.3.1/../../../../arm-none-eabi/lib/thumb/v7e-m+fp/hard\libc_nano.a(lib_a-itoa.o)
 .ARM.attributes
                0x00000000000006f3       0x34 c:/st/stm32cubeide_1.12.1/stm32cubeide/plugins/com.st.stm32cube.ide.mcu.externaltools.gnu-tools-for-stm32.10.3-2021.10.win32_1.0.200.202301161003/tools/bin/../lib/gcc/arm-none-eabi/10.3.1/../../../../arm-none-eabi/lib/thumb/v7e-m+fp/hard\libc_nano.a(lib_a-memcpy-stub.o)
 .ARM.attributes
                0x0000000000000727       0x34 c:/st/stm32cubeide_1.12.1/stm32cubeide/plugins/com.st.stm32cube.ide.mcu.externaltools.gnu-tools-for-stm32.10.3-2021.10.win32_1.0.200.202301161003/tools/bin/../lib/gcc/arm-none-eabi/10.3.1/../../../../arm-none-eabi/lib/thumb/v7e-m+fp/hard\libc_nano.a(lib_a-memset.o)
 .ARM.attributes
                0x000000000000075b       0x34 c:/st/stm32cubeide_1.12.1/stm32cubeide/plugins/com.st.stm32cube.ide.mcu.externaltools.gnu-tools-for-stm32.10.3-2021.10.win32_1.0.200.202301161003/tools/bin/../lib/gcc/arm-none-eabi/10.3.1/../../../../arm-none-eabi/lib/thumb/v7e-m+fp/hard\libc_nano.a(lib_a-utoa.o)
 .ARM.attributes
                0x000000000000078f       0x34 c:/st/stm32cubeide_1.12.1/stm32cubeide/plugins/com.st.stm32cube.ide.mcu.externaltools.gnu-tools-for-stm32.10.3-2021.10.win32_1.0.200.202301161003/tools/bin/../lib/gcc/arm-none-eabi/10.3.1/../../../../arm-none-eabi/lib/thumb/v7e-m+fp/hard\libm.a(lib_a-w_pow.o)
 .ARM.attributes
                0x00000000000007c3       0x34 c:/st/stm32cubeide_1.12.1/stm32cubeide/plugins/com.st.stm32cube.ide.mcu.externaltools.gnu-tools-for-stm32.10.3-2021.10.win32_1.0.200.202301161003/tools/bin/../lib/gcc/arm-none-eabi/10.3.1/../../../../arm-none-eabi/lib/thumb/v7e-m+fp/hard\libm.a(lib_a-e_pow.o)
 .ARM.attributes
                0x00000000000007f7       0x34 c:/st/stm32cubeide_1.12.1/stm32cubeide/plugins/com.st.stm32cube.ide.mcu.externaltools.gnu-tools-for-stm32.10.3-2021.10.win32_1.0.200.202301161003/tools/bin/../lib/gcc/arm-none-eabi/10.3.1/../../../../arm-none-eabi/lib/thumb/v7e-m+fp/hard\libm.a(lib_a-e_sqrt.o)
 .ARM.attributes
                0x000000000000082b       0x34 c:/st/stm32cubeide_1.12.1/stm32cubeide/plugins/com.st.stm32cube.ide.mcu.externaltools.gnu-tools-for-stm32.10.3-2021.10.win32_1.0.200.202301161003/tools/bin/../lib/gcc/arm-none-eabi/10.3.1/../../../../arm-none-eabi/lib/thumb/v7e-m+fp/hard\libm.a(lib_a-math_err.o)
 .ARM.attributes
                0x000000000000085f       0x34 c:/st/stm32cubeide_1.12.1/stm32cubeide/plugins/com.st.stm32cube.ide.mcu.externaltools.gnu-tools-for-stm32.10.3-2021.10.win32_1.0.200.202301161003/tools/bin/../lib/gcc/arm-none-eabi/10.3.1/../../../../arm-none-eabi/lib/thumb/v7e-m+fp/hard\libm.a(lib_a-s_fabs.o)
 .ARM.attributes
                0x0000000000000893       0x34 c:/st/stm32cubeide_1.12.1/stm32cubeide/plugins/com.st.stm32cube.ide.mcu.externaltools.gnu-tools-for-stm32.10.3-2021.10.win32_1.0.200.202301161003/tools/bin/../lib/gcc/arm-none-eabi/10.3.1/../../../../arm-none-eabi/lib/thumb/v7e-m+fp/hard\libm.a(lib_a-s_finite.o)
 .ARM.attributes
                0x00000000000008c7       0x34 c:/st/stm32cubeide_1.12.1/stm32cubeide/plugins/com.st.stm32cube.ide.mcu.externaltools.gnu-tools-for-stm32.10.3-2021.10.win32_1.0.200.202301161003/tools/bin/../lib/gcc/arm-none-eabi/10.3.1/../../../../arm-none-eabi/lib/thumb/v7e-m+fp/hard\libm.a(lib_a-s_scalbn.o)
 .ARM.attributes
                0x00000000000008fb       0x1e c:/st/stm32cubeide_1.12.1/stm32cubeide/plugins/com.st.stm32cube.ide.mcu.externaltools.gnu-tools-for-stm32.10.3-2021.10.win32_1.0.200.202301161003/tools/bin/../lib/gcc/arm-none-eabi/10.3.1/thumb/v7e-m+fp/hard\libgcc.a(_arm_addsubdf3.o)
 .ARM.attributes
                0x0000000000000919       0x1e c:/st/stm32cubeide_1.12.1/stm32cubeide/plugins/com.st.stm32cube.ide.mcu.externaltools.gnu-tools-for-stm32.10.3-2021.10.win32_1.0.200.202301161003/tools/bin/../lib/gcc/arm-none-eabi/10.3.1/thumb/v7e-m+fp/hard\libgcc.a(_arm_muldivdf3.o)
 .ARM.attributes
                0x0000000000000937       0x1e c:/st/stm32cubeide_1.12.1/stm32cubeide/plugins/com.st.stm32cube.ide.mcu.externaltools.gnu-tools-for-stm32.10.3-2021.10.win32_1.0.200.202301161003/tools/bin/../lib/gcc/arm-none-eabi/10.3.1/thumb/v7e-m+fp/hard\libgcc.a(_arm_cmpdf2.o)
 .ARM.attributes
                0x0000000000000955       0x1e c:/st/stm32cubeide_1.12.1/stm32cubeide/plugins/com.st.stm32cube.ide.mcu.externaltools.gnu-tools-for-stm32.10.3-2021.10.win32_1.0.200.202301161003/tools/bin/../lib/gcc/arm-none-eabi/10.3.1/thumb/v7e-m+fp/hard\libgcc.a(_arm_unorddf2.o)
 .ARM.attributes
                0x0000000000000973       0x1e c:/st/stm32cubeide_1.12.1/stm32cubeide/plugins/com.st.stm32cube.ide.mcu.externaltools.gnu-tools-for-stm32.10.3-2021.10.win32_1.0.200.202301161003/tools/bin/../lib/gcc/arm-none-eabi/10.3.1/thumb/v7e-m+fp/hard\libgcc.a(_arm_fixdfsi.o)
 .ARM.attributes
                0x0000000000000991       0x1e c:/st/stm32cubeide_1.12.1/stm32cubeide/plugins/com.st.stm32cube.ide.mcu.externaltools.gnu-tools-for-stm32.10.3-2021.10.win32_1.0.200.202301161003/tools/bin/../lib/gcc/arm-none-eabi/10.3.1/thumb/v7e-m+fp/hard\libgcc.a(_aeabi_uldivmod.o)
 .ARM.attributes
                0x00000000000009af       0x34 c:/st/stm32cubeide_1.12.1/stm32cubeide/plugins/com.st.stm32cube.ide.mcu.externaltools.gnu-tools-for-stm32.10.3-2021.10.win32_1.0.200.202301161003/tools/bin/../lib/gcc/arm-none-eabi/10.3.1/thumb/v7e-m+fp/hard\libgcc.a(_udivmoddi4.o)
 .ARM.attributes
                0x00000000000009e3       0x1e c:/st/stm32cubeide_1.12.1/stm32cubeide/plugins/com.st.stm32cube.ide.mcu.externaltools.gnu-tools-for-stm32.10.3-2021.10.win32_1.0.200.202301161003/tools/bin/../lib/gcc/arm-none-eabi/10.3.1/thumb/v7e-m+fp/hard\libgcc.a(_dvmd_tls.o)
 .ARM.attributes
                0x0000000000000a01       0x1e c:/st/stm32cubeide_1.12.1/stm32cubeide/plugins/com.st.stm32cube.ide.mcu.externaltools.gnu-tools-for-stm32.10.3-2021.10.win32_1.0.200.202301161003/tools/bin/../lib/gcc/arm-none-eabi/10.3.1/thumb/v7e-m+fp/hard/crtn.o
OUTPUT(BUV_panel.elf elf32-littlearm)
LOAD linker stubs
LOAD c:/st/stm32cubeide_1.12.1/stm32cubeide/plugins/com.st.stm32cube.ide.mcu.externaltools.gnu-tools-for-stm32.10.3-2021.10.win32_1.0.200.202301161003/tools/bin/../lib/gcc/arm-none-eabi/10.3.1/../../../../arm-none-eabi/lib/thumb/v7e-m+fp/hard\libc.a
LOAD c:/st/stm32cubeide_1.12.1/stm32cubeide/plugins/com.st.stm32cube.ide.mcu.externaltools.gnu-tools-for-stm32.10.3-2021.10.win32_1.0.200.202301161003/tools/bin/../lib/gcc/arm-none-eabi/10.3.1/../../../../arm-none-eabi/lib/thumb/v7e-m+fp/hard\libm.a
LOAD c:/st/stm32cubeide_1.12.1/stm32cubeide/plugins/com.st.stm32cube.ide.mcu.externaltools.gnu-tools-for-stm32.10.3-2021.10.win32_1.0.200.202301161003/tools/bin/../lib/gcc/arm-none-eabi/10.3.1/thumb/v7e-m+fp/hard\libgcc.a

.debug_info     0x0000000000000000    0x1ab70
 .debug_info    0x0000000000000000      0x868 ./Core/Src/MB_Slave_Lib.o
 .debug_info    0x0000000000000868      0x9fd ./Core/Src/Screens.o
 .debug_info    0x0000000000001265     0x2811 ./Core/Src/main.o
 .debug_info    0x0000000000003a76     0x1f7a ./Core/Src/stm32f4xx_hal_msp.o
 .debug_info    0x00000000000059f0     0x10d3 ./Core/Src/stm32f4xx_it.o
 .debug_info    0x0000000000006ac3      0x53f ./Core/Src/system_stm32f4xx.o
 .debug_info    0x0000000000007002       0x22 ./Core/Startup/startup_stm32f429bitx.o
 .debug_info    0x0000000000007024     0x1c73 ./Core/font/Font_Processor.o
 .debug_info    0x0000000000008c97      0x410 ./Core/font/Graphic.o
 .debug_info    0x00000000000090a7       0xd7 ./Core/font/font_RU_18x27.o
 .debug_info    0x000000000000917e       0xd7 ./Core/font/ub_font_arial_11x18.o
 .debug_info    0x0000000000009255       0xd7 ./Core/font/ub_font_arial_16x25.o
 .debug_info    0x000000000000932c      0x9f4 ./Drivers/STM32F4xx_HAL_Driver/Src/stm32f4xx_hal.o
 .debug_info    0x0000000000009d20      0xe51 ./Drivers/STM32F4xx_HAL_Driver/Src/stm32f4xx_hal_cortex.o
 .debug_info    0x000000000000ab71      0x94f ./Drivers/STM32F4xx_HAL_Driver/Src/stm32f4xx_hal_dma.o
 .debug_info    0x000000000000b4c0      0xf91 ./Drivers/STM32F4xx_HAL_Driver/Src/stm32f4xx_hal_dma2d.o
 .debug_info    0x000000000000c451      0x5d2 ./Drivers/STM32F4xx_HAL_Driver/Src/stm32f4xx_hal_flash.o
 .debug_info    0x000000000000ca23      0x8f9 ./Drivers/STM32F4xx_HAL_Driver/Src/stm32f4xx_hal_flash_ex.o
 .debug_info    0x000000000000d31c      0x786 ./Drivers/STM32F4xx_HAL_Driver/Src/stm32f4xx_hal_gpio.o
 .debug_info    0x000000000000daa2     0x114d ./Drivers/STM32F4xx_HAL_Driver/Src/stm32f4xx_hal_ltdc.o
 .debug_info    0x000000000000ebef      0x6e6 ./Drivers/STM32F4xx_HAL_Driver/Src/stm32f4xx_hal_pwr_ex.o
 .debug_info    0x000000000000f2d5      0x982 ./Drivers/STM32F4xx_HAL_Driver/Src/stm32f4xx_hal_rcc.o
 .debug_info    0x000000000000fc57      0x689 ./Drivers/STM32F4xx_HAL_Driver/Src/stm32f4xx_hal_rcc_ex.o
 .debug_info    0x00000000000102e0      0xf46 ./Drivers/STM32F4xx_HAL_Driver/Src/stm32f4xx_hal_sdram.o
 .debug_info    0x0000000000011226     0x1758 ./Drivers/STM32F4xx_HAL_Driver/Src/stm32f4xx_hal_spi.o
 .debug_info    0x000000000001297e     0x2bbe ./Drivers/STM32F4xx_HAL_Driver/Src/stm32f4xx_hal_tim.o
 .debug_info    0x000000000001553c     0x15e0 ./Drivers/STM32F4xx_HAL_Driver/Src/stm32f4xx_hal_tim_ex.o
 .debug_info    0x0000000000016b1c     0x31bc ./Drivers/STM32F4xx_HAL_Driver/Src/stm32f4xx_hal_uart.o
 .debug_info    0x0000000000019cd8      0xe98 ./Drivers/STM32F4xx_HAL_Driver/Src/stm32f4xx_ll_fmc.o

.debug_abbrev   0x0000000000000000     0x39f7
 .debug_abbrev  0x0000000000000000      0x23d ./Core/Src/MB_Slave_Lib.o
 .debug_abbrev  0x000000000000023d      0x20f ./Core/Src/Screens.o
 .debug_abbrev  0x000000000000044c      0x367 ./Core/Src/main.o
 .debug_abbrev  0x00000000000007b3      0x2a2 ./Core/Src/stm32f4xx_hal_msp.o
 .debug_abbrev  0x0000000000000a55      0x2b0 ./Core/Src/stm32f4xx_it.o
 .debug_abbrev  0x0000000000000d05      0x116 ./Core/Src/system_stm32f4xx.o
 .debug_abbrev  0x0000000000000e1b       0x12 ./Core/Startup/startup_stm32f429bitx.o
 .debug_abbrev  0x0000000000000e2d      0x27c ./Core/font/Font_Processor.o
 .debug_abbrev  0x00000000000010a9      0x133 ./Core/font/Graphic.o
 .debug_abbrev  0x00000000000011dc       0x7a ./Core/font/font_RU_18x27.o
 .debug_abbrev  0x0000000000001256       0x7a ./Core/font/ub_font_arial_11x18.o
 .debug_abbrev  0x00000000000012d0       0x7a ./Core/font/ub_font_arial_16x25.o
 .debug_abbrev  0x000000000000134a      0x20d ./Drivers/STM32F4xx_HAL_Driver/Src/stm32f4xx_hal.o
 .debug_abbrev  0x0000000000001557      0x316 ./Drivers/STM32F4xx_HAL_Driver/Src/stm32f4xx_hal_cortex.o
 .debug_abbrev  0x000000000000186d      0x25b ./Drivers/STM32F4xx_HAL_Driver/Src/stm32f4xx_hal_dma.o
 .debug_abbrev  0x0000000000001ac8      0x22e ./Drivers/STM32F4xx_HAL_Driver/Src/stm32f4xx_hal_dma2d.o
 .debug_abbrev  0x0000000000001cf6      0x281 ./Drivers/STM32F4xx_HAL_Driver/Src/stm32f4xx_hal_flash.o
 .debug_abbrev  0x0000000000001f77      0x296 ./Drivers/STM32F4xx_HAL_Driver/Src/stm32f4xx_hal_flash_ex.o
 .debug_abbrev  0x000000000000220d      0x1c4 ./Drivers/STM32F4xx_HAL_Driver/Src/stm32f4xx_hal_gpio.o
 .debug_abbrev  0x00000000000023d1      0x221 ./Drivers/STM32F4xx_HAL_Driver/Src/stm32f4xx_hal_ltdc.o
 .debug_abbrev  0x00000000000025f2      0x1c9 ./Drivers/STM32F4xx_HAL_Driver/Src/stm32f4xx_hal_pwr_ex.o
 .debug_abbrev  0x00000000000027bb      0x2aa ./Drivers/STM32F4xx_HAL_Driver/Src/stm32f4xx_hal_rcc.o
 .debug_abbrev  0x0000000000002a65      0x1a8 ./Drivers/STM32F4xx_HAL_Driver/Src/stm32f4xx_hal_rcc_ex.o
 .debug_abbrev  0x0000000000002c0d      0x230 ./Drivers/STM32F4xx_HAL_Driver/Src/stm32f4xx_hal_sdram.o
 .debug_abbrev  0x0000000000002e3d      0x26e ./Drivers/STM32F4xx_HAL_Driver/Src/stm32f4xx_hal_spi.o
 .debug_abbrev  0x00000000000030ab      0x25d ./Drivers/STM32F4xx_HAL_Driver/Src/stm32f4xx_hal_tim.o
 .debug_abbrev  0x0000000000003308      0x265 ./Drivers/STM32F4xx_HAL_Driver/Src/stm32f4xx_hal_tim_ex.o
 .debug_abbrev  0x000000000000356d      0x2f4 ./Drivers/STM32F4xx_HAL_Driver/Src/stm32f4xx_hal_uart.o
 .debug_abbrev  0x0000000000003861      0x196 ./Drivers/STM32F4xx_HAL_Driver/Src/stm32f4xx_ll_fmc.o

.debug_aranges  0x0000000000000000     0x16c0
 .debug_aranges
                0x0000000000000000       0x40 ./Core/Src/MB_Slave_Lib.o
 .debug_aranges
                0x0000000000000040       0x28 ./Core/Src/Screens.o
 .debug_aranges
                0x0000000000000068       0x78 ./Core/Src/main.o
 .debug_aranges
                0x00000000000000e0       0x98 ./Core/Src/stm32f4xx_hal_msp.o
 .debug_aranges
                0x0000000000000178       0x88 ./Core/Src/stm32f4xx_it.o
 .debug_aranges
                0x0000000000000200       0x28 ./Core/Src/system_stm32f4xx.o
 .debug_aranges
                0x0000000000000228       0x28 ./Core/Startup/startup_stm32f429bitx.o
 .debug_aranges
                0x0000000000000250       0xe8 ./Core/font/Font_Processor.o
 .debug_aranges
                0x0000000000000338       0x38 ./Core/font/Graphic.o
 .debug_aranges
                0x0000000000000370       0x18 ./Core/font/font_RU_18x27.o
 .debug_aranges
                0x0000000000000388       0x18 ./Core/font/ub_font_arial_11x18.o
 .debug_aranges
                0x00000000000003a0       0x18 ./Core/font/ub_font_arial_16x25.o
 .debug_aranges
                0x00000000000003b8      0x100 ./Drivers/STM32F4xx_HAL_Driver/Src/stm32f4xx_hal.o
 .debug_aranges
                0x00000000000004b8      0x118 ./Drivers/STM32F4xx_HAL_Driver/Src/stm32f4xx_hal_cortex.o
 .debug_aranges
                0x00000000000005d0       0x90 ./Drivers/STM32F4xx_HAL_Driver/Src/stm32f4xx_hal_dma.o
 .debug_aranges
                0x0000000000000660      0x118 ./Drivers/STM32F4xx_HAL_Driver/Src/stm32f4xx_hal_dma2d.o
 .debug_aranges
                0x0000000000000778       0xa0 ./Drivers/STM32F4xx_HAL_Driver/Src/stm32f4xx_hal_flash.o
 .debug_aranges
                0x0000000000000818       0xd8 ./Drivers/STM32F4xx_HAL_Driver/Src/stm32f4xx_hal_flash_ex.o
 .debug_aranges
                0x00000000000008f0       0x58 ./Drivers/STM32F4xx_HAL_Driver/Src/stm32f4xx_hal_gpio.o
 .debug_aranges
                0x0000000000000948      0x158 ./Drivers/STM32F4xx_HAL_Driver/Src/stm32f4xx_hal_ltdc.o
 .debug_aranges
                0x0000000000000aa0       0x60 ./Drivers/STM32F4xx_HAL_Driver/Src/stm32f4xx_hal_pwr_ex.o
 .debug_aranges
                0x0000000000000b00       0x88 ./Drivers/STM32F4xx_HAL_Driver/Src/stm32f4xx_hal_rcc.o
 .debug_aranges
                0x0000000000000b88       0x58 ./Drivers/STM32F4xx_HAL_Driver/Src/stm32f4xx_hal_rcc_ex.o
 .debug_aranges
                0x0000000000000be0       0xe8 ./Drivers/STM32F4xx_HAL_Driver/Src/stm32f4xx_hal_sdram.o
 .debug_aranges
                0x0000000000000cc8      0x1d0 ./Drivers/STM32F4xx_HAL_Driver/Src/stm32f4xx_hal_spi.o
 .debug_aranges
                0x0000000000000e98      0x3d0 ./Drivers/STM32F4xx_HAL_Driver/Src/stm32f4xx_hal_tim.o
 .debug_aranges
                0x0000000000001268      0x168 ./Drivers/STM32F4xx_HAL_Driver/Src/stm32f4xx_hal_tim_ex.o
 .debug_aranges
                0x00000000000013d0      0x200 ./Drivers/STM32F4xx_HAL_Driver/Src/stm32f4xx_hal_uart.o
 .debug_aranges
                0x00000000000015d0       0xf0 ./Drivers/STM32F4xx_HAL_Driver/Src/stm32f4xx_ll_fmc.o

.debug_ranges   0x0000000000000000     0x1510
 .debug_ranges  0x0000000000000000       0x30 ./Core/Src/MB_Slave_Lib.o
 .debug_ranges  0x0000000000000030       0x18 ./Core/Src/Screens.o
 .debug_ranges  0x0000000000000048       0x68 ./Core/Src/main.o
 .debug_ranges  0x00000000000000b0       0x88 ./Core/Src/stm32f4xx_hal_msp.o
 .debug_ranges  0x0000000000000138       0x78 ./Core/Src/stm32f4xx_it.o
 .debug_ranges  0x00000000000001b0       0x18 ./Core/Src/system_stm32f4xx.o
 .debug_ranges  0x00000000000001c8       0x20 ./Core/Startup/startup_stm32f429bitx.o
 .debug_ranges  0x00000000000001e8       0xd8 ./Core/font/Font_Processor.o
 .debug_ranges  0x00000000000002c0       0x28 ./Core/font/Graphic.o
 .debug_ranges  0x00000000000002e8       0xf0 ./Drivers/STM32F4xx_HAL_Driver/Src/stm32f4xx_hal.o
 .debug_ranges  0x00000000000003d8      0x108 ./Drivers/STM32F4xx_HAL_Driver/Src/stm32f4xx_hal_cortex.o
 .debug_ranges  0x00000000000004e0       0x80 ./Drivers/STM32F4xx_HAL_Driver/Src/stm32f4xx_hal_dma.o
 .debug_ranges  0x0000000000000560      0x108 ./Drivers/STM32F4xx_HAL_Driver/Src/stm32f4xx_hal_dma2d.o
 .debug_ranges  0x0000000000000668       0x90 ./Drivers/STM32F4xx_HAL_Driver/Src/stm32f4xx_hal_flash.o
 .debug_ranges  0x00000000000006f8       0xc8 ./Drivers/STM32F4xx_HAL_Driver/Src/stm32f4xx_hal_flash_ex.o
 .debug_ranges  0x00000000000007c0       0x48 ./Drivers/STM32F4xx_HAL_Driver/Src/stm32f4xx_hal_gpio.o
 .debug_ranges  0x0000000000000808      0x148 ./Drivers/STM32F4xx_HAL_Driver/Src/stm32f4xx_hal_ltdc.o
 .debug_ranges  0x0000000000000950       0x50 ./Drivers/STM32F4xx_HAL_Driver/Src/stm32f4xx_hal_pwr_ex.o
 .debug_ranges  0x00000000000009a0       0x78 ./Drivers/STM32F4xx_HAL_Driver/Src/stm32f4xx_hal_rcc.o
 .debug_ranges  0x0000000000000a18       0x48 ./Drivers/STM32F4xx_HAL_Driver/Src/stm32f4xx_hal_rcc_ex.o
 .debug_ranges  0x0000000000000a60       0xd8 ./Drivers/STM32F4xx_HAL_Driver/Src/stm32f4xx_hal_sdram.o
 .debug_ranges  0x0000000000000b38      0x1c0 ./Drivers/STM32F4xx_HAL_Driver/Src/stm32f4xx_hal_spi.o
 .debug_ranges  0x0000000000000cf8      0x3c0 ./Drivers/STM32F4xx_HAL_Driver/Src/stm32f4xx_hal_tim.o
 .debug_ranges  0x00000000000010b8      0x158 ./Drivers/STM32F4xx_HAL_Driver/Src/stm32f4xx_hal_tim_ex.o
 .debug_ranges  0x0000000000001210      0x220 ./Drivers/STM32F4xx_HAL_Driver/Src/stm32f4xx_hal_uart.o
 .debug_ranges  0x0000000000001430       0xe0 ./Drivers/STM32F4xx_HAL_Driver/Src/stm32f4xx_ll_fmc.o

.debug_macro    0x0000000000000000     0x3c62
 .debug_macro   0x0000000000000000      0x21b ./Core/Src/MB_Slave_Lib.o
 .debug_macro   0x000000000000021b      0x229 ./Core/Src/Screens.o
 .debug_macro   0x0000000000000444      0x246 ./Core/Src/main.o
 .debug_macro   0x000000000000068a      0x23e ./Core/Src/stm32f4xx_hal_msp.o
 .debug_macro   0x00000000000008c8      0x250 ./Core/Src/stm32f4xx_it.o
 .debug_macro   0x0000000000000b18      0x217 ./Core/Src/system_stm32f4xx.o
 .debug_macro   0x0000000000000d2f      0x21f ./Core/font/Font_Processor.o
 .debug_macro   0x0000000000000f4e      0x217 ./Core/font/Graphic.o
 .debug_macro   0x0000000000001165      0x21b ./Core/font/font_RU_18x27.o
 .debug_macro   0x0000000000001380      0x21b ./Core/font/ub_font_arial_11x18.o
 .debug_macro   0x000000000000159b      0x21b ./Core/font/ub_font_arial_16x25.o
 .debug_macro   0x00000000000017b6      0x277 ./Drivers/STM32F4xx_HAL_Driver/Src/stm32f4xx_hal.o
 .debug_macro   0x0000000000001a2d      0x217 ./Drivers/STM32F4xx_HAL_Driver/Src/stm32f4xx_hal_cortex.o
 .debug_macro   0x0000000000001c44      0x21d ./Drivers/STM32F4xx_HAL_Driver/Src/stm32f4xx_hal_dma.o
 .debug_macro   0x0000000000001e61      0x226 ./Drivers/STM32F4xx_HAL_Driver/Src/stm32f4xx_hal_dma2d.o
 .debug_macro   0x0000000000002087      0x21d ./Drivers/STM32F4xx_HAL_Driver/Src/stm32f4xx_hal_flash.o
 .debug_macro   0x00000000000022a4      0x21d ./Drivers/STM32F4xx_HAL_Driver/Src/stm32f4xx_hal_flash_ex.o
 .debug_macro   0x00000000000024c1      0x21d ./Drivers/STM32F4xx_HAL_Driver/Src/stm32f4xx_hal_gpio.o
 .debug_macro   0x00000000000026de      0x21f ./Drivers/STM32F4xx_HAL_Driver/Src/stm32f4xx_hal_ltdc.o
 .debug_macro   0x00000000000028fd      0x22f ./Drivers/STM32F4xx_HAL_Driver/Src/stm32f4xx_hal_pwr_ex.o
 .debug_macro   0x0000000000002b2c      0x23b ./Drivers/STM32F4xx_HAL_Driver/Src/stm32f4xx_hal_rcc.o
 .debug_macro   0x0000000000002d67      0x217 ./Drivers/STM32F4xx_HAL_Driver/Src/stm32f4xx_hal_rcc_ex.o
 .debug_macro   0x0000000000002f7e      0x217 ./Drivers/STM32F4xx_HAL_Driver/Src/stm32f4xx_hal_sdram.o
 .debug_macro   0x0000000000003195      0x226 ./Drivers/STM32F4xx_HAL_Driver/Src/stm32f4xx_hal_spi.o
 .debug_macro   0x00000000000033bb      0x218 ./Drivers/STM32F4xx_HAL_Driver/Src/stm32f4xx_hal_tim.o
 .debug_macro   0x00000000000035d3      0x217 ./Drivers/STM32F4xx_HAL_Driver/Src/stm32f4xx_hal_tim_ex.o
 .debug_macro   0x00000000000037ea      0x218 ./Drivers/STM32F4xx_HAL_Driver/Src/stm32f4xx_hal_uart.o
 .debug_macro   0x0000000000003a02      0x260 ./Drivers/STM32F4xx_HAL_Driver/Src/stm32f4xx_ll_fmc.o

.debug_line     0x0000000000000000    0x1c9b3
 .debug_line    0x0000000000000000     0x15a0 ./Core/Src/MB_Slave_Lib.o
 .debug_line    0x00000000000015a0      0xa00 ./Core/Src/Screens.o
 .debug_line    0x0000000000001fa0      0xc99 ./Core/Src/main.o
 .debug_line    0x0000000000002c39      0xa83 ./Core/Src/stm32f4xx_hal_msp.o
 .debug_line    0x00000000000036bc      0xd39 ./Core/Src/stm32f4xx_it.o
 .debug_line    0x00000000000043f5      0x7d7 ./Core/Src/system_stm32f4xx.o
 .debug_line    0x0000000000004bcc       0x88 ./Core/Startup/startup_stm32f429bitx.o
 .debug_line    0x0000000000004c54     0x1461 ./Core/font/Font_Processor.o
 .debug_line    0x00000000000060b5      0x861 ./Core/font/Graphic.o
 .debug_line    0x0000000000006916      0x744 ./Core/font/font_RU_18x27.o
 .debug_line    0x000000000000705a      0x74a ./Core/font/ub_font_arial_11x18.o
 .debug_line    0x00000000000077a4      0x74a ./Core/font/ub_font_arial_16x25.o
 .debug_line    0x0000000000007eee      0xa73 ./Drivers/STM32F4xx_HAL_Driver/Src/stm32f4xx_hal.o
 .debug_line    0x0000000000008961      0xcec ./Drivers/STM32F4xx_HAL_Driver/Src/stm32f4xx_hal_cortex.o
 .debug_line    0x000000000000964d      0xfa1 ./Drivers/STM32F4xx_HAL_Driver/Src/stm32f4xx_hal_dma.o
 .debug_line    0x000000000000a5ee     0x11f5 ./Drivers/STM32F4xx_HAL_Driver/Src/stm32f4xx_hal_dma2d.o
 .debug_line    0x000000000000b7e3      0xacf ./Drivers/STM32F4xx_HAL_Driver/Src/stm32f4xx_hal_flash.o
 .debug_line    0x000000000000c2b2      0xd35 ./Drivers/STM32F4xx_HAL_Driver/Src/stm32f4xx_hal_flash_ex.o
 .debug_line    0x000000000000cfe7      0xbd9 ./Drivers/STM32F4xx_HAL_Driver/Src/stm32f4xx_hal_gpio.o
 .debug_line    0x000000000000dbc0     0x1770 ./Drivers/STM32F4xx_HAL_Driver/Src/stm32f4xx_hal_ltdc.o
 .debug_line    0x000000000000f330      0x96c ./Drivers/STM32F4xx_HAL_Driver/Src/stm32f4xx_hal_pwr_ex.o
 .debug_line    0x000000000000fc9c      0xdb9 ./Drivers/STM32F4xx_HAL_Driver/Src/stm32f4xx_hal_rcc.o
 .debug_line    0x0000000000010a55      0xc0e ./Drivers/STM32F4xx_HAL_Driver/Src/stm32f4xx_hal_rcc_ex.o