../Core/Src/stm32f4xx_it.c:105:6:NMI_Handler	0	static
../Core/Src/stm32f4xx_it.c:120:6:HardFault_Handler	0	static
../Core/Src/stm32f4xx_it.c:135:6:MemManage_Handler	0	static
../Core/Src/stm32f4xx_it.c:150:6:BusFault_Handler	0	static
../Core/Src/stm32f4xx_it.c:165:6:UsageFault_Handler	0	static
../Core/Src/stm32f4xx_it.c:180:6:SVC_Handler	0	static
../Core/Src/stm32f4xx_it.c:193:6:DebugMon_Handler	0	static
../Core/Src/stm32f4xx_it.c:206:6:PendSV_Handler	0	static
../Core/Src/stm32f4xx_it.c:260:6:TIM5_IRQHandler	8	static
../Core/Src/stm32f4xx_it.c:277:6:UART7_IRQHandler	8	static
../Core/Src/stm32f4xx_it.c:590:6:KeyboardCheck	72	static
../Core/Src/stm32f4xx_it.c:646:6:KeyboardClear	0	static
../Core/Src/stm32f4xx_it.c:294:6:KeyboardWork	32	static
../Core/Src/stm32f4xx_it.c:219:6:SysTick_Handler	8	static
