../Core/Src/main.c:148:5:main	64	static,ignoring_inline_asm
../Core/Src/main.c:376:6:SystemClock_Config	88	static
../Core/Src/main.c:429:13:MX_DMA2D_Init	8	static
../Core/Src/main.c:466:13:MX_LTDC_Init	64	static
../Core/Src/main.c:528:13:MX_SPI1_Init	8	static
../Core/Src/main.c:566:13:MX_TIM4_Init	64	static
../Core/Src/main.c:629:13:MX_TIM5_Init	32	static
../Core/Src/main.c:674:13:MX_UART7_Init	8	static
../Core/Src/main.c:782:13:MX_FMC_Init	40	static
../Core/Src/main.c:833:13:MX_GPIO_Init	72	static
../Core/Src/main.c:916:6:BSP_SDRAM_Initialization_Sequence	24	static
../Core/Src/main.c:973:6:Error_Handler	4	static,ignoring_inline_asm
