../Core/Src/stm32f4xx_it.c:98:6:NMI_Handler	4	static
../Core/Src/stm32f4xx_it.c:113:6:HardFault_Handler	4	static
../Core/Src/stm32f4xx_it.c:128:6:MemManage_Handler	4	static
../Core/Src/stm32f4xx_it.c:143:6:BusFault_Handler	4	static
../Core/Src/stm32f4xx_it.c:158:6:UsageFault_Handler	4	static
../Core/Src/stm32f4xx_it.c:173:6:SVC_Handler	4	static
../Core/Src/stm32f4xx_it.c:186:6:DebugMon_Handler	4	static
../Core/Src/stm32f4xx_it.c:199:6:PendSV_Handler	4	static
../Core/Src/stm32f4xx_it.c:212:6:SysTick_Handler	16	static
../Core/Src/stm32f4xx_it.c:261:6:TIM5_IRQHandler	8	static
../Core/Src/stm32f4xx_it.c:278:6:UART7_IRQHandler	8	static
../Core/Src/stm32f4xx_it.c:295:6:KeyboardWork	24	static
../Core/Src/stm32f4xx_it.c:443:6:KeyboardCheck	8	static
../Core/Src/stm32f4xx_it.c:499:6:KeyboardClear	4	static
