Archive member included to satisfy reference by file (symbol)

C:/ST/STM32CubeIDE_1.13.2/STM32CubeIDE/plugins/com.st.stm32cube.ide.mcu.externaltools.gnu-tools-for-stm32.11.3.rel1.win32_1.1.1.202309131626/tools/bin/../lib/gcc/arm-none-eabi/11.3.1/../../../../arm-none-eabi/lib/thumb/v7e-m+fp/hard\libc_nano.a(libc_a-exit.o)
                              C:/ST/STM32CubeIDE_1.13.2/STM32CubeIDE/plugins/com.st.stm32cube.ide.mcu.externaltools.gnu-tools-for-stm32.11.3.rel1.win32_1.1.1.202309131626/tools/bin/../lib/gcc/arm-none-eabi/11.3.1/../../../../arm-none-eabi/lib/thumb/v7e-m+fp/hard/crt0.o (exit)
C:/ST/STM32CubeIDE_1.13.2/STM32CubeIDE/plugins/com.st.stm32cube.ide.mcu.externaltools.gnu-tools-for-stm32.11.3.rel1.win32_1.1.1.202309131626/tools/bin/../lib/gcc/arm-none-eabi/11.3.1/../../../../arm-none-eabi/lib/thumb/v7e-m+fp/hard\libc_nano.a(libc_a-itoa.o)
                              ./Core/font/Font_Processor.o (itoa)
C:/ST/STM32CubeIDE_1.13.2/STM32CubeIDE/plugins/com.st.stm32cube.ide.mcu.externaltools.gnu-tools-for-stm32.11.3.rel1.win32_1.1.1.202309131626/tools/bin/../lib/gcc/arm-none-eabi/11.3.1/../../../../arm-none-eabi/lib/thumb/v7e-m+fp/hard\libc_nano.a(libc_a-utoa.o)
                              C:/ST/STM32CubeIDE_1.13.2/STM32CubeIDE/plugins/com.st.stm32cube.ide.mcu.externaltools.gnu-tools-for-stm32.11.3.rel1.win32_1.1.1.202309131626/tools/bin/../lib/gcc/arm-none-eabi/11.3.1/../../../../arm-none-eabi/lib/thumb/v7e-m+fp/hard\libc_nano.a(libc_a-itoa.o) (__utoa)
C:/ST/STM32CubeIDE_1.13.2/STM32CubeIDE/plugins/com.st.stm32cube.ide.mcu.externaltools.gnu-tools-for-stm32.11.3.rel1.win32_1.1.1.202309131626/tools/bin/../lib/gcc/arm-none-eabi/11.3.1/../../../../arm-none-eabi/lib/thumb/v7e-m+fp/hard\libc_nano.a(libc_a-findfp.o)
                              C:/ST/STM32CubeIDE_1.13.2/STM32CubeIDE/plugins/com.st.stm32cube.ide.mcu.externaltools.gnu-tools-for-stm32.11.3.rel1.win32_1.1.1.202309131626/tools/bin/../lib/gcc/arm-none-eabi/11.3.1/../../../../arm-none-eabi/lib/thumb/v7e-m+fp/hard\libc_nano.a(libc_a-exit.o) (__stdio_exit_handler)
C:/ST/STM32CubeIDE_1.13.2/STM32CubeIDE/plugins/com.st.stm32cube.ide.mcu.externaltools.gnu-tools-for-stm32.11.3.rel1.win32_1.1.1.202309131626/tools/bin/../lib/gcc/arm-none-eabi/11.3.1/../../../../arm-none-eabi/lib/thumb/v7e-m+fp/hard\libc_nano.a(libc_a-fwalk.o)
                              C:/ST/STM32CubeIDE_1.13.2/STM32CubeIDE/plugins/com.st.stm32cube.ide.mcu.externaltools.gnu-tools-for-stm32.11.3.rel1.win32_1.1.1.202309131626/tools/bin/../lib/gcc/arm-none-eabi/11.3.1/../../../../arm-none-eabi/lib/thumb/v7e-m+fp/hard\libc_nano.a(libc_a-findfp.o) (_fwalk_sglue)
C:/ST/STM32CubeIDE_1.13.2/STM32CubeIDE/plugins/com.st.stm32cube.ide.mcu.externaltools.gnu-tools-for-stm32.11.3.rel1.win32_1.1.1.202309131626/tools/bin/../lib/gcc/arm-none-eabi/11.3.1/../../../../arm-none-eabi/lib/thumb/v7e-m+fp/hard\libc_nano.a(libc_a-stdio.o)
                              C:/ST/STM32CubeIDE_1.13.2/STM32CubeIDE/plugins/com.st.stm32cube.ide.mcu.externaltools.gnu-tools-for-stm32.11.3.rel1.win32_1.1.1.202309131626/tools/bin/../lib/gcc/arm-none-eabi/11.3.1/../../../../arm-none-eabi/lib/thumb/v7e-m+fp/hard\libc_nano.a(libc_a-findfp.o) (__sread)
C:/ST/STM32CubeIDE_1.13.2/STM32CubeIDE/plugins/com.st.stm32cube.ide.mcu.externaltools.gnu-tools-for-stm32.11.3.rel1.win32_1.1.1.202309131626/tools/bin/../lib/gcc/arm-none-eabi/11.3.1/../../../../arm-none-eabi/lib/thumb/v7e-m+fp/hard\libc_nano.a(libc_a-memmove.o)
                              ./Core/font/Font_Processor.o (memmove)
C:/ST/STM32CubeIDE_1.13.2/STM32CubeIDE/plugins/com.st.stm32cube.ide.mcu.externaltools.gnu-tools-for-stm32.11.3.rel1.win32_1.1.1.202309131626/tools/bin/../lib/gcc/arm-none-eabi/11.3.1/../../../../arm-none-eabi/lib/thumb/v7e-m+fp/hard\libc_nano.a(libc_a-memset.o)
                              C:/ST/STM32CubeIDE_1.13.2/STM32CubeIDE/plugins/com.st.stm32cube.ide.mcu.externaltools.gnu-tools-for-stm32.11.3.rel1.win32_1.1.1.202309131626/tools/bin/../lib/gcc/arm-none-eabi/11.3.1/../../../../arm-none-eabi/lib/thumb/v7e-m+fp/hard/crt0.o (memset)
C:/ST/STM32CubeIDE_1.13.2/STM32CubeIDE/plugins/com.st.stm32cube.ide.mcu.externaltools.gnu-tools-for-stm32.11.3.rel1.win32_1.1.1.202309131626/tools/bin/../lib/gcc/arm-none-eabi/11.3.1/../../../../arm-none-eabi/lib/thumb/v7e-m+fp/hard\libc_nano.a(libc_a-closer.o)
                              C:/ST/STM32CubeIDE_1.13.2/STM32CubeIDE/plugins/com.st.stm32cube.ide.mcu.externaltools.gnu-tools-for-stm32.11.3.rel1.win32_1.1.1.202309131626/tools/bin/../lib/gcc/arm-none-eabi/11.3.1/../../../../arm-none-eabi/lib/thumb/v7e-m+fp/hard\libc_nano.a(libc_a-stdio.o) (_close_r)
C:/ST/STM32CubeIDE_1.13.2/STM32CubeIDE/plugins/com.st.stm32cube.ide.mcu.externaltools.gnu-tools-for-stm32.11.3.rel1.win32_1.1.1.202309131626/tools/bin/../lib/gcc/arm-none-eabi/11.3.1/../../../../arm-none-eabi/lib/thumb/v7e-m+fp/hard\libc_nano.a(libc_a-reent.o)
[...]
Memory Configuration

Name             Origin             Length             Attributes
CCMRAM           0x0000000010000000 0x0000000000010000 xrw
RAM              0x0000000020000000 0x0000000000030000 xrw
FLASH            0x0000000008000000 0x0000000000200000 xr
*default*        0x0000000000000000 0xffffffffffffffff

Linker script and memory map

LOAD C:/ST/STM32CubeIDE_1.13.2/STM32CubeIDE/plugins/com.st.stm32cube.ide.mcu.externaltools.gnu-tools-for-stm32.11.3.rel1.win32_1.1.1.202309131626/tools/bin/../lib/gcc/arm-none-eabi/11.3.1/thumb/v7e-m+fp/hard/crti.o
LOAD C:/ST/STM32CubeIDE_1.13.2/STM32CubeIDE/plugins/com.st.stm32cube.ide.mcu.externaltools.gnu-tools-for-stm32.11.3.rel1.win32_1.1.1.202309131626/tools/bin/../lib/gcc/arm-none-eabi/11.3.1/thumb/v7e-m+fp/hard/crtbegin.o
LOAD C:/ST/STM32CubeIDE_1.13.2/STM32CubeIDE/plugins/com.st.stm32cube.ide.mcu.externaltools.gnu-tools-for-stm32.11.3.rel1.win32_1.1.1.202309131626/tools/bin/../lib/gcc/arm-none-eabi/11.3.1/../../../../arm-none-eabi/lib/thumb/v7e-m+fp/hard/crt0.o
LOAD ./Core/Src/ADC_functions.o
LOAD ./Core/Src/MB_Slave_Lib.o
LOAD ./Core/Src/SPI_flash.o
LOAD ./Core/Src/Screens.o
LOAD ./Core/Src/algorithm_handler.o
LOAD ./Core/Src/fonts.o
LOAD ./Core/Src/main.o
LOAD ./Core/Src/stm32f4xx_hal_msp.o
LOAD ./Core/Src/stm32f4xx_it.o
LOAD ./Core/Src/syscalls.o
LOAD ./Core/Src/sysmem.o
LOAD ./Core/Src/system_stm32f4xx.o
LOAD ./Core/Startup/startup_stm32f429bitx.o
LOAD ./Core/font/Font_Processor.o
LOAD ./Core/font/Graphic.o
LOAD ./Core/font/TextBank.o
LOAD ./Core/font/font_RU_11x18.o
LOAD ./Core/font/font_RU_18x27.o
LOAD ./Core/font/ub_font_arial_10x15.o
LOAD ./Core/font/ub_font_arial_11x18.o
LOAD ./Core/font/ub_font_arial_13x19.o
LOAD ./Core/font/ub_font_arial_14x22.o
LOAD ./Core/font/ub_font_arial_16x25.o
LOAD ./Core/font/ub_font_arial_18x27.o
LOAD ./Core/font/ub_font_arial_7x10.o
LOAD ./Core/font/ub_font_arial_8x13.o
LOAD ./Core/font/ub_font_pArial_10.o
LOAD ./Core/font/ub_font_pArial_13.o
LOAD ./Core/font/ub_font_pArial_16.o
LOAD ./Core/font/ub_font_pArial_21.o
LOAD ./Core/font/ub_font_pComic_12.o
LOAD ./Core/font/ub_font_pComic_16.o
LOAD ./Core/font/ub_font_pComic_19.o
LOAD ./Core/font/ub_font_pTimes_12.o
LOAD ./Core/font/ub_font_pTimes_15.o
LOAD ./Core/font/ub_font_pTimes_18.o
LOAD ./Drivers/STM32F4xx_HAL_Driver/Src/stm32f4xx_hal.o
LOAD ./Drivers/STM32F4xx_HAL_Driver/Src/stm32f4xx_hal_cortex.o
LOAD ./Drivers/STM32F4xx_HAL_Driver/Src/stm32f4xx_hal_dma.o
LOAD ./Drivers/STM32F4xx_HAL_Driver/Src/stm32f4xx_hal_dma2d.o
LOAD ./Drivers/STM32F4xx_HAL_Driver/Src/stm32f4xx_hal_dma_ex.o
LOAD ./Drivers/STM32F4xx_HAL_Driver/Src/stm32f4xx_hal_dsi.o
LOAD ./Drivers/STM32F4xx_HAL_Driver/Src/stm32f4xx_hal_exti.o
LOAD ./Drivers/STM32F4xx_HAL_Driver/Src/stm32f4xx_hal_flash.o
LOAD ./Drivers/STM32F4xx_HAL_Driver/Src/stm32f4xx_hal_flash_ex.o
LOAD ./Drivers/STM32F4xx_HAL_Driver/Src/stm32f4xx_hal_flash_ramfunc.o
LOAD ./Drivers/STM32F4xx_HAL_Driver/Src/stm32f4xx_hal_gpio.o
LOAD ./Drivers/STM32F4xx_HAL_Driver/Src/stm32f4xx_hal_ltdc.o
LOAD ./Drivers/STM32F4xx_HAL_Driver/Src/stm32f4xx_hal_ltdc_ex.o
LOAD ./Drivers/STM32F4xx_HAL_Driver/Src/stm32f4xx_hal_pwr.o
LOAD ./Drivers/STM32F4xx_HAL_Driver/Src/stm32f4xx_hal_pwr_ex.o
LOAD ./Drivers/STM32F4xx_HAL_Driver/Src/stm32f4xx_hal_rcc.o
LOAD ./Drivers/STM32F4xx_HAL_Driver/Src/stm32f4xx_hal_rcc_ex.o
LOAD ./Drivers/STM32F4xx_HAL_Driver/Src/stm32f4xx_hal_sdram.o
LOAD ./Drivers/STM32F4xx_HAL_Driver/Src/stm32f4xx_hal_spi.o
LOAD ./Drivers/STM32F4xx_HAL_Driver/Src/stm32f4xx_hal_tim.o
LOAD ./Drivers/STM32F4xx_HAL_Driver/Src/stm32f4xx_hal_tim_ex.o
LOAD ./Drivers/STM32F4xx_HAL_Driver/Src/stm32f4xx_hal_uart.o
LOAD ./Drivers/STM32F4xx_HAL_Driver/Src/stm32f4xx_ll_fmc.o
START GROUP
LOAD C:/ST/STM32CubeIDE_1.13.2/STM32CubeIDE/plugins/com.st.stm32cube.ide.mcu.externaltools.gnu-tools-for-stm32.11.3.rel1.win32_1.1.1.202309131626/tools/bin/../lib/gcc/arm-none-eabi/11.3.1/../../../../arm-none-eabi/lib/thumb/v7e-m+fp/hard\libc_nano.a
LOAD C:/ST/STM32CubeIDE_1.13.2/STM32CubeIDE/plugins/com.st.stm32cube.ide.mcu.externaltools.gnu-tools-for-stm32.11.3.rel1.win32_1.1.1.202309131626/tools/bin/../lib/gcc/arm-none-eabi/11.3.1/../../../../arm-none-eabi/lib/thumb/v7e-m+fp/hard\libm.a
END GROUP
START GROUP
LOAD C:/ST/STM32CubeIDE_1.13.2/STM32CubeIDE/plugins/com.st.stm32cube.ide.mcu.externaltools.gnu-tools-for-stm32.11.3.rel1.win32_1.1.1.202309131626/tools/bin/../lib/gcc/arm-none-eabi/11.3.1/thumb/v7e-m+fp/hard\libgcc.a
LOAD C:/ST/STM32CubeIDE_1.13.2/STM32CubeIDE/plugins/com.st.stm32cube.ide.mcu.externaltools.gnu-tools-for-stm32.11.3.rel1.win32_1.1.1.202309131626/tools/bin/../lib/gcc/arm-none-eabi/11.3.1/../../../../arm-none-eabi/lib/thumb/v7e-m+fp/hard\libc_nano.a
END GROUP
START GROUP
LOAD C:/ST/STM32CubeIDE_1.13.2/STM32CubeIDE/plugins/com.st.stm32cube.ide.mcu.externaltools.gnu-tools-for-stm32.11.3.rel1.win32_1.1.1.202309131626/tools/bin/../lib/gcc/arm-none-eabi/11.3.1/thumb/v7e-m+fp/hard\libgcc.a
LOAD C:/ST/STM32CubeIDE_1.13.2/STM32CubeIDE/plugins/com.st.stm32cube.ide.mcu.externaltools.gnu-tools-for-stm32.11.3.rel1.win32_1.1.1.202309131626/tools/bin/../lib/gcc/arm-none-eabi/11.3.1/../../../../arm-none-eabi/lib/thumb/v7e-m+fp/hard\libc_nano.a
LOAD C:/ST/STM32CubeIDE_1.13.2/STM32CubeIDE/plugins/com.st.stm32cube.ide.mcu.externaltools.gnu-tools-for-stm32.11.3.rel1.win32_1.1.1.202309131626/tools/bin/../lib/gcc/arm-none-eabi/11.3.1/../../../../arm-none-eabi/lib/thumb/v7e-m+fp/hard\libnosys.a
END GROUP
START GROUP
LOAD C:/ST/STM32CubeIDE_1.13.2/STM32CubeIDE/plugins/com.st.stm32cube.ide.mcu.externaltools.gnu-tools-for-stm32.11.3.rel1.win32_1.1.1.202309131626/tools/bin/../lib/gcc/arm-none-eabi/11.3.1/thumb/v7e-m+fp/hard\libgcc.a
LOAD C:/ST/STM32CubeIDE_1.13.2/STM32CubeIDE/plugins/com.st.stm32cube.ide.mcu.externaltools.gnu-tools-for-stm32.11.3.rel1.win32_1.1.1.202309131626/tools/bin/../lib/gcc/arm-none-eabi/11.3.1/../../../../arm-none-eabi/lib/thumb/v7e-m+fp/hard\libc_nano.a
LOAD C:/ST/STM32CubeIDE_1.13.2/STM32CubeIDE/plugins/com.st.stm32cube.ide.mcu.externaltools.gnu-tools-for-stm32.11.3.rel1.win32_1.1.1.202309131626/tools/bin/../lib/gcc/arm-none-eabi/11.3.1/../../../../arm-none-eabi/lib/thumb/v7e-m+fp/hard\libnosys.a
END GROUP
LOAD C:/ST/STM32CubeIDE_1.13.2/STM32CubeIDE/plugins/com.st.stm32cube.ide.mcu.externaltools.gnu-tools-for-stm32.11.3.rel1.win32_1.1.1.202309131626/tools/bin/../lib/gcc/arm-none-eabi/11.3.1/thumb/v7e-m+fp/hard/crtend.o
LOAD C:/ST/STM32CubeIDE_1.13.2/STM32CubeIDE/plugins/com.st.stm32cube.ide.mcu.externaltools.gnu-tools-for-stm32.11.3.rel1.win32_1.1.1.202309131626/tools/bin/../lib/gcc/arm-none-eabi/11.3.1/thumb/v7e-m+fp/hard/crtn.o
                0x0000000020030000                _estack = (ORIGIN (RAM) + LENGTH (RAM))
                0x0000000000000200                _Min_Heap_Size = 0x200
                0x0000000000000400                _Min_Stack_Size = 0x400

.isr_vector     0x0000000008000000      0x1ac
                0x0000000008000000                . = ALIGN (0x4)
 *(.isr_vector)
 .isr_vector    0x0000000008000000      0x1ac ./Core/Startup/startup_stm32f429bitx.o
                0x0000000008000000                g_pfnVectors
                0x00000000080001ac                . = ALIGN (0x4)

.text           0x00000000080001b0     0x8730
                0x00000000080001b0                . = ALIGN (0x4)
 *(.text)
 .text          0x00000000080001b0       0x40 C:/ST/STM32CubeIDE_1.13.2/STM32CubeIDE/plugins/com.st.stm32cube.ide.mcu.externaltools.gnu-tools-for-stm32.11.3.rel1.win32_1.1.1.202309131626/tools/bin/../lib/gcc/arm-none-eabi/11.3.1/thumb/v7e-m+fp/hard/crtbegin.o
 .text          0x00000000080001f0      0x378 C:/ST/STM32CubeIDE_1.13.2/STM32CubeIDE/plugins/com.st.stm32cube.ide.mcu.externaltools.gnu-tools-for-stm32.11.3.rel1.win32_1.1.1.202309131626/tools/bin/../lib/gcc/arm-none-eabi/11.3.1/thumb/v7e-m+fp/hard\libgcc.a(_arm_addsubdf3.o)
                0x00000000080001f0                __aeabi_drsub
                0x00000000080001f8                __aeabi_dsub
                0x00000000080001f8                __subdf3
                0x00000000080001fc                __aeabi_dadd
                0x00000000080001fc                __adddf3
                0x0000000008000474                __floatunsidf
                0x0000000008000474                __aeabi_ui2d
                0x0000000008000494                __floatsidf
                0x0000000008000494                __aeabi_i2d
                0x00000000080004b8                __aeabi_f2d
                0x00000000080004b8                __extendsfdf2
                0x00000000080004fc                __floatundidf
                0x00000000080004fc                __aeabi_ul2d
                0x000000000800050c                __floatdidf
                0x000000000800050c                __aeabi_l2d
 .text          0x0000000008000568      0x424 C:/ST/STM32CubeIDE_1.13.2/STM32CubeIDE/plugins/com.st.stm32cube.ide.mcu.externaltools.gnu-tools-for-stm32.11.3.rel1.win32_1.1.1.202309131626/tools/bin/../lib/gcc/arm-none-eabi/11.3.1/thumb/v7e-m+fp/hard\libgcc.a(_arm_muldivdf3.o)
                0x0000000008000568                __aeabi_dmul
                0x0000000008000568                __muldf3
                0x00000000080007bc                __divdf3
                0x00000000080007bc                __aeabi_ddiv
 .text          0x000000000800098c      0x110 C:/ST/STM32CubeIDE_1.13.2/STM32CubeIDE/plugins/com.st.stm32cube.ide.mcu.externaltools.gnu-tools-for-stm32.11.3.rel1.win32_1.1.1.202309131626/tools/bin/../lib/gcc/arm-none-eabi/11.3.1/thumb/v7e-m+fp/hard\libgcc.a(_arm_cmpdf2.o)
                0x000000000800098c                __gtdf2
                0x000000000800098c                __gedf2
                0x0000000008000994                __ltdf2
                0x0000000008000994                __ledf2
                0x000000000800099c                __nedf2
                0x000000000800099c                __eqdf2
                0x000000000800099c                __cmpdf2
                0x0000000008000a18                __aeabi_cdrcmple
                0x0000000008000a28                __aeabi_cdcmpeq
                0x0000000008000a28                __aeabi_cdcmple
                0x0000000008000a38                __aeabi_dcmpeq
                0x0000000008000a4c                __aeabi_dcmplt
                0x0000000008000a60                __aeabi_dcmple
                0x0000000008000a74                __aeabi_dcmpge
                0x0000000008000a88                __aeabi_dcmpgt
 .text          0x0000000008000a9c       0x2c C:/ST/STM32CubeIDE_1.13.2/STM32CubeIDE/plugins/com.st.stm32cube.ide.mcu.externaltools.gnu-tools-for-stm32.11.3.rel1.win32_1.1.1.202309131626/tools/bin/../lib/gcc/arm-none-eabi/11.3.1/thumb/v7e-m+fp/hard\libgcc.a(_arm_unorddf2.o)
                0x0000000008000a9c                __unorddf2
                0x0000000008000a9c                __aeabi_dcmpun
 .text          0x0000000008000ac8       0x50 C:/ST/STM32CubeIDE_1.13.2/STM32CubeIDE/plugins/com.st.stm32cube.ide.mcu.externaltools.gnu-tools-for-stm32.11.3.rel1.win32_1.1.1.202309131626/tools/bin/../lib/gcc/arm-none-eabi/11.3.1/thumb/v7e-m+fp/hard\libgcc.a(_arm_fixdfsi.o)
                0x0000000008000ac8                __aeabi_d2iz
                0x0000000008000ac8                __fixdfsi
 .text          0x0000000008000b18       0x30 C:/ST/STM32CubeIDE_1.13.2/STM32CubeIDE/plugins/com.st.stm32cube.ide.mcu.externaltools.gnu-tools-for-stm32.11.3.rel1.win32_1.1.1.202309131626/tools/bin/../lib/gcc/arm-none-eabi/11.3.1/thumb/v7e-m+fp/hard\libgcc.a(_aeabi_uldivmod.o)
                0x0000000008000b18                __aeabi_uldivmod
 .text          0x0000000008000b48      0x2c8 C:/ST/STM32CubeIDE_1.13.2/STM32CubeIDE/plugins/com.st.stm32cube.ide.mcu.externaltools.gnu-tools-for-stm32.11.3.rel1.win32_1.1.1.202309131626/tools/bin/../lib/gcc/arm-none-eabi/11.3.1/thumb/v7e-m+fp/hard\libgcc.a(_udivmoddi4.o)
                0x0000000008000b48                __udivmoddi4
 .text          0x0000000008000e10        0x4 C:/ST/STM32CubeIDE_1.13.2/STM32CubeIDE/plugins/com.st.stm32cube.ide.mcu.externaltools.gnu-tools-for-stm32.11.3.rel1.win32_1.1.1.202309131626/tools/bin/../lib/gcc/arm-none-eabi/11.3.1/thumb/v7e-m+fp/hard\libgcc.a(_dvmd_tls.o)
                0x0000000008000e10                __aeabi_idiv0
                0x0000000008000e10                __aeabi_ldiv0
 *(.text*)
 .text.CRC_16_Modbus
                0x0000000008000e14       0x60 ./Core/Src/MB_Slave_Lib.o
                0x0000000008000e14                CRC_16_Modbus
 .text.Slave_PORT_Processor
                0x0000000008000e74       0x80 ./Core/Src/MB_Slave_Lib.o
                0x0000000008000e74                Slave_PORT_Processor
 .text.Slave_Processor
                0x0000000008000ef4      0x2e4 ./Core/Src/MB_Slave_Lib.o
                0x0000000008000ef4                Slave_Processor
 .text.Slave_Clock_1ms
                0x00000000080011d8       0x1e ./Core/Src/MB_Slave_Lib.o
                0x00000000080011d8                Slave_Clock_1ms
 *fill*         0x00000000080011f6        0x2 
 .text.Screens_init
                0x00000000080011f8      0x8cc ./Core/Src/Screens.o
                0x00000000080011f8                Screens_init
 .text.Set_Screen
                0x0000000008001ac4     0x1cfc ./Core/Src/Screens.o
                0x0000000008001ac4                Set_Screen
 .text.TimedBitValue_handler
                0x00000000080037c0       0x26 ./Core/Src/algorithm_handler.o
                0x00000000080037c0                TimedBitValue_handler
 *fill*         0x00000000080037e6        0x2 
 .text.MX_UART7_Init
                0x00000000080037e8       0x6c ./Core/Src/main.o
 .text.SystemClock_Config
                0x0000000008003854       0xac ./Core/Src/main.o
                0x0000000008003854                SystemClock_Config
 .text.BSP_SDRAM_Initialization_Sequence
                0x0000000008003900       0x84 ./Core/Src/main.o
                0x0000000008003900                BSP_SDRAM_Initialization_Sequence
 .text.startup.main
                0x0000000008003984      0x654 ./Core/Src/main.o
                0x0000000008003984                main
 .text.Error_Handler
                0x0000000008003fd8        0x4 ./Core/Src/main.o
                0x0000000008003fd8                Error_Handler
 .text.HAL_MspInit
                0x0000000008003fdc       0x38 ./Core/Src/stm32f4xx_hal_msp.o
                0x0000000008003fdc                HAL_MspInit
 .text.HAL_DMA2D_MspInit
                0x0000000008004014       0x30 ./Core/Src/stm32f4xx_hal_msp.o
                0x0000000008004014                HAL_DMA2D_MspInit
 .text.HAL_LTDC_MspInit
                0x0000000008004044      0x160 ./Core/Src/stm32f4xx_hal_msp.o
                0x0000000008004044                HAL_LTDC_MspInit
 .text.HAL_SPI_MspInit
                0x00000000080041a4       0x6c ./Core/Src/stm32f4xx_hal_msp.o
                0x00000000080041a4                HAL_SPI_MspInit
 .text.HAL_TIM_Base_MspInit
                0x0000000008004210       0x68 ./Core/Src/stm32f4xx_hal_msp.o
                0x0000000008004210                HAL_TIM_Base_MspInit
 .text.HAL_TIM_MspPostInit
                0x0000000008004278       0x54 ./Core/Src/stm32f4xx_hal_msp.o
                0x0000000008004278                HAL_TIM_MspPostInit
 .text.HAL_UART_MspInit
                0x00000000080042cc       0x7c ./Core/Src/stm32f4xx_hal_msp.o
                0x00000000080042cc                HAL_UART_MspInit
 .text.HAL_SDRAM_MspInit
                0x0000000008004348       0xbc ./Core/Src/stm32f4xx_hal_msp.o
                0x0000000008004348                HAL_SDRAM_MspInit
 .text.NMI_Handler
                0x0000000008004404        0x2 ./Core/Src/stm32f4xx_it.o
                0x0000000008004404                NMI_Handler
 .text.HardFault_Handler
                0x0000000008004406        0x2 ./Core/Src/stm32f4xx_it.o
                0x0000000008004406                HardFault_Handler
 .text.MemManage_Handler
                0x0000000008004408        0x2 ./Core/Src/stm32f4xx_it.o
                0x0000000008004408                MemManage_Handler
 .text.BusFault_Handler
                0x000000000800440a        0x2 ./Core/Src/stm32f4xx_it.o
                0x000000000800440a                BusFault_Handler
 .text.UsageFault_Handler
                0x000000000800440c        0x2 ./Core/Src/stm32f4xx_it.o
                0x000000000800440c                UsageFault_Handler
 .text.SVC_Handler
                0x000000000800440e        0x2 ./Core/Src/stm32f4xx_it.o
                0x000000000800440e                SVC_Handler
 .text.DebugMon_Handler
                0x0000000008004410        0x2 ./Core/Src/stm32f4xx_it.o
                0x0000000008004410                DebugMon_Handler
 .text.PendSV_Handler
                0x0000000008004412        0x2 ./Core/Src/stm32f4xx_it.o
                0x0000000008004412                PendSV_Handler
 .text.TIM5_IRQHandler
                0x0000000008004414       0x28 ./Core/Src/stm32f4xx_it.o
                0x0000000008004414                TIM5_IRQHandler
 .text.UART7_IRQHandler
                0x000000000800443c       0x24 ./Core/Src/stm32f4xx_it.o
                0x000000000800443c                UART7_IRQHandler
 .text.KeyboardCheck
                0x0000000008004460      0x33c ./Core/Src/stm32f4xx_it.o
                0x0000000008004460                KeyboardCheck
 .text.KeyboardClear
                0x000000000800479c       0x2c ./Core/Src/stm32f4xx_it.o
                0x000000000800479c                KeyboardClear
 .text.KeyboardWork
                0x00000000080047c8      0x340 ./Core/Src/stm32f4xx_it.o
                0x00000000080047c8                KeyboardWork
 .text.SysTick_Handler
                0x0000000008004b08       0x90 ./Core/Src/stm32f4xx_it.o
                0x0000000008004b08                SysTick_Handler
 .text.SystemInit
                0x0000000008004b98       0x14 ./Core/Src/system_stm32f4xx.o
                0x0000000008004b98                SystemInit
 .text.Reset_Handler
                0x0000000008004bac       0x50 ./Core/Startup/startup_stm32f429bitx.o
                0x0000000008004bac                Reset_Handler
 .text.Default_Handler
                0x0000000008004bfc        0x2 ./Core/Startup/startup_stm32f429bitx.o
                0x0000000008004bfc                RTC_Alarm_IRQHandler
                0x0000000008004bfc                HASH_RNG_IRQHandler
                0x0000000008004bfc                EXTI2_IRQHandler
                0x0000000008004bfc                TIM8_CC_IRQHandler
                0x0000000008004bfc                UART8_IRQHandler
                0x0000000008004bfc                SPI4_IRQHandler
                0x0000000008004bfc                TIM1_CC_IRQHandler
                0x0000000008004bfc                DMA2_Stream5_IRQHandler
                0x0000000008004bfc                DMA1_Stream5_IRQHandler
                0x0000000008004bfc                PVD_IRQHandler
                0x0000000008004bfc                SDIO_IRQHandler
                0x0000000008004bfc                TAMP_STAMP_IRQHandler
                0x0000000008004bfc                CAN2_RX1_IRQHandler
                0x0000000008004bfc                EXTI3_IRQHandler
                0x0000000008004bfc                TIM8_TRG_COM_TIM14_IRQHandler
                0x0000000008004bfc                TIM1_UP_TIM10_IRQHandler
                0x0000000008004bfc                TIM8_UP_TIM13_IRQHandler
                0x0000000008004bfc                I2C3_ER_IRQHandler
                0x0000000008004bfc                EXTI0_IRQHandler
                0x0000000008004bfc                I2C2_EV_IRQHandler
                0x0000000008004bfc                DMA1_Stream2_IRQHandler
                0x0000000008004bfc                CAN1_RX0_IRQHandler
                0x0000000008004bfc                FPU_IRQHandler
                0x0000000008004bfc                OTG_HS_WKUP_IRQHandler
                0x0000000008004bfc                LTDC_ER_IRQHandler
                0x0000000008004bfc                CAN2_SCE_IRQHandler
                0x0000000008004bfc                DMA2_Stream2_IRQHandler
                0x0000000008004bfc                SPI1_IRQHandler
                0x0000000008004bfc                TIM6_DAC_IRQHandler
                0x0000000008004bfc                TIM1_BRK_TIM9_IRQHandler
                0x0000000008004bfc                DCMI_IRQHandler
                0x0000000008004bfc                CAN2_RX0_IRQHandler
                0x0000000008004bfc                DMA2_Stream3_IRQHandler
                0x0000000008004bfc                USART6_IRQHandler
                0x0000000008004bfc                USART3_IRQHandler
                0x0000000008004bfc                CAN1_RX1_IRQHandler
                0x0000000008004bfc                UART5_IRQHandler
                0x0000000008004bfc                DMA2_Stream0_IRQHandler
                0x0000000008004bfc                TIM4_IRQHandler
                0x0000000008004bfc                I2C1_EV_IRQHandler
                0x0000000008004bfc                DMA1_Stream6_IRQHandler
                0x0000000008004bfc                DMA1_Stream1_IRQHandler
                0x0000000008004bfc                UART4_IRQHandler
                0x0000000008004bfc                TIM3_IRQHandler
                0x0000000008004bfc                RCC_IRQHandler
                0x0000000008004bfc                TIM8_BRK_TIM12_IRQHandler
                0x0000000008004bfc                Default_Handler
                0x0000000008004bfc                EXTI15_10_IRQHandler
                0x0000000008004bfc                ADC_IRQHandler
                0x0000000008004bfc                DMA1_Stream7_IRQHandler
                0x0000000008004bfc                SPI5_IRQHandler
                0x0000000008004bfc                TIM7_IRQHandler
                0x0000000008004bfc                CAN2_TX_IRQHandler
                0x0000000008004bfc                DMA2_Stream7_IRQHandler
                0x0000000008004bfc                I2C3_EV_IRQHandler
                0x0000000008004bfc                EXTI9_5_IRQHandler
                0x0000000008004bfc                RTC_WKUP_IRQHandler
                0x0000000008004bfc                LTDC_IRQHandler
                0x0000000008004bfc                ETH_WKUP_IRQHandler
                0x0000000008004bfc                SPI2_IRQHandler
                0x0000000008004bfc                OTG_HS_EP1_IN_IRQHandler
                0x0000000008004bfc                DMA1_Stream0_IRQHandler
                0x0000000008004bfc                CAN1_TX_IRQHandler
                0x0000000008004bfc                EXTI4_IRQHandler
                0x0000000008004bfc                ETH_IRQHandler
                0x0000000008004bfc                OTG_HS_EP1_OUT_IRQHandler
                0x0000000008004bfc                WWDG_IRQHandler
                0x0000000008004bfc                SPI6_IRQHandler
                0x0000000008004bfc                TIM2_IRQHandler
                0x0000000008004bfc                OTG_FS_WKUP_IRQHandler
                0x0000000008004bfc                TIM1_TRG_COM_TIM11_IRQHandler
                0x0000000008004bfc                OTG_HS_IRQHandler
                0x0000000008004bfc                DMA2D_IRQHandler
                0x0000000008004bfc                EXTI1_IRQHandler
                0x0000000008004bfc                USART2_IRQHandler
                0x0000000008004bfc                I2C2_ER_IRQHandler
                0x0000000008004bfc                DMA2_Stream1_IRQHandler
                0x0000000008004bfc                CAN1_SCE_IRQHandler
                0x0000000008004bfc                FLASH_IRQHandler
                0x0000000008004bfc                DMA2_Stream4_IRQHandler
                0x0000000008004bfc                USART1_IRQHandler
                0x0000000008004bfc                OTG_FS_IRQHandler
                0x0000000008004bfc                SPI3_IRQHandler
                0x0000000008004bfc                DMA1_Stream4_IRQHandler
                0x0000000008004bfc                I2C1_ER_IRQHandler
                0x0000000008004bfc                FMC_IRQHandler
                0x0000000008004bfc                DMA2_Stream6_IRQHandler
                0x0000000008004bfc                SAI1_IRQHandler
                0x0000000008004bfc                DMA1_Stream3_IRQHandler
 .text.DrawChar_16
                0x0000000008004bfe       0x84 ./Core/font/Font_Processor.o
                0x0000000008004bfe                DrawChar_16
 .text.DrawChar_32
                0x0000000008004c82       0x86 ./Core/font/Font_Processor.o
                0x0000000008004c82                DrawChar_32
 .text.DrawString_16
                0x0000000008004d08       0x5e ./Core/font/Font_Processor.o
                0x0000000008004d08                DrawString_16
 .text.Centred_DrawString_16
                0x0000000008004d66       0x34 ./Core/font/Font_Processor.o
                0x0000000008004d66                Centred_DrawString_16
 .text.RU_DrawString_32
                0x0000000008004d9a       0xc6 ./Core/font/Font_Processor.o
                0x0000000008004d9a                RU_DrawString_32
 .text.Short_Left_Colored_RU_DrawString_32
                0x0000000008004e60       0x3c ./Core/font/Font_Processor.o
                0x0000000008004e60                Short_Left_Colored_RU_DrawString_32
 .text.Centred_RU_DrawString_32
                0x0000000008004e9c       0x34 ./Core/font/Font_Processor.o
                0x0000000008004e9c                Centred_RU_DrawString_32
 .text.Short_Centred_RU_DrawString_32
                0x0000000008004ed0       0x38 ./Core/font/Font_Processor.o
                0x0000000008004ed0                Short_Centred_RU_DrawString_32
 .text.Centred_DrawNumber_16
                0x0000000008004f08      0x210 ./Core/font/Font_Processor.o
                0x0000000008004f08                Centred_DrawNumber_16
 .text.Centred_DrawNumber_16_32bit
                0x0000000008005118      0x238 ./Core/font/Font_Processor.o
                0x0000000008005118                Centred_DrawNumber_16_32bit
 .text.Centred_DrawNumber_16_32bit_controled
                0x0000000008005350      0x274 ./Core/font/Font_Processor.o
                0x0000000008005350                Centred_DrawNumber_16_32bit_controled
 .text.Short_Centred_DrawNumber_16
                0x00000000080055c4       0x50 ./Core/font/Font_Processor.o
                0x00000000080055c4                Short_Centred_DrawNumber_16
 *fill*         0x0000000008005614        0x4 
 .text.NumberChange
                0x0000000008005618      0x120 ./Core/font/Font_Processor.o
                0x0000000008005618                NumberChange
 .text.Zaliv    0x0000000008005738       0x26 ./Core/font/Graphic.o
                0x0000000008005738                Zaliv
 .text.Draw_Rectangle
                0x000000000800575e       0x42 ./Core/font/Graphic.o
                0x000000000800575e                Draw_Rectangle
 .text.HAL_InitTick
                0x00000000080057a0       0x48 ./Drivers/STM32F4xx_HAL_Driver/Src/stm32f4xx_hal.o
                0x00000000080057a0                HAL_InitTick
 .text.HAL_Init
                0x00000000080057e8       0x34 ./Drivers/STM32F4xx_HAL_Driver/Src/stm32f4xx_hal.o
                0x00000000080057e8                HAL_Init
 .text.HAL_IncTick
                0x000000000800581c       0x18 ./Drivers/STM32F4xx_HAL_Driver/Src/stm32f4xx_hal.o
                0x000000000800581c                HAL_IncTick
 .text.HAL_GetTick
                0x0000000008005834        0xc ./Drivers/STM32F4xx_HAL_Driver/Src/stm32f4xx_hal.o
                0x0000000008005834                HAL_GetTick
 .text.HAL_Delay
                0x0000000008005840       0x28 ./Drivers/STM32F4xx_HAL_Driver/Src/stm32f4xx_hal.o
                0x0000000008005840                HAL_Delay
 .text.HAL_NVIC_SetPriorityGrouping
                0x0000000008005868       0x24 ./Drivers/STM32F4xx_HAL_Driver/Src/stm32f4xx_hal_cortex.o
                0x0000000008005868                HAL_NVIC_SetPriorityGrouping
 .text.HAL_NVIC_SetPriority
                0x000000000800588c       0x64 ./Drivers/STM32F4xx_HAL_Driver/Src/stm32f4xx_hal_cortex.o
                0x000000000800588c                HAL_NVIC_SetPriority
 .text.HAL_NVIC_EnableIRQ
                0x00000000080058f0       0x1c ./Drivers/STM32F4xx_HAL_Driver/Src/stm32f4xx_hal_cortex.o
                0x00000000080058f0                HAL_NVIC_EnableIRQ
 .text.HAL_SYSTICK_Config
                0x000000000800590c       0x28 ./Drivers/STM32F4xx_HAL_Driver/Src/stm32f4xx_hal_cortex.o
                0x000000000800590c                HAL_SYSTICK_Config
 .text.HAL_DMA_Abort
                0x0000000008005934       0x7e ./Drivers/STM32F4xx_HAL_Driver/Src/stm32f4xx_hal_dma.o
                0x0000000008005934                HAL_DMA_Abort
 .text.HAL_DMA_Abort_IT
                0x00000000080059b2       0x24 ./Drivers/STM32F4xx_HAL_Driver/Src/stm32f4xx_hal_dma.o
                0x00000000080059b2                HAL_DMA_Abort_IT
 .text.HAL_DMA2D_Init
                0x00000000080059d6       0x58 ./Drivers/STM32F4xx_HAL_Driver/Src/stm32f4xx_hal_dma2d.o
                0x00000000080059d6                HAL_DMA2D_Init
 *fill*         0x0000000008005a2e        0x2 
 .text.HAL_DMA2D_ConfigLayer
                0x0000000008005a30       0x88 ./Drivers/STM32F4xx_HAL_Driver/Src/stm32f4xx_hal_dma2d.o
                0x0000000008005a30                HAL_DMA2D_ConfigLayer
 .text.HAL_DMA2D_EnableDeadTime
                0x0000000008005ab8       0x2a ./Drivers/STM32F4xx_HAL_Driver/Src/stm32f4xx_hal_dma2d.o
                0x0000000008005ab8                HAL_DMA2D_EnableDeadTime
 .text.HAL_DMA2D_ConfigDeadTime
                0x0000000008005ae2       0x2e ./Drivers/STM32F4xx_HAL_Driver/Src/stm32f4xx_hal_dma2d.o
                0x0000000008005ae2                HAL_DMA2D_ConfigDeadTime
 .text.FLASH_Program_DoubleWord
                0x0000000008005b10       0x2c ./Drivers/STM32F4xx_HAL_Driver/Src/stm32f4xx_hal_flash.o
 .text.FLASH_Program_Word
                0x0000000008005b3c       0x24 ./Drivers/STM32F4xx_HAL_Driver/Src/stm32f4xx_hal_flash.o
 .text.FLASH_Program_HalfWord
                0x0000000008005b60       0x24 ./Drivers/STM32F4xx_HAL_Driver/Src/stm32f4xx_hal_flash.o
 .text.FLASH_SetErrorCode
                0x0000000008005b84       0x8c ./Drivers/STM32F4xx_HAL_Driver/Src/stm32f4xx_hal_flash.o
 .text.HAL_FLASH_Unlock
                0x0000000008005c10       0x24 ./Drivers/STM32F4xx_HAL_Driver/Src/stm32f4xx_hal_flash.o
                0x0000000008005c10                HAL_FLASH_Unlock
 .text.HAL_FLASH_Lock
                0x0000000008005c34       0x14 ./Drivers/STM32F4xx_HAL_Driver/Src/stm32f4xx_hal_flash.o
                0x0000000008005c34                HAL_FLASH_Lock
 .text.FLASH_WaitForLastOperation
                0x0000000008005c48       0x50 ./Drivers/STM32F4xx_HAL_Driver/Src/stm32f4xx_hal_flash.o
                0x0000000008005c48                FLASH_WaitForLastOperation
 .text.HAL_FLASH_Program
                0x0000000008005c98       0x8c ./Drivers/STM32F4xx_HAL_Driver/Src/stm32f4xx_hal_flash.o
                0x0000000008005c98                HAL_FLASH_Program
 .text.FLASH_Erase_Sector
                0x0000000008005d24       0x44 ./Drivers/STM32F4xx_HAL_Driver/Src/stm32f4xx_hal_flash_ex.o
                0x0000000008005d24                FLASH_Erase_Sector
 .text.HAL_GPIO_Init
                0x0000000008005d68      0x1cc ./Drivers/STM32F4xx_HAL_Driver/Src/stm32f4xx_hal_gpio.o
                0x0000000008005d68                HAL_GPIO_Init
 .text.HAL_GPIO_ReadPin
                0x0000000008005f34        0xc ./Drivers/STM32F4xx_HAL_Driver/Src/stm32f4xx_hal_gpio.o
                0x0000000008005f34                HAL_GPIO_ReadPin
 .text.HAL_GPIO_WritePin
                0x0000000008005f40        0xa ./Drivers/STM32F4xx_HAL_Driver/Src/stm32f4xx_hal_gpio.o
                0x0000000008005f40                HAL_GPIO_WritePin
 *fill*         0x0000000008005f4a        0x2 
 .text.LTDC_SetConfig
                0x0000000008005f4c      0x104 ./Drivers/STM32F4xx_HAL_Driver/Src/stm32f4xx_hal_ltdc.o
 .text.HAL_LTDC_Init
                0x0000000008006050       0xd8 ./Drivers/STM32F4xx_HAL_Driver/Src/stm32f4xx_hal_ltdc.o
                0x0000000008006050                HAL_LTDC_Init
 .text.HAL_LTDC_ConfigLayer
                0x0000000008006128       0x5a ./Drivers/STM32F4xx_HAL_Driver/Src/stm32f4xx_hal_ltdc.o
                0x0000000008006128                HAL_LTDC_ConfigLayer
 .text.HAL_LTDC_SetAddress
                0x0000000008006182       0x40 ./Drivers/STM32F4xx_HAL_Driver/Src/stm32f4xx_hal_ltdc.o
                0x0000000008006182                HAL_LTDC_SetAddress
 *fill*         0x00000000080061c2        0x2 
 .text.HAL_PWREx_EnableOverDrive
                0x00000000080061c4       0x74 ./Drivers/STM32F4xx_HAL_Driver/Src/stm32f4xx_hal_pwr_ex.o
                0x00000000080061c4                HAL_PWREx_EnableOverDrive
 .text.HAL_RCC_OscConfig
                0x0000000008006238      0x358 ./Drivers/STM32F4xx_HAL_Driver/Src/stm32f4xx_hal_rcc.o
                0x0000000008006238                HAL_RCC_OscConfig
 .text.HAL_RCC_GetSysClockFreq
                0x0000000008006590       0x5c ./Drivers/STM32F4xx_HAL_Driver/Src/stm32f4xx_hal_rcc.o
                0x0000000008006590                HAL_RCC_GetSysClockFreq
 .text.HAL_RCC_ClockConfig
                0x00000000080065ec      0x134 ./Drivers/STM32F4xx_HAL_Driver/Src/stm32f4xx_hal_rcc.o
                0x00000000080065ec                HAL_RCC_ClockConfig
 .text.HAL_RCC_GetPCLK1Freq
                0x0000000008006720       0x20 ./Drivers/STM32F4xx_HAL_Driver/Src/stm32f4xx_hal_rcc.o
                0x0000000008006720                HAL_RCC_GetPCLK1Freq
 .text.HAL_RCC_GetPCLK2Freq
                0x0000000008006740       0x20 ./Drivers/STM32F4xx_HAL_Driver/Src/stm32f4xx_hal_rcc.o
                0x0000000008006740                HAL_RCC_GetPCLK2Freq
 .text.HAL_RCCEx_PeriphCLKConfig
                0x0000000008006760      0x254 ./Drivers/STM32F4xx_HAL_Driver/Src/stm32f4xx_hal_rcc_ex.o
                0x0000000008006760                HAL_RCCEx_PeriphCLKConfig
 .text.HAL_SDRAM_Init
                0x00000000080069b4       0x40 ./Drivers/STM32F4xx_HAL_Driver/Src/stm32f4xx_hal_sdram.o
                0x00000000080069b4                HAL_SDRAM_Init
 .text.HAL_SDRAM_SendCommand
                0x00000000080069f4       0x3c ./Drivers/STM32F4xx_HAL_Driver/Src/stm32f4xx_hal_sdram.o
                0x00000000080069f4                HAL_SDRAM_SendCommand
 .text.HAL_SPI_Init
                0x0000000008006a30       0xb8 ./Drivers/STM32F4xx_HAL_Driver/Src/stm32f4xx_hal_spi.o
                0x0000000008006a30                HAL_SPI_Init
 .text.TIM_OC1_SetConfig
                0x0000000008006ae8       0x64 ./Drivers/STM32F4xx_HAL_Driver/Src/stm32f4xx_hal_tim.o
 .text.TIM_OC3_SetConfig
                0x0000000008006b4c       0x6c ./Drivers/STM32F4xx_HAL_Driver/Src/stm32f4xx_hal_tim.o
 .text.TIM_OC4_SetConfig
                0x0000000008006bb8       0x4c ./Drivers/STM32F4xx_HAL_Driver/Src/stm32f4xx_hal_tim.o
 .text.HAL_TIM_Base_Start_IT
                0x0000000008006c04       0x74 ./Drivers/STM32F4xx_HAL_Driver/Src/stm32f4xx_hal_tim.o
                0x0000000008006c04                HAL_TIM_Base_Start_IT
 .text.HAL_TIM_PWM_MspInit
                0x0000000008006c78        0x2 ./Drivers/STM32F4xx_HAL_Driver/Src/stm32f4xx_hal_tim.o
                0x0000000008006c78                HAL_TIM_PWM_MspInit
 .text.HAL_TIM_PeriodElapsedCallback
                0x0000000008006c7a        0x2 ./Drivers/STM32F4xx_HAL_Driver/Src/stm32f4xx_hal_tim.o
                0x0000000008006c7a                HAL_TIM_PeriodElapsedCallback
 .text.HAL_TIM_OC_DelayElapsedCallback
                0x0000000008006c7c        0x2 ./Drivers/STM32F4xx_HAL_Driver/Src/stm32f4xx_hal_tim.o
                0x0000000008006c7c                HAL_TIM_OC_DelayElapsedCallback
 .text.HAL_TIM_IC_CaptureCallback
                0x0000000008006c7e        0x2 ./Drivers/STM32F4xx_HAL_Driver/Src/stm32f4xx_hal_tim.o
                0x0000000008006c7e                HAL_TIM_IC_CaptureCallback
 .text.HAL_TIM_PWM_PulseFinishedCallback
                0x0000000008006c80        0x2 ./Drivers/STM32F4xx_HAL_Driver/Src/stm32f4xx_hal_tim.o
                0x0000000008006c80                HAL_TIM_PWM_PulseFinishedCallback
 .text.HAL_TIM_TriggerCallback
                0x0000000008006c82        0x2 ./Drivers/STM32F4xx_HAL_Driver/Src/stm32f4xx_hal_tim.o
                0x0000000008006c82                HAL_TIM_TriggerCallback
 .text.HAL_TIM_IRQHandler
                0x0000000008006c84      0x144 ./Drivers/STM32F4xx_HAL_Driver/Src/stm32f4xx_hal_tim.o
                0x0000000008006c84                HAL_TIM_IRQHandler
 .text.TIM_Base_SetConfig
                0x0000000008006dc8       0xcc ./Drivers/STM32F4xx_HAL_Driver/Src/stm32f4xx_hal_tim.o
                0x0000000008006dc8                TIM_Base_SetConfig
 .text.HAL_TIM_Base_Init
                0x0000000008006e94       0x58 ./Drivers/STM32F4xx_HAL_Driver/Src/stm32f4xx_hal_tim.o
                0x0000000008006e94                HAL_TIM_Base_Init
 .text.HAL_TIM_PWM_Init
                0x0000000008006eec       0x58 ./Drivers/STM32F4xx_HAL_Driver/Src/stm32f4xx_hal_tim.o
                0x0000000008006eec                HAL_TIM_PWM_Init
 .text.TIM_OC2_SetConfig
                0x0000000008006f44       0x6c ./Drivers/STM32F4xx_HAL_Driver/Src/stm32f4xx_hal_tim.o
                0x0000000008006f44                TIM_OC2_SetConfig
 .text.HAL_TIM_PWM_ConfigChannel
                0x0000000008006fb0       0xb2 ./Drivers/STM32F4xx_HAL_Driver/Src/stm32f4xx_hal_tim.o
                0x0000000008006fb0                HAL_TIM_PWM_ConfigChannel
 .text.TIM_ETR_SetConfig
                0x0000000008007062       0x14 ./Drivers/STM32F4xx_HAL_Driver/Src/stm32f4xx_hal_tim.o
                0x0000000008007062                TIM_ETR_SetConfig
 .text.HAL_TIM_ConfigClockSource
                0x0000000008007076      0x132 ./Drivers/STM32F4xx_HAL_Driver/Src/stm32f4xx_hal_tim.o
                0x0000000008007076                HAL_TIM_ConfigClockSource
 .text.TIM_CCxChannelCmd
                0x00000000080071a8       0x1c ./Drivers/STM32F4xx_HAL_Driver/Src/stm32f4xx_hal_tim.o
                0x00000000080071a8                TIM_CCxChannelCmd
 .text.HAL_TIM_OC_Start
                0x00000000080071c4       0xcc ./Drivers/STM32F4xx_HAL_Driver/Src/stm32f4xx_hal_tim.o
                0x00000000080071c4                HAL_TIM_OC_Start
 .text.HAL_TIM_PWM_Start
                0x0000000008007290        0x4 ./Drivers/STM32F4xx_HAL_Driver/Src/stm32f4xx_hal_tim.o
                0x0000000008007290                HAL_TIM_PWM_Start
 .text.HAL_TIMEx_MasterConfigSynchronization
                0x0000000008007294       0x7c ./Drivers/STM32F4xx_HAL_Driver/Src/stm32f4xx_hal_tim_ex.o
                0x0000000008007294                HAL_TIMEx_MasterConfigSynchronization
 .text.HAL_TIMEx_CommutCallback
                0x0000000008007310        0x2 ./Drivers/STM32F4xx_HAL_Driver/Src/stm32f4xx_hal_tim_ex.o
                0x0000000008007310                HAL_TIMEx_CommutCallback
 .text.HAL_TIMEx_BreakCallback
                0x0000000008007312        0x2 ./Drivers/STM32F4xx_HAL_Driver/Src/stm32f4xx_hal_tim_ex.o
                0x0000000008007312                HAL_TIMEx_BreakCallback
 .text.UART_EndRxTransfer
                0x0000000008007314       0x5c ./Drivers/STM32F4xx_HAL_Driver/Src/stm32f4xx_hal_uart.o
 .text.UART_SetConfig
                0x0000000008007370       0xbc ./Drivers/STM32F4xx_HAL_Driver/Src/stm32f4xx_hal_uart.o
 .text.HAL_UART_Init
                0x000000000800742c       0x5c ./Drivers/STM32F4xx_HAL_Driver/Src/stm32f4xx_hal_uart.o
                0x000000000800742c                HAL_UART_Init
 .text.HAL_UART_TxCpltCallback
                0x0000000008007488        0x2 ./Drivers/STM32F4xx_HAL_Driver/Src/stm32f4xx_hal_uart.o
                0x0000000008007488                HAL_UART_TxCpltCallback
 .text.HAL_UART_RxCpltCallback
                0x000000000800748a        0x2 ./Drivers/STM32F4xx_HAL_Driver/Src/stm32f4xx_hal_uart.o
                0x000000000800748a                HAL_UART_RxCpltCallback
 .text.HAL_UART_ErrorCallback
                0x000000000800748c        0x2 ./Drivers/STM32F4xx_HAL_Driver/Src/stm32f4xx_hal_uart.o
                0x000000000800748c                HAL_UART_ErrorCallback
 .text.UART_DMAAbortOnError
                0x000000000800748e       0x10 ./Drivers/STM32F4xx_HAL_Driver/Src/stm32f4xx_hal_uart.o
 .text.HAL_UARTEx_RxEventCallback
                0x000000000800749e        0x2 ./Drivers/STM32F4xx_HAL_Driver/Src/stm32f4xx_hal_uart.o
                0x000000000800749e                HAL_UARTEx_RxEventCallback
 .text.UART_Receive_IT.isra.0
                0x00000000080074a0       0xb4 ./Drivers/STM32F4xx_HAL_Driver/Src/stm32f4xx_hal_uart.o
 .text.HAL_UART_IRQHandler
                0x0000000008007554      0x28c ./Drivers/STM32F4xx_HAL_Driver/Src/stm32f4xx_hal_uart.o
                0x0000000008007554                HAL_UART_IRQHandler
 .text.FMC_SDRAM_Init
                0x00000000080077e0       0x70 ./Drivers/STM32F4xx_HAL_Driver/Src/stm32f4xx_ll_fmc.o
                0x00000000080077e0                FMC_SDRAM_Init
 .text.FMC_SDRAM_Timing_Init
                0x0000000008007850       0x6c ./Drivers/STM32F4xx_HAL_Driver/Src/stm32f4xx_ll_fmc.o
                0x0000000008007850                FMC_SDRAM_Timing_Init
 .text.FMC_SDRAM_SendCommand
                0x00000000080078bc       0x4c ./Drivers/STM32F4xx_HAL_Driver/Src/stm32f4xx_ll_fmc.o
                0x00000000080078bc                FMC_SDRAM_SendCommand
 .text.__itoa   0x0000000008007908       0x30 C:/ST/STM32CubeIDE_1.13.2/STM32CubeIDE/plugins/com.st.stm32cube.ide.mcu.externaltools.gnu-tools-for-stm32.11.3.rel1.win32_1.1.1.202309131626/tools/bin/../lib/gcc/arm-none-eabi/11.3.1/../../../../arm-none-eabi/lib/thumb/v7e-m+fp/hard\libc_nano.a(libc_a-itoa.o)
                0x0000000008007908                __itoa
 .text.itoa     0x0000000008007938        0x4 C:/ST/STM32CubeIDE_1.13.2/STM32CubeIDE/plugins/com.st.stm32cube.ide.mcu.externaltools.gnu-tools-for-stm32.11.3.rel1.win32_1.1.1.202309131626/tools/bin/../lib/gcc/arm-none-eabi/11.3.1/../../../../arm-none-eabi/lib/thumb/v7e-m+fp/hard\libc_nano.a(libc_a-itoa.o)
                0x0000000008007938                itoa
 .text.__utoa   0x000000000800793c       0x84 C:/ST/STM32CubeIDE_1.13.2/STM32CubeIDE/plugins/com.st.stm32cube.ide.mcu.externaltools.gnu-tools-for-stm32.11.3.rel1.win32_1.1.1.202309131626/tools/bin/../lib/gcc/arm-none-eabi/11.3.1/../../../../arm-none-eabi/lib/thumb/v7e-m+fp/hard\libc_nano.a(libc_a-utoa.o)
                0x000000000800793c                __utoa
 .text.memmove  0x00000000080079c0       0x34 C:/ST/STM32CubeIDE_1.13.2/STM32CubeIDE/plugins/com.st.stm32cube.ide.mcu.externaltools.gnu-tools-for-stm32.11.3.rel1.win32_1.1.1.202309131626/tools/bin/../lib/gcc/arm-none-eabi/11.3.1/../../../../arm-none-eabi/lib/thumb/v7e-m+fp/hard\libc_nano.a(libc_a-memmove.o)
                0x00000000080079c0                memmove
 .text.memset   0x00000000080079f4       0x10 C:/ST/STM32CubeIDE_1.13.2/STM32CubeIDE/plugins/com.st.stm32cube.ide.mcu.externaltools.gnu-tools-for-stm32.11.3.rel1.win32_1.1.1.202309131626/tools/bin/../lib/gcc/arm-none-eabi/11.3.1/../../../../arm-none-eabi/lib/thumb/v7e-m+fp/hard\libc_nano.a(libc_a-memset.o)
                0x00000000080079f4                memset
 .text.__errno  0x0000000008007a04        0xc C:/ST/STM32CubeIDE_1.13.2/STM32CubeIDE/plugins/com.st.stm32cube.ide.mcu.externaltools.gnu-tools-for-stm32.11.3.rel1.win32_1.1.1.202309131626/tools/bin/../lib/gcc/arm-none-eabi/11.3.1/../../../../arm-none-eabi/lib/thumb/v7e-m+fp/hard\libc_nano.a(libc_a-errno.o)
                0x0000000008007a04                __errno
 .text.__libc_init_array
                0x0000000008007a10       0x48 C:/ST/STM32CubeIDE_1.13.2/STM32CubeIDE/plugins/com.st.stm32cube.ide.mcu.externaltools.gnu-tools-for-stm32.11.3.rel1.win32_1.1.1.202309131626/tools/bin/../lib/gcc/arm-none-eabi/11.3.1/../../../../arm-none-eabi/lib/thumb/v7e-m+fp/hard\libc_nano.a(libc_a-init.o)
                0x0000000008007a10                __libc_init_array
 .text.pow      0x0000000008007a58       0xe0 C:/ST/STM32CubeIDE_1.13.2/STM32CubeIDE/plugins/com.st.stm32cube.ide.mcu.externaltools.gnu-tools-for-stm32.11.3.rel1.win32_1.1.1.202309131626/tools/bin/../lib/gcc/arm-none-eabi/11.3.1/../../../../arm-none-eabi/lib/thumb/v7e-m+fp/hard\libm.a(libm_a-w_pow.o)
                0x0000000008007a58                pow
 .text.finite   0x0000000008007b38       0x16 C:/ST/STM32CubeIDE_1.13.2/STM32CubeIDE/plugins/com.st.stm32cube.ide.mcu.externaltools.gnu-tools-for-stm32.11.3.rel1.win32_1.1.1.202309131626/tools/bin/../lib/gcc/arm-none-eabi/11.3.1/../../../../arm-none-eabi/lib/thumb/v7e-m+fp/hard\libm.a(libm_a-s_finite.o)
                0x0000000008007b38                finite
 *fill*         0x0000000008007b4e        0x2 
 .text.__ieee754_pow
                0x0000000008007b50      0xa54 C:/ST/STM32CubeIDE_1.13.2/STM32CubeIDE/plugins/com.st.stm32cube.ide.mcu.externaltools.gnu-tools-for-stm32.11.3.rel1.win32_1.1.1.202309131626/tools/bin/../lib/gcc/arm-none-eabi/11.3.1/../../../../arm-none-eabi/lib/thumb/v7e-m+fp/hard\libm.a(libm_a-e_pow.o)
                0x0000000008007b50                __ieee754_pow
 .text.fabs     0x00000000080085a4       0x12 C:/ST/STM32CubeIDE_1.13.2/STM32CubeIDE/plugins/com.st.stm32cube.ide.mcu.externaltools.gnu-tools-for-stm32.11.3.rel1.win32_1.1.1.202309131626/tools/bin/../lib/gcc/arm-none-eabi/11.3.1/../../../../arm-none-eabi/lib/thumb/v7e-m+fp/hard\libm.a(libm_a-s_fabs.o)
                0x00000000080085a4                fabs
 *fill*         0x00000000080085b6        0x2 
 .text.scalbn   0x00000000080085b8       0xfc C:/ST/STM32CubeIDE_1.13.2/STM32CubeIDE/plugins/com.st.stm32cube.ide.mcu.externaltools.gnu-tools-for-stm32.11.3.rel1.win32_1.1.1.202309131626/tools/bin/../lib/gcc/arm-none-eabi/11.3.1/../../../../arm-none-eabi/lib/thumb/v7e-m+fp/hard\libm.a(libm_a-s_scalbn.o)
                0x00000000080085b8                scalbn
 .text.with_errno
                0x00000000080086b4       0x14 C:/ST/STM32CubeIDE_1.13.2/STM32CubeIDE/plugins/com.st.stm32cube.ide.mcu.externaltools.gnu-tools-for-stm32.11.3.rel1.win32_1.1.1.202309131626/tools/bin/../lib/gcc/arm-none-eabi/11.3.1/../../../../arm-none-eabi/lib/thumb/v7e-m+fp/hard\libm.a(libm_a-math_err.o)
 .text.xflow    0x00000000080086c8       0x28 C:/ST/STM32CubeIDE_1.13.2/STM32CubeIDE/plugins/com.st.stm32cube.ide.mcu.externaltools.gnu-tools-for-stm32.11.3.rel1.win32_1.1.1.202309131626/tools/bin/../lib/gcc/arm-none-eabi/11.3.1/../../../../arm-none-eabi/lib/thumb/v7e-m+fp/hard\libm.a(libm_a-math_err.o)
 .text.__math_uflow
                0x00000000080086f0       0x12 C:/ST/STM32CubeIDE_1.13.2/STM32CubeIDE/plugins/com.st.stm32cube.ide.mcu.externaltools.gnu-tools-for-stm32.11.3.rel1.win32_1.1.1.202309131626/tools/bin/../lib/gcc/arm-none-eabi/11.3.1/../../../../arm-none-eabi/lib/thumb/v7e-m+fp/hard\libm.a(libm_a-math_err.o)
                0x00000000080086f0                __math_uflow
 .text.__math_oflow
                0x0000000008008702       0x12 C:/ST/STM32CubeIDE_1.13.2/STM32CubeIDE/plugins/com.st.stm32cube.ide.mcu.externaltools.gnu-tools-for-stm32.11.3.rel1.win32_1.1.1.202309131626/tools/bin/../lib/gcc/arm-none-eabi/11.3.1/../../../../arm-none-eabi/lib/thumb/v7e-m+fp/hard\libm.a(libm_a-math_err.o)
                0x0000000008008702                __math_oflow
 .text.__ieee754_sqrt
                0x0000000008008714      0x1b4 C:/ST/STM32CubeIDE_1.13.2/STM32CubeIDE/plugins/com.st.stm32cube.ide.mcu.externaltools.gnu-tools-for-stm32.11.3.rel1.win32_1.1.1.202309131626/tools/bin/../lib/gcc/arm-none-eabi/11.3.1/../../../../arm-none-eabi/lib/thumb/v7e-m+fp/hard\libm.a(libm_a-e_sqrt.o)
                0x0000000008008714                __ieee754_sqrt
 *(.glue_7)
 .glue_7        0x00000000080088c8        0x0 linker stubs
 *(.glue_7t)
 .glue_7t       0x00000000080088c8        0x0 linker stubs
 *(.eh_frame)
 .eh_frame      0x00000000080088c8        0x0 C:/ST/STM32CubeIDE_1.13.2/STM32CubeIDE/plugins/com.st.stm32cube.ide.mcu.externaltools.gnu-tools-for-stm32.11.3.rel1.win32_1.1.1.202309131626/tools/bin/../lib/gcc/arm-none-eabi/11.3.1/thumb/v7e-m+fp/hard/crtbegin.o
 *(.init)
 .init          0x00000000080088c8        0x4 C:/ST/STM32CubeIDE_1.13.2/STM32CubeIDE/plugins/com.st.stm32cube.ide.mcu.externaltools.gnu-tools-for-stm32.11.3.rel1.win32_1.1.1.202309131626/tools/bin/../lib/gcc/arm-none-eabi/11.3.1/thumb/v7e-m+fp/hard/crti.o
                0x00000000080088c8                _init
 .init          0x00000000080088cc        0x8 C:/ST/STM32CubeIDE_1.13.2/STM32CubeIDE/plugins/com.st.stm32cube.ide.mcu.externaltools.gnu-tools-for-stm32.11.3.rel1.win32_1.1.1.202309131626/tools/bin/../lib/gcc/arm-none-eabi/11.3.1/thumb/v7e-m+fp/hard/crtn.o
 *(.fini)
 .fini          0x00000000080088d4        0x4 C:/ST/STM32CubeIDE_1.13.2/STM32CubeIDE/plugins/com.st.stm32cube.ide.mcu.externaltools.gnu-tools-for-stm32.11.3.rel1.win32_1.1.1.202309131626/tools/bin/../lib/gcc/arm-none-eabi/11.3.1/thumb/v7e-m+fp/hard/crti.o
                0x00000000080088d4                _fini
 .fini          0x00000000080088d8        0x8 C:/ST/STM32CubeIDE_1.13.2/STM32CubeIDE/plugins/com.st.stm32cube.ide.mcu.externaltools.gnu-tools-for-stm32.11.3.rel1.win32_1.1.1.202309131626/tools/bin/../lib/gcc/arm-none-eabi/11.3.1/thumb/v7e-m+fp/hard/crtn.o
                0x00000000080088e0                . = ALIGN (0x4)
                0x00000000080088e0                _etext = .

.vfp11_veneer   0x00000000080088e0        0x0
 .vfp11_veneer  0x00000000080088e0        0x0 linker stubs

.v4_bx          0x00000000080088e0        0x0
 .v4_bx         0x00000000080088e0        0x0 linker stubs

.iplt           0x00000000080088e0        0x0
 .iplt          0x00000000080088e0        0x0 C:/ST/STM32CubeIDE_1.13.2/STM32CubeIDE/plugins/com.st.stm32cube.ide.mcu.externaltools.gnu-tools-for-stm32.11.3.rel1.win32_1.1.1.202309131626/tools/bin/../lib/gcc/arm-none-eabi/11.3.1/thumb/v7e-m+fp/hard/crtbegin.o

.rodata         0x00000000080088e0     0x56d0
                0x00000000080088e0                . = ALIGN (0x4)
 *(.rodata)
 *(.rodata*)
 .rodata.Screens_init.str1.1
                0x00000000080088e0      0x3e1 ./Core/Src/Screens.o
                                        0x3e7 (size before relaxing)
 .rodata.Set_Screen.str1.1
                0x0000000008008cc1      0x9a3 ./Core/Src/Screens.o
 .rodata.AHBPrescTable
                0x0000000008009664       0x10 ./Core/Src/system_stm32f4xx.o
                0x0000000008009664                AHBPrescTable
 .rodata.APBPrescTable
                0x0000000008009674        0x8 ./Core/Src/system_stm32f4xx.o
                0x0000000008009674                APBPrescTable
 .rodata.RU_18x27_Table
                0x000000000800967c     0x28ec ./Core/font/font_RU_18x27.o
                0x000000000800967c                RU_18x27_Table
 .rodata.Arial_11x18_Table
                0x000000000800bf68      0xd5c ./Core/font/ub_font_arial_11x18.o
                0x000000000800bf68                Arial_11x18_Table
 .rodata.Arial_16x25_Table
                0x000000000800ccc4     0x128e ./Core/font/ub_font_arial_16x25.o
                0x000000000800ccc4                Arial_16x25_Table
 .rodata.CSWTCH.3
                0x000000000800df52        0x7 ./Drivers/STM32F4xx_HAL_Driver/Src/stm32f4xx_hal_ltdc.o
 .rodata.__utoa.str1.1
                0x000000000800df59       0x25 C:/ST/STM32CubeIDE_1.13.2/STM32CubeIDE/plugins/com.st.stm32cube.ide.mcu.externaltools.gnu-tools-for-stm32.11.3.rel1.win32_1.1.1.202309131626/tools/bin/../lib/gcc/arm-none-eabi/11.3.1/../../../../arm-none-eabi/lib/thumb/v7e-m+fp/hard\libc_nano.a(libc_a-utoa.o)
 *fill*         0x000000000800df7e        0x2 
 .rodata.bp     0x000000000800df80       0x10 C:/ST/STM32CubeIDE_1.13.2/STM32CubeIDE/plugins/com.st.stm32cube.ide.mcu.externaltools.gnu-tools-for-stm32.11.3.rel1.win32_1.1.1.202309131626/tools/bin/../lib/gcc/arm-none-eabi/11.3.1/../../../../arm-none-eabi/lib/thumb/v7e-m+fp/hard\libm.a(libm_a-e_pow.o)
 .rodata.dp_h   0x000000000800df90       0x10 C:/ST/STM32CubeIDE_1.13.2/STM32CubeIDE/plugins/com.st.stm32cube.ide.mcu.externaltools.gnu-tools-for-stm32.11.3.rel1.win32_1.1.1.202309131626/tools/bin/../lib/gcc/arm-none-eabi/11.3.1/../../../../arm-none-eabi/lib/thumb/v7e-m+fp/hard\libm.a(libm_a-e_pow.o)
 .rodata.dp_l   0x000000000800dfa0       0x10 C:/ST/STM32CubeIDE_1.13.2/STM32CubeIDE/plugins/com.st.stm32cube.ide.mcu.externaltools.gnu-tools-for-stm32.11.3.rel1.win32_1.1.1.202309131626/tools/bin/../lib/gcc/arm-none-eabi/11.3.1/../../../../arm-none-eabi/lib/thumb/v7e-m+fp/hard\libm.a(libm_a-e_pow.o)
                0x000000000800dfb0                . = ALIGN (0x4)

.ARM.extab      0x000000000800dfb0        0x0
                0x000000000800dfb0                . = ALIGN (0x4)
 *(.ARM.extab* .gnu.linkonce.armextab.*)
                0x000000000800dfb0                . = ALIGN (0x4)

.ARM            0x000000000800dfb0        0x8
                0x000000000800dfb0                . = ALIGN (0x4)
                0x000000000800dfb0                __exidx_start = .
 *(.ARM.exidx*)
 .ARM.exidx     0x000000000800dfb0        0x8 C:/ST/STM32CubeIDE_1.13.2/STM32CubeIDE/plugins/com.st.stm32cube.ide.mcu.externaltools.gnu-tools-for-stm32.11.3.rel1.win32_1.1.1.202309131626/tools/bin/../lib/gcc/arm-none-eabi/11.3.1/thumb/v7e-m+fp/hard\libgcc.a(_udivmoddi4.o)
                0x000000000800dfb8                __exidx_end = .
                0x000000000800dfb8                . = ALIGN (0x4)

.rel.dyn        0x000000000800dfb8        0x0
 .rel.iplt      0x000000000800dfb8        0x0 C:/ST/STM32CubeIDE_1.13.2/STM32CubeIDE/plugins/com.st.stm32cube.ide.mcu.externaltools.gnu-tools-for-stm32.11.3.rel1.win32_1.1.1.202309131626/tools/bin/../lib/gcc/arm-none-eabi/11.3.1/thumb/v7e-m+fp/hard/crtbegin.o

.preinit_array  0x000000000800dfb8        0x0
                0x000000000800dfb8                . = ALIGN (0x4)
                0x000000000800dfb8                PROVIDE (__preinit_array_start = .)
 *(.preinit_array*)
                0x000000000800dfb8                PROVIDE (__preinit_array_end = .)
                0x000000000800dfb8                . = ALIGN (0x4)

.init_array     0x000000000800dfb8        0x4
                0x000000000800dfb8                . = ALIGN (0x4)
                0x000000000800dfb8                PROVIDE (__init_array_start = .)
 *(SORT_BY_NAME(.init_array.*))
 *(.init_array*)
 .init_array    0x000000000800dfb8        0x4 C:/ST/STM32CubeIDE_1.13.2/STM32CubeIDE/plugins/com.st.stm32cube.ide.mcu.externaltools.gnu-tools-for-stm32.11.3.rel1.win32_1.1.1.202309131626/tools/bin/../lib/gcc/arm-none-eabi/11.3.1/thumb/v7e-m+fp/hard/crtbegin.o
                0x000000000800dfbc                PROVIDE (__init_array_end = .)
                0x000000000800dfbc                . = ALIGN (0x4)

.fini_array     0x000000000800dfbc        0x4
                0x000000000800dfbc                . = ALIGN (0x4)
                [!provide]                        PROVIDE (__fini_array_start = .)
 *(SORT_BY_NAME(.fini_array.*))
 *(.fini_array*)
 .fini_array    0x000000000800dfbc        0x4 C:/ST/STM32CubeIDE_1.13.2/STM32CubeIDE/plugins/com.st.stm32cube.ide.mcu.externaltools.gnu-tools-for-stm32.11.3.rel1.win32_1.1.1.202309131626/tools/bin/../lib/gcc/arm-none-eabi/11.3.1/thumb/v7e-m+fp/hard/crtbegin.o
                [!provide]                        PROVIDE (__fini_array_end = .)
                0x000000000800dfc0                . = ALIGN (0x4)
                0x000000000800dfc0                _sidata = LOADADDR (.data)

.data           0x0000000020000000       0x88 load address 0x000000000800dfc0
                0x0000000020000000                . = ALIGN (0x4)
                0x0000000020000000                _sdata = .
 *(.data)
 *(.data*)
 .data.BackgroundColor
                0x0000000020000000        0x4 ./Core/Src/main.o
                0x0000000020000000                BackgroundColor
 .data.GrayColor
                0x0000000020000004        0x4 ./Core/Src/main.o
                0x0000000020000004                GrayColor
 .data.GreenColor
                0x0000000020000008        0x4 ./Core/Src/main.o
                0x0000000020000008                GreenColor
 .data.RasrPointerColor
                0x000000002000000c        0x4 ./Core/Src/main.o
                0x000000002000000c                RasrPointerColor
 .data.RedColor
                0x0000000020000010        0x4 ./Core/Src/main.o
                0x0000000020000010                RedColor
 .data.SelectionColor
                0x0000000020000014        0x4 ./Core/Src/main.o
                0x0000000020000014                SelectionColor
 .data.screen   0x0000000020000018        0x1 ./Core/Src/main.o
                0x0000000020000018                screen
 .data.screen_mirror
                0x0000000020000019        0x1 ./Core/Src/main.o
                0x0000000020000019                screen_mirror
 .data.screen_save
                0x000000002000001a        0x1 ./Core/Src/stm32f4xx_it.o
                0x000000002000001a                screen_save
 *fill*         0x000000002000001b        0x1 
 .data.SystemCoreClock
                0x000000002000001c        0x4 ./Core/Src/system_stm32f4xx.o
                0x000000002000001c                SystemCoreClock
 .data.uwTickFreq
                0x0000000020000020        0x1 ./Drivers/STM32F4xx_HAL_Driver/Src/stm32f4xx_hal.o
                0x0000000020000020                uwTickFreq
 *fill*         0x0000000020000021        0x3 
 .data.uwTickPrio
                0x0000000020000024        0x4 ./Drivers/STM32F4xx_HAL_Driver/Src/stm32f4xx_hal.o
                0x0000000020000024                uwTickPrio
 .data._impure_data
                0x0000000020000028       0x4c C:/ST/STM32CubeIDE_1.13.2/STM32CubeIDE/plugins/com.st.stm32cube.ide.mcu.externaltools.gnu-tools-for-stm32.11.3.rel1.win32_1.1.1.202309131626/tools/bin/../lib/gcc/arm-none-eabi/11.3.1/../../../../arm-none-eabi/lib/thumb/v7e-m+fp/hard\libc_nano.a(libc_a-impure.o)
                0x0000000020000028                _impure_data
 .data._impure_ptr
                0x0000000020000074        0x4 C:/ST/STM32CubeIDE_1.13.2/STM32CubeIDE/plugins/com.st.stm32cube.ide.mcu.externaltools.gnu-tools-for-stm32.11.3.rel1.win32_1.1.1.202309131626/tools/bin/../lib/gcc/arm-none-eabi/11.3.1/../../../../arm-none-eabi/lib/thumb/v7e-m+fp/hard\libc_nano.a(libc_a-impure.o)
                0x0000000020000074                _impure_ptr
 .data.one      0x0000000020000078        0x8 C:/ST/STM32CubeIDE_1.13.2/STM32CubeIDE/plugins/com.st.stm32cube.ide.mcu.externaltools.gnu-tools-for-stm32.11.3.rel1.win32_1.1.1.202309131626/tools/bin/../lib/gcc/arm-none-eabi/11.3.1/../../../../arm-none-eabi/lib/thumb/v7e-m+fp/hard\libm.a(libm_a-e_sqrt.o)
 .data.tiny     0x0000000020000080        0x8 C:/ST/STM32CubeIDE_1.13.2/STM32CubeIDE/plugins/com.st.stm32cube.ide.mcu.externaltools.gnu-tools-for-stm32.11.3.rel1.win32_1.1.1.202309131626/tools/bin/../lib/gcc/arm-none-eabi/11.3.1/../../../../arm-none-eabi/lib/thumb/v7e-m+fp/hard\libm.a(libm_a-e_sqrt.o)
 *(.RamFunc)
 *(.RamFunc*)
                0x0000000020000088                . = ALIGN (0x4)
                0x0000000020000088                _edata = .
                0x000000000800e048                _siccmram = LOADADDR (.ccmram)

.igot.plt       0x0000000020000088        0x0 load address 0x000000000800e048
 .igot.plt      0x0000000020000088        0x0 C:/ST/STM32CubeIDE_1.13.2/STM32CubeIDE/plugins/com.st.stm32cube.ide.mcu.externaltools.gnu-tools-for-stm32.11.3.rel1.win32_1.1.1.202309131626/tools/bin/../lib/gcc/arm-none-eabi/11.3.1/thumb/v7e-m+fp/hard/crtbegin.o

.ccmram         0x0000000010000000        0x0 load address 0x000000000800e048
                0x0000000010000000                . = ALIGN (0x4)
                0x0000000010000000                _sccmram = .
 *(.ccmram)
 *(.ccmram*)
                0x0000000010000000                . = ALIGN (0x4)
                0x0000000010000000                _eccmram = .
                0x0000000010000000                . = ALIGN (0x4)

.bss            0x0000000020000088      0xc80
                0x0000000020000088                _sbss = .
                0x0000000020000088                __bss_start__ = _sbss
 *(.bss)
 .bss           0x0000000020000088       0x1c C:/ST/STM32CubeIDE_1.13.2/STM32CubeIDE/plugins/com.st.stm32cube.ide.mcu.externaltools.gnu-tools-for-stm32.11.3.rel1.win32_1.1.1.202309131626/tools/bin/../lib/gcc/arm-none-eabi/11.3.1/thumb/v7e-m+fp/hard/crtbegin.o
 *(.bss*)
 .bss.FonColor  0x00000000200000a4       0x50 ./Core/Src/Screens.o
                0x00000000200000a4                FonColor
 .bss.Press_maslo
                0x00000000200000f4        0x2 ./Core/Src/Screens.o
                0x00000000200000f4                Press_maslo
 .bss.Press_napor
                0x00000000200000f6        0x2 ./Core/Src/Screens.o
                0x00000000200000f6                Press_napor
 .bss.Temp_maslo
                0x00000000200000f8        0x2 ./Core/Src/Screens.o
                0x00000000200000f8                Temp_maslo
 .bss.Work_regim_zaliv_1
                0x00000000200000fa        0x3 ./Core/Src/Screens.o
                0x00000000200000fa                Work_regim_zaliv_1
 .bss.bimetal   0x00000000200000fd        0x1 ./Core/Src/Screens.o
                0x00000000200000fd                bimetal
 .bss.engine_state
                0x00000000200000fe        0x1 ./Core/Src/Screens.o
                0x00000000200000fe                engine_state
 *fill*         0x00000000200000ff        0x1 
 .bss.motoclock
                0x0000000020000100        0x4 ./Core/Src/Screens.o
                0x0000000020000100                motoclock
 .bss.unload    0x0000000020000104        0x1 ./Core/Src/Screens.o
                0x0000000020000104                unload
 *fill*         0x0000000020000105        0x1 
 .bss.ALG_DB    0x0000000020000106       0x1e ./Core/Src/main.o
                0x0000000020000106                ALG_DB
 .bss.BUV_RT_VALS
                0x0000000020000124       0xac ./Core/Src/main.o
                0x0000000020000124                BUV_RT_VALS
 .bss.BUV_settings
                0x00000000200001d0       0x30 ./Core/Src/main.o
                0x00000000200001d0                BUV_settings
 .bss.BUV_settings_global
                0x0000000020000200       0x30 ./Core/Src/main.o
                0x0000000020000200                BUV_settings_global
 .bss.BasicSymbolColor
                0x0000000020000230        0x4 ./Core/Src/main.o
                0x0000000020000230                BasicSymbolColor
 .bss.Control_DB
                0x0000000020000234       0x14 ./Core/Src/main.o
                0x0000000020000234                Control_DB
 .bss.PWM_launch
                0x0000000020000248        0x1 ./Core/Src/main.o
                0x0000000020000248                PWM_launch
 *fill*         0x0000000020000249        0x3 
 .bss.Page      0x000000002000024c       0x74 ./Core/Src/main.o
                0x000000002000024c                Page
 .bss.PassW_block
                0x00000000200002c0       0x14 ./Core/Src/main.o
                0x00000000200002c0                PassW_block
 .bss.Settings_DB
                0x00000000200002d4       0x1c ./Core/Src/main.o
                0x00000000200002d4                Settings_DB
 .bss.Slave_1   0x00000000200002f0      0x618 ./Core/Src/main.o
                0x00000000200002f0                Slave_1
 .bss.brightness_clav
                0x0000000020000908        0x4 ./Core/Src/main.o
                0x0000000020000908                brightness_clav
 .bss.brightness_disp
                0x000000002000090c        0x4 ./Core/Src/main.o
                0x000000002000090c                brightness_disp
 .bss.command   0x0000000020000910       0x10 ./Core/Src/main.o
                0x0000000020000910                command
 .bss.flash_i   0x0000000020000920        0x4 ./Core/Src/main.o
                0x0000000020000920                flash_i
 .bss.hdma2d    0x0000000020000924       0x40 ./Core/Src/main.o
                0x0000000020000924                hdma2d
 .bss.hltdc     0x0000000020000964       0xa8 ./Core/Src/main.o
                0x0000000020000964                hltdc
 .bss.hsdram1   0x0000000020000a0c       0x34 ./Core/Src/main.o
                0x0000000020000a0c                hsdram1
 .bss.hspi1     0x0000000020000a40       0x58 ./Core/Src/main.o
                0x0000000020000a40                hspi1
 .bss.htim4     0x0000000020000a98       0x48 ./Core/Src/main.o
                0x0000000020000a98                htim4
 .bss.htim5     0x0000000020000ae0       0x48 ./Core/Src/main.o
                0x0000000020000ae0                htim5
 .bss.huart7    0x0000000020000b28       0x44 ./Core/Src/main.o
                0x0000000020000b28                huart7
 .bss.screen_event
                0x0000000020000b6c        0x1 ./Core/Src/main.o
                0x0000000020000b6c                screen_event
 *fill*         0x0000000020000b6d        0x3 
 .bss.FMC_Initialized
                0x0000000020000b70        0x4 ./Core/Src/stm32f4xx_hal_msp.o
 .bss.KeysFlash
                0x0000000020000b74       0x10 ./Core/Src/stm32f4xx_it.o
                0x0000000020000b74                KeysFlash
 .bss.KeysMirror
                0x0000000020000b84       0x10 ./Core/Src/stm32f4xx_it.o
                0x0000000020000b84                KeysMirror
 .bss.KeysRetain
                0x0000000020000b94       0x10 ./Core/Src/stm32f4xx_it.o
                0x0000000020000b94                KeysRetain
 .bss.timer_1   0x0000000020000ba4        0x4 ./Core/Src/stm32f4xx_it.o
                0x0000000020000ba4                timer_1
 .bss.timer_2   0x0000000020000ba8        0x4 ./Core/Src/stm32f4xx_it.o
                0x0000000020000ba8                timer_2
 .bss.uwTick    0x0000000020000bac        0x4 ./Drivers/STM32F4xx_HAL_Driver/Src/stm32f4xx_hal.o
                0x0000000020000bac                uwTick
 .bss.pFlash    0x0000000020000bb0       0x20 ./Drivers/STM32F4xx_HAL_Driver/Src/stm32f4xx_hal_flash.o
                0x0000000020000bb0                pFlash
 .bss.__sf      0x0000000020000bd0      0x138 C:/ST/STM32CubeIDE_1.13.2/STM32CubeIDE/plugins/com.st.stm32cube.ide.mcu.externaltools.gnu-tools-for-stm32.11.3.rel1.win32_1.1.1.202309131626/tools/bin/../lib/gcc/arm-none-eabi/11.3.1/../../../../arm-none-eabi/lib/thumb/v7e-m+fp/hard\libc_nano.a(libc_a-findfp.o)
                0x0000000020000bd0                __sf
 *(COMMON)
                0x0000000020000d08                . = ALIGN (0x4)
                0x0000000020000d08                _ebss = .
                0x0000000020000d08                __bss_end__ = _ebss

._user_heap_stack
                0x0000000020000d08      0x600
                0x0000000020000d08                . = ALIGN (0x8)
                [!provide]                        PROVIDE (end = .)
                0x0000000020000d08                PROVIDE (_end = .)
                0x0000000020000f08                . = (. + _Min_Heap_Size)
 *fill*         0x0000000020000d08      0x200 
                0x0000000020001308                . = (. + _Min_Stack_Size)
 *fill*         0x0000000020000f08      0x400 
                0x0000000020001308                . = ALIGN (0x8)

/DISCARD/
 libc.a(*)
 libm.a(*)
 libgcc.a(*)

.ARM.attributes
                0x0000000000000000       0x30
 *(.ARM.attributes)
 .ARM.attributes
                0x0000000000000000       0x1e C:/ST/STM32CubeIDE_1.13.2/STM32CubeIDE/plugins/com.st.stm32cube.ide.mcu.externaltools.gnu-tools-for-stm32.11.3.rel1.win32_1.1.1.202309131626/tools/bin/../lib/gcc/arm-none-eabi/11.3.1/thumb/v7e-m+fp/hard/crti.o
 .ARM.attributes
                0x000000000000001e       0x34 C:/ST/STM32CubeIDE_1.13.2/STM32CubeIDE/plugins/com.st.stm32cube.ide.mcu.externaltools.gnu-tools-for-stm32.11.3.rel1.win32_1.1.1.202309131626/tools/bin/../lib/gcc/arm-none-eabi/11.3.1/thumb/v7e-m+fp/hard/crtbegin.o
 .ARM.attributes
                0x0000000000000052       0x34 ./Core/Src/MB_Slave_Lib.o
 .ARM.attributes
                0x0000000000000086       0x34 ./Core/Src/Screens.o
 .ARM.attributes
                0x00000000000000ba       0x34 ./Core/Src/algorithm_handler.o
 .ARM.attributes
                0x00000000000000ee       0x34 ./Core/Src/main.o
 .ARM.attributes
                0x0000000000000122       0x34 ./Core/Src/stm32f4xx_hal_msp.o
 .ARM.attributes
                0x0000000000000156       0x34 ./Core/Src/stm32f4xx_it.o
 .ARM.attributes
                0x000000000000018a       0x34 ./Core/Src/system_stm32f4xx.o
 .ARM.attributes
                0x00000000000001be       0x21 ./Core/Startup/startup_stm32f429bitx.o
 .ARM.attributes
                0x00000000000001df       0x34 ./Core/font/Font_Processor.o
 .ARM.attributes
                0x0000000000000213       0x34 ./Core/font/Graphic.o
 .ARM.attributes
                0x0000000000000247       0x34 ./Core/font/font_RU_18x27.o
 .ARM.attributes
                0x000000000000027b       0x34 ./Core/font/ub_font_arial_11x18.o
 .ARM.attributes
                0x00000000000002af       0x34 ./Core/font/ub_font_arial_16x25.o
 .ARM.attributes
                0x00000000000002e3       0x34 ./Drivers/STM32F4xx_HAL_Driver/Src/stm32f4xx_hal.o
 .ARM.attributes
                0x0000000000000317       0x34 ./Drivers/STM32F4xx_HAL_Driver/Src/stm32f4xx_hal_cortex.o
 .ARM.attributes
                0x000000000000034b       0x34 ./Drivers/STM32F4xx_HAL_Driver/Src/stm32f4xx_hal_dma.o
 .ARM.attributes
                0x000000000000037f       0x34 ./Drivers/STM32F4xx_HAL_Driver/Src/stm32f4xx_hal_dma2d.o
 .ARM.attributes
                0x00000000000003b3       0x34 ./Drivers/STM32F4xx_HAL_Driver/Src/stm32f4xx_hal_flash.o
 .ARM.attributes
                0x00000000000003e7       0x34 ./Drivers/STM32F4xx_HAL_Driver/Src/stm32f4xx_hal_flash_ex.o
 .ARM.attributes
                0x000000000000041b       0x34 ./Drivers/STM32F4xx_HAL_Driver/Src/stm32f4xx_hal_gpio.o
 .ARM.attributes
                0x000000000000044f       0x34 ./Drivers/STM32F4xx_HAL_Driver/Src/stm32f4xx_hal_ltdc.o
 .ARM.attributes
                0x0000000000000483       0x34 ./Drivers/STM32F4xx_HAL_Driver/Src/stm32f4xx_hal_pwr_ex.o
 .ARM.attributes
                0x00000000000004b7       0x34 ./Drivers/STM32F4xx_HAL_Driver/Src/stm32f4xx_hal_rcc.o
 .ARM.attributes
                0x00000000000004eb       0x34 ./Drivers/STM32F4xx_HAL_Driver/Src/stm32f4xx_hal_rcc_ex.o
 .ARM.attributes
                0x000000000000051f       0x34 ./Drivers/STM32F4xx_HAL_Driver/Src/stm32f4xx_hal_sdram.o
 .ARM.attributes
                0x0000000000000553       0x34 ./Drivers/STM32F4xx_HAL_Driver/Src/stm32f4xx_hal_spi.o
 .ARM.attributes
                0x0000000000000587       0x34 ./Drivers/STM32F4xx_HAL_Driver/Src/stm32f4xx_hal_tim.o
 .ARM.attributes
                0x00000000000005bb       0x34 ./Drivers/STM32F4xx_HAL_Driver/Src/stm32f4xx_hal_tim_ex.o
 .ARM.attributes
                0x00000000000005ef       0x34 ./Drivers/STM32F4xx_HAL_Driver/Src/stm32f4xx_hal_uart.o
 .ARM.attributes
                0x0000000000000623       0x34 ./Drivers/STM32F4xx_HAL_Driver/Src/stm32f4xx_ll_fmc.o
 .ARM.attributes
                0x0000000000000657       0x34 C:/ST/STM32CubeIDE_1.13.2/STM32CubeIDE/plugins/com.st.stm32cube.ide.mcu.externaltools.gnu-tools-for-stm32.11.3.rel1.win32_1.1.1.202309131626/tools/bin/../lib/gcc/arm-none-eabi/11.3.1/../../../../arm-none-eabi/lib/thumb/v7e-m+fp/hard\libc_nano.a(libc_a-itoa.o)
 .ARM.attributes
                0x000000000000068b       0x34 C:/ST/STM32CubeIDE_1.13.2/STM32CubeIDE/plugins/com.st.stm32cube.ide.mcu.externaltools.gnu-tools-for-stm32.11.3.rel1.win32_1.1.1.202309131626/tools/bin/../lib/gcc/arm-none-eabi/11.3.1/../../../../arm-none-eabi/lib/thumb/v7e-m+fp/hard\libc_nano.a(libc_a-utoa.o)
 .ARM.attributes
                0x00000000000006bf       0x34 C:/ST/STM32CubeIDE_1.13.2/STM32CubeIDE/plugins/com.st.stm32cube.ide.mcu.externaltools.gnu-tools-for-stm32.11.3.rel1.win32_1.1.1.202309131626/tools/bin/../lib/gcc/arm-none-eabi/11.3.1/../../../../arm-none-eabi/lib/thumb/v7e-m+fp/hard\libc_nano.a(libc_a-findfp.o)
 .ARM.attributes
                0x00000000000006f3       0x34 C:/ST/STM32CubeIDE_1.13.2/STM32CubeIDE/plugins/com.st.stm32cube.ide.mcu.externaltools.gnu-tools-for-stm32.11.3.rel1.win32_1.1.1.202309131626/tools/bin/../lib/gcc/arm-none-eabi/11.3.1/../../../../arm-none-eabi/lib/thumb/v7e-m+fp/hard\libc_nano.a(libc_a-memmove.o)
 .ARM.attributes
                0x0000000000000727       0x34 C:/ST/STM32CubeIDE_1.13.2/STM32CubeIDE/plugins/com.st.stm32cube.ide.mcu.externaltools.gnu-tools-for-stm32.11.3.rel1.win32_1.1.1.202309131626/tools/bin/../lib/gcc/arm-none-eabi/11.3.1/../../../../arm-none-eabi/lib/thumb/v7e-m+fp/hard\libc_nano.a(libc_a-memset.o)
 .ARM.attributes
                0x000000000000075b       0x34 C:/ST/STM32CubeIDE_1.13.2/STM32CubeIDE/plugins/com.st.stm32cube.ide.mcu.externaltools.gnu-tools-for-stm32.11.3.rel1.win32_1.1.1.202309131626/tools/bin/../lib/gcc/arm-none-eabi/11.3.1/../../../../arm-none-eabi/lib/thumb/v7e-m+fp/hard\libc_nano.a(libc_a-impure.o)
 .ARM.attributes
                0x000000000000078f       0x34 C:/ST/STM32CubeIDE_1.13.2/STM32CubeIDE/plugins/com.st.stm32cube.ide.mcu.externaltools.gnu-tools-for-stm32.11.3.rel1.win32_1.1.1.202309131626/tools/bin/../lib/gcc/arm-none-eabi/11.3.1/../../../../arm-none-eabi/lib/thumb/v7e-m+fp/hard\libc_nano.a(libc_a-errno.o)
 .ARM.attributes
                0x00000000000007c3       0x34 C:/ST/STM32CubeIDE_1.13.2/STM32CubeIDE/plugins/com.st.stm32cube.ide.mcu.externaltools.gnu-tools-for-stm32.11.3.rel1.win32_1.1.1.202309131626/tools/bin/../lib/gcc/arm-none-eabi/11.3.1/../../../../arm-none-eabi/lib/thumb/v7e-m+fp/hard\libc_nano.a(libc_a-init.o)
 .ARM.attributes
                0x00000000000007f7       0x34 C:/ST/STM32CubeIDE_1.13.2/STM32CubeIDE/plugins/com.st.stm32cube.ide.mcu.externaltools.gnu-tools-for-stm32.11.3.rel1.win32_1.1.1.202309131626/tools/bin/../lib/gcc/arm-none-eabi/11.3.1/../../../../arm-none-eabi/lib/thumb/v7e-m+fp/hard\libm.a(libm_a-w_pow.o)
 .ARM.attributes
                0x000000000000082b       0x34 C:/ST/STM32CubeIDE_1.13.2/STM32CubeIDE/plugins/com.st.stm32cube.ide.mcu.externaltools.gnu-tools-for-stm32.11.3.rel1.win32_1.1.1.202309131626/tools/bin/../lib/gcc/arm-none-eabi/11.3.1/../../../../arm-none-eabi/lib/thumb/v7e-m+fp/hard\libm.a(libm_a-s_finite.o)
 .ARM.attributes
                0x000000000000085f       0x34 C:/ST/STM32CubeIDE_1.13.2/STM32CubeIDE/plugins/com.st.stm32cube.ide.mcu.externaltools.gnu-tools-for-stm32.11.3.rel1.win32_1.1.1.202309131626/tools/bin/../lib/gcc/arm-none-eabi/11.3.1/../../../../arm-none-eabi/lib/thumb/v7e-m+fp/hard\libm.a(libm_a-e_pow.o)
 .ARM.attributes
                0x0000000000000893       0x34 C:/ST/STM32CubeIDE_1.13.2/STM32CubeIDE/plugins/com.st.stm32cube.ide.mcu.externaltools.gnu-tools-for-stm32.11.3.rel1.win32_1.1.1.202309131626/tools/bin/../lib/gcc/arm-none-eabi/11.3.1/../../../../arm-none-eabi/lib/thumb/v7e-m+fp/hard\libm.a(libm_a-s_fabs.o)
 .ARM.attributes
                0x00000000000008c7       0x34 C:/ST/STM32CubeIDE_1.13.2/STM32CubeIDE/plugins/com.st.stm32cube.ide.mcu.externaltools.gnu-tools-for-stm32.11.3.rel1.win32_1.1.1.202309131626/tools/bin/../lib/gcc/arm-none-eabi/11.3.1/../../../../arm-none-eabi/lib/thumb/v7e-m+fp/hard\libm.a(libm_a-s_scalbn.o)
 .ARM.attributes
                0x00000000000008fb       0x34 C:/ST/STM32CubeIDE_1.13.2/STM32CubeIDE/plugins/com.st.stm32cube.ide.mcu.externaltools.gnu-tools-for-stm32.11.3.rel1.win32_1.1.1.202309131626/tools/bin/../lib/gcc/arm-none-eabi/11.3.1/../../../../arm-none-eabi/lib/thumb/v7e-m+fp/hard\libm.a(libm_a-math_err.o)
 .ARM.attributes
                0x000000000000092f       0x34 C:/ST/STM32CubeIDE_1.13.2/STM32CubeIDE/plugins/com.st.stm32cube.ide.mcu.externaltools.gnu-tools-for-stm32.11.3.rel1.win32_1.1.1.202309131626/tools/bin/../lib/gcc/arm-none-eabi/11.3.1/../../../../arm-none-eabi/lib/thumb/v7e-m+fp/hard\libm.a(libm_a-e_sqrt.o)
 .ARM.attributes
                0x0000000000000963       0x1e C:/ST/STM32CubeIDE_1.13.2/STM32CubeIDE/plugins/com.st.stm32cube.ide.mcu.externaltools.gnu-tools-for-stm32.11.3.rel1.win32_1.1.1.202309131626/tools/bin/../lib/gcc/arm-none-eabi/11.3.1/thumb/v7e-m+fp/hard\libgcc.a(_arm_addsubdf3.o)
 .ARM.attributes
                0x0000000000000981       0x1e C:/ST/STM32CubeIDE_1.13.2/STM32CubeIDE/plugins/com.st.stm32cube.ide.mcu.externaltools.gnu-tools-for-stm32.11.3.rel1.win32_1.1.1.202309131626/tools/bin/../lib/gcc/arm-none-eabi/11.3.1/thumb/v7e-m+fp/hard\libgcc.a(_arm_muldivdf3.o)
 .ARM.attributes
                0x000000000000099f       0x1e C:/ST/STM32CubeIDE_1.13.2/STM32CubeIDE/plugins/com.st.stm32cube.ide.mcu.externaltools.gnu-tools-for-stm32.11.3.rel1.win32_1.1.1.202309131626/tools/bin/../lib/gcc/arm-none-eabi/11.3.1/thumb/v7e-m+fp/hard\libgcc.a(_arm_cmpdf2.o)
 .ARM.attributes
                0x00000000000009bd       0x1e C:/ST/STM32CubeIDE_1.13.2/STM32CubeIDE/plugins/com.st.stm32cube.ide.mcu.externaltools.gnu-tools-for-stm32.11.3.rel1.win32_1.1.1.202309131626/tools/bin/../lib/gcc/arm-none-eabi/11.3.1/thumb/v7e-m+fp/hard\libgcc.a(_arm_unorddf2.o)
 .ARM.attributes
                0x00000000000009db       0x1e C:/ST/STM32CubeIDE_1.13.2/STM32CubeIDE/plugins/com.st.stm32cube.ide.mcu.externaltools.gnu-tools-for-stm32.11.3.rel1.win32_1.1.1.202309131626/tools/bin/../lib/gcc/arm-none-eabi/11.3.1/thumb/v7e-m+fp/hard\libgcc.a(_arm_fixdfsi.o)
 .ARM.attributes
                0x00000000000009f9       0x1e C:/ST/STM32CubeIDE_1.13.2/STM32CubeIDE/plugins/com.st.stm32cube.ide.mcu.externaltools.gnu-tools-for-stm32.11.3.rel1.win32_1.1.1.202309131626/tools/bin/../lib/gcc/arm-none-eabi/11.3.1/thumb/v7e-m+fp/hard\libgcc.a(_aeabi_uldivmod.o)
 .ARM.attributes
                0x0000000000000a17       0x34 C:/ST/STM32CubeIDE_1.13.2/STM32CubeIDE/plugins/com.st.stm32cube.ide.mcu.externaltools.gnu-tools-for-stm32.11.3.rel1.win32_1.1.1.202309131626/tools/bin/../lib/gcc/arm-none-eabi/11.3.1/thumb/v7e-m+fp/hard\libgcc.a(_udivmoddi4.o)
 .ARM.attributes
                0x0000000000000a4b       0x1e C:/ST/STM32CubeIDE_1.13.2/STM32CubeIDE/plugins/com.st.stm32cube.ide.mcu.externaltools.gnu-tools-for-stm32.11.3.rel1.win32_1.1.1.202309131626/tools/bin/../lib/gcc/arm-none-eabi/11.3.1/thumb/v7e-m+fp/hard\libgcc.a(_dvmd_tls.o)
 .ARM.attributes
                0x0000000000000a69       0x1e C:/ST/STM32CubeIDE_1.13.2/STM32CubeIDE/plugins/com.st.stm32cube.ide.mcu.externaltools.gnu-tools-for-stm32.11.3.rel1.win32_1.1.1.202309131626/tools/bin/../lib/gcc/arm-none-eabi/11.3.1/thumb/v7e-m+fp/hard/crtn.o
OUTPUT(BUV_panel.elf elf32-littlearm)
LOAD linker stubs
LOAD C:/ST/STM32CubeIDE_1.13.2/STM32CubeIDE/plugins/com.st.stm32cube.ide.mcu.externaltools.gnu-tools-for-stm32.11.3.rel1.win32_1.1.1.202309131626/tools/bin/../lib/gcc/arm-none-eabi/11.3.1/../../../../arm-none-eabi/lib/thumb/v7e-m+fp/hard\libc.a
LOAD C:/ST/STM32CubeIDE_1.13.2/STM32CubeIDE/plugins/com.st.stm32cube.ide.mcu.externaltools.gnu-tools-for-stm32.11.3.rel1.win32_1.1.1.202309131626/tools/bin/../lib/gcc/arm-none-eabi/11.3.1/../../../../arm-none-eabi/lib/thumb/v7e-m+fp/hard\libm.a
LOAD C:/ST/STM32CubeIDE_1.13.2/STM32CubeIDE/plugins/com.st.stm32cube.ide.mcu.externaltools.gnu-tools-for-stm32.11.3.rel1.win32_1.1.1.202309131626/tools/bin/../lib/gcc/arm-none-eabi/11.3.1/thumb/v7e-m+fp/hard\libgcc.a

.comment        0x0000000000000000       0x43
 .comment       0x0000000000000000       0x43 C:/ST/STM32CubeIDE_1.13.2/STM32CubeIDE/plugins/com.st.stm32cube.ide.mcu.externaltools.gnu-tools-for-stm32.11.3.rel1.win32_1.1.1.202309131626/tools/bin/../lib/gcc/arm-none-eabi/11.3.1/thumb/v7e-m+fp/hard/crtbegin.o
                                         0x44 (size before relaxing)
 .comment       0x0000000000000043       0x44 ./Core/Src/MB_Slave_Lib.o
 .comment       0x0000000000000043       0x44 ./Core/Src/Screens.o
 .comment       0x0000000000000043       0x44 ./Core/Src/algorithm_handler.o
 .comment       0x0000000000000043       0x44 ./Core/Src/main.o
 .comment       0x0000000000000043       0x44 ./Core/Src/stm32f4xx_hal_msp.o
 .comment       0x0000000000000043       0x44 ./Core/Src/stm32f4xx_it.o
 .comment       0x0000000000000043       0x44 ./Core/Src/system_stm32f4xx.o
 .comment       0x0000000000000043       0x44 ./Core/font/Font_Processor.o
 .comment       0x0000000000000043       0x44 ./Core/font/Graphic.o
 .comment       0x0000000000000043       0x44 ./Core/font/font_RU_18x27.o
 .comment       0x0000000000000043       0x44 ./Core/font/ub_font_arial_11x18.o
 .comment       0x0000000000000043       0x44 ./Core/font/ub_font_arial_16x25.o
 .comment       0x0000000000000043       0x44 ./Drivers/STM32F4xx_HAL_Driver/Src/stm32f4xx_hal.o
 .comment       0x0000000000000043       0x44 ./Drivers/STM32F4xx_HAL_Driver/Src/stm32f4xx_hal_cortex.o
 .comment       0x0000000000000043       0x44 ./Drivers/STM32F4xx_HAL_Driver/Src/stm32f4xx_hal_dma.o
 .comment       0x0000000000000043       0x44 ./Drivers/STM32F4xx_HAL_Driver/Src/stm32f4xx_hal_dma2d.o
 .comment       0x0000000000000043       0x44 ./Drivers/STM32F4xx_HAL_Driver/Src/stm32f4xx_hal_flash.o
 .comment       0x0000000000000043       0x44 ./Drivers/STM32F4xx_HAL_Driver/Src/stm32f4xx_hal_flash_ex.o
 .comment       0x0000000000000043       0x44 ./Drivers/STM32F4xx_HAL_Driver/Src/stm32f4xx_hal_gpio.o
 .comment       0x0000000000000043       0x44 ./Drivers/STM32F4xx_HAL_Driver/Src/stm32f4xx_hal_ltdc.o
 .comment       0x0000000000000043       0x44 ./Drivers/STM32F4xx_HAL_Driver/Src/stm32f4xx_hal_pwr_ex.o
 .comment       0x0000000000000043       0x44 ./Drivers/STM32F4xx_HAL_Driver/Src/stm32f4xx_hal_rcc.o
 .comment       0x0000000000000043       0x44 ./Drivers/STM32F4xx_HAL_Driver/Src/stm32f4xx_hal_rcc_ex.o
 .comment       0x0000000000000043       0x44 ./Drivers/STM32F4xx_HAL_Driver/Src/stm32f4xx_hal_sdram.o
 .comment       0x0000000000000043       0x44 ./Drivers/STM32F4xx_HAL_Driver/Src/stm32f4xx_hal_spi.o
 .comment       0x0000000000000043       0x44 ./Drivers/STM32F4xx_HAL_Driver/Src/stm32f4xx_hal_tim.o
 .comment       0x0000000000000043       0x44 ./Drivers/STM32F4xx_HAL_Driver/Src/stm32f4xx_hal_tim_ex.o
 .comment       0x0000000000000043       0x44 ./Drivers/STM32F4xx_HAL_Driver/Src/stm32f4xx_hal_uart.o
 .comment       0x0000000000000043       0x44 ./Drivers/STM32F4xx_HAL_Driver/Src/stm32f4xx_ll_fmc.o

.debug_frame    0x0000000000000000      0x784
 .debug_frame   0x0000000000000000       0x38 C:/ST/STM32CubeIDE_1.13.2/STM32CubeIDE/plugins/com.st.stm32cube.ide.mcu.externaltools.gnu-tools-for-stm32.11.3.rel1.win32_1.1.1.202309131626/tools/bin/../lib/gcc/arm-none-eabi/11.3.1/../../../../arm-none-eabi/lib/thumb/v7e-m+fp/hard\libc_nano.a(libc_a-itoa.o)
 .debug_frame   0x0000000000000038       0x48 C:/ST/STM32CubeIDE_1.13.2/STM32CubeIDE/plugins/com.st.stm32cube.ide.mcu.externaltools.gnu-tools-for-stm32.11.3.rel1.win32_1.1.1.202309131626/tools/bin/../lib/gcc/arm-none-eabi/11.3.1/../../../../arm-none-eabi/lib/thumb/v7e-m+fp/hard\libc_nano.a(libc_a-utoa.o)
 .debug_frame   0x0000000000000080      0x144 C:/ST/STM32CubeIDE_1.13.2/STM32CubeIDE/plugins/com.st.stm32cube.ide.mcu.externaltools.gnu-tools-for-stm32.11.3.rel1.win32_1.1.1.202309131626/tools/bin/../lib/gcc/arm-none-eabi/11.3.1/../../../../arm-none-eabi/lib/thumb/v7e-m+fp/hard\libc_nano.a(libc_a-findfp.o)
 .debug_frame   0x00000000000001c4       0x28 C:/ST/STM32CubeIDE_1.13.2/STM32CubeIDE/plugins/com.st.stm32cube.ide.mcu.externaltools.gnu-tools-for-stm32.11.3.rel1.win32_1.1.1.202309131626/tools/bin/../lib/gcc/arm-none-eabi/11.3.1/../../../../arm-none-eabi/lib/thumb/v7e-m+fp/hard\libc_nano.a(libc_a-memmove.o)
 .debug_frame   0x00000000000001ec       0x20 C:/ST/STM32CubeIDE_1.13.2/STM32CubeIDE/plugins/com.st.stm32cube.ide.mcu.externaltools.gnu-tools-for-stm32.11.3.rel1.win32_1.1.1.202309131626/tools/bin/../lib/gcc/arm-none-eabi/11.3.1/../../../../arm-none-eabi/lib/thumb/v7e-m+fp/hard\libc_nano.a(libc_a-memset.o)
 .debug_frame   0x000000000000020c       0x20 C:/ST/STM32CubeIDE_1.13.2/STM32CubeIDE/plugins/com.st.stm32cube.ide.mcu.externaltools.gnu-tools-for-stm32.11.3.rel1.win32_1.1.1.202309131626/tools/bin/../lib/gcc/arm-none-eabi/11.3.1/../../../../arm-none-eabi/lib/thumb/v7e-m+fp/hard\libc_nano.a(libc_a-errno.o)
 .debug_frame   0x000000000000022c       0x2c C:/ST/STM32CubeIDE_1.13.2/STM32CubeIDE/plugins/com.st.stm32cube.ide.mcu.externaltools.gnu-tools-for-stm32.11.3.rel1.win32_1.1.1.202309131626/tools/bin/../lib/gcc/arm-none-eabi/11.3.1/../../../../arm-none-eabi/lib/thumb/v7e-m+fp/hard\libc_nano.a(libc_a-init.o)
 .debug_frame   0x0000000000000258       0x44 C:/ST/STM32CubeIDE_1.13.2/STM32CubeIDE/plugins/com.st.stm32cube.ide.mcu.externaltools.gnu-tools-for-stm32.11.3.rel1.win32_1.1.1.202309131626/tools/bin/../lib/gcc/arm-none-eabi/11.3.1/../../../../arm-none-eabi/lib/thumb/v7e-m+fp/hard\libm.a(libm_a-w_pow.o)
 .debug_frame   0x000000000000029c       0x28 C:/ST/STM32CubeIDE_1.13.2/STM32CubeIDE/plugins/com.st.stm32cube.ide.mcu.externaltools.gnu-tools-for-stm32.11.3.rel1.win32_1.1.1.202309131626/tools/bin/../lib/gcc/arm-none-eabi/11.3.1/../../../../arm-none-eabi/lib/thumb/v7e-m+fp/hard\libm.a(libm_a-s_finite.o)
 .debug_frame   0x00000000000002c4       0xc8 C:/ST/STM32CubeIDE_1.13.2/STM32CubeIDE/plugins/com.st.stm32cube.ide.mcu.externaltools.gnu-tools-for-stm32.11.3.rel1.win32_1.1.1.202309131626/tools/bin/../lib/gcc/arm-none-eabi/11.3.1/../../../../arm-none-eabi/lib/thumb/v7e-m+fp/hard\libm.a(libm_a-e_pow.o)
 .debug_frame   0x000000000000038c       0x20 C:/ST/STM32CubeIDE_1.13.2/STM32CubeIDE/plugins/com.st.stm32cube.ide.mcu.externaltools.gnu-tools-for-stm32.11.3.rel1.win32_1.1.1.202309131626/tools/bin/../lib/gcc/arm-none-eabi/11.3.1/../../../../arm-none-eabi/lib/thumb/v7e-m+fp/hard\libm.a(libm_a-s_fabs.o)
 .debug_frame   0x00000000000003ac       0x2c C:/ST/STM32CubeIDE_1.13.2/STM32CubeIDE/plugins/com.st.stm32cube.ide.mcu.externaltools.gnu-tools-for-stm32.11.3.rel1.win32_1.1.1.202309131626/tools/bin/../lib/gcc/arm-none-eabi/11.3.1/../../../../arm-none-eabi/lib/thumb/v7e-m+fp/hard\libm.a(libm_a-s_scalbn.o)
 .debug_frame   0x00000000000003d8      0x110 C:/ST/STM32CubeIDE_1.13.2/STM32CubeIDE/plugins/com.st.stm32cube.ide.mcu.externaltools.gnu-tools-for-stm32.11.3.rel1.win32_1.1.1.202309131626/tools/bin/../lib/gcc/arm-none-eabi/11.3.1/../../../../arm-none-eabi/lib/thumb/v7e-m+fp/hard\libm.a(libm_a-math_err.o)
 .debug_frame   0x00000000000004e8       0x38 C:/ST/STM32CubeIDE_1.13.2/STM32CubeIDE/plugins/com.st.stm32cube.ide.mcu.externaltools.gnu-tools-for-stm32.11.3.rel1.win32_1.1.1.202309131626/tools/bin/../lib/gcc/arm-none-eabi/11.3.1/../../../../arm-none-eabi/lib/thumb/v7e-m+fp/hard\libm.a(libm_a-e_sqrt.o)
 .debug_frame   0x0000000000000520       0xac C:/ST/STM32CubeIDE_1.13.2/STM32CubeIDE/plugins/com.st.stm32cube.ide.mcu.externaltools.gnu-tools-for-stm32.11.3.rel1.win32_1.1.1.202309131626/tools/bin/../lib/gcc/arm-none-eabi/11.3.1/thumb/v7e-m+fp/hard\libgcc.a(_arm_addsubdf3.o)
 .debug_frame   0x00000000000005cc       0x50 C:/ST/STM32CubeIDE_1.13.2/STM32CubeIDE/plugins/com.st.stm32cube.ide.mcu.externaltools.gnu-tools-for-stm32.11.3.rel1.win32_1.1.1.202309131626/tools/bin/../lib/gcc/arm-none-eabi/11.3.1/thumb/v7e-m+fp/hard\libgcc.a(_arm_muldivdf3.o)
 .debug_frame   0x000000000000061c       0xc4 C:/ST/STM32CubeIDE_1.13.2/STM32CubeIDE/plugins/com.st.stm32cube.ide.mcu.externaltools.gnu-tools-for-stm32.11.3.rel1.win32_1.1.1.202309131626/tools/bin/../lib/gcc/arm-none-eabi/11.3.1/thumb/v7e-m+fp/hard\libgcc.a(_arm_cmpdf2.o)
 .debug_frame   0x00000000000006e0       0x20 C:/ST/STM32CubeIDE_1.13.2/STM32CubeIDE/plugins/com.st.stm32cube.ide.mcu.externaltools.gnu-tools-for-stm32.11.3.rel1.win32_1.1.1.202309131626/tools/bin/../lib/gcc/arm-none-eabi/11.3.1/thumb/v7e-m+fp/hard\libgcc.a(_arm_unorddf2.o)
 .debug_frame   0x0000000000000700       0x24 C:/ST/STM32CubeIDE_1.13.2/STM32CubeIDE/plugins/com.st.stm32cube.ide.mcu.externaltools.gnu-tools-for-stm32.11.3.rel1.win32_1.1.1.202309131626/tools/bin/../lib/gcc/arm-none-eabi/11.3.1/thumb/v7e-m+fp/hard\libgcc.a(_arm_fixdfsi.o)
 .debug_frame   0x0000000000000724       0x2c C:/ST/STM32CubeIDE_1.13.2/STM32CubeIDE/plugins/com.st.stm32cube.ide.mcu.externaltools.gnu-tools-for-stm32.11.3.rel1.win32_1.1.1.202309131626/tools/bin/../lib/gcc/arm-none-eabi/11.3.1/thumb/v7e-m+fp/hard\libgcc.a(_aeabi_uldivmod.o)
 .debug_frame   0x0000000000000750       0x34 C:/ST/STM32CubeIDE_1.13.2/STM32CubeIDE/plugins/com.st.stm32cube.ide.mcu.externaltools.gnu-tools-for-stm32.11.3.rel1.win32_1.1.1.202309131626/tools/bin/../lib/gcc/arm-none-eabi/11.3.1/thumb/v7e-m+fp/hard\libgcc.a(_udivmoddi4.o)
